2017-01-15 19:54:21	?	http://localhost:8888/?/	Error: 	Exception: SQLSTATE[HY000] [2002] Es konnte keine Verbindung hergestellt werden, da der Zielcomputer die Verbindung verweigerte.   (in D:\Dropbox\Mamp\websites\Schrabergschule\wire\core\ProcessWire.php line 370)
2017-01-22 12:54:20	guest	http://localhost:8888/Schrabergschule/	Parse Error: 	syntax error, unexpected '?>', expecting ':' (line 123 of /Users/lars/Dropbox (medo.check)/Privat/Mamp/websites/Schrabergschule/site/templates/_main.php)
2017-01-22 12:54:26	guest	http://localhost:8888/Schrabergschule/	Parse Error: 	syntax error, unexpected '?>', expecting ':' (line 123 of /Users/lars/Dropbox (medo.check)/Privat/Mamp/websites/Schrabergschule/site/templates/_main.php)
2017-01-22 13:28:15	admin	http://localhost:8888/Schrabergschule/	Fehler: 	Uncaught Error: Call to undefined function template() in /Users/lars/Dropbox (medo.check)/Privat/Mamp/websites/Schrabergschule/site/templates/_main.php:58 Stack trace: #0 /Users/lars/Dropbox (medo.check)/Privat/Mamp/websites/Schrabergschule/wire/core/TemplateFile.php(276): require() #1 [internal function]: ProcessWire\TemplateFile->___render() #2 /Users/lars/Dropbox (medo.check)/Privat/Mamp/websites/Schrabergschule/wire/core/Wire.php(374): call_user_func_array(Array, Array) #3 /Users/lars/Dropbox (medo.check)/Privat/Mamp/websites/Schrabergschule/wire/core/WireHooks.php(549): ProcessWire\Wire->_callMethod('___render', Array) #4 /Users/lars/Dropbox (medo.check)/Privat/Mamp/websites/Schrabergschule/wire/core/Wire.php(399): ProcessWire\WireHooks->runHooks(Object(ProcessWire\TemplateFile), 'render', Array) #5 /Users/lars/Dropbox (medo.check)/Privat/Mamp/websites/Schrabergschule/wire/modules/PageRender.module(514): ProcessWire\Wire->__call('render', Array) #6 [internal function]: ProcessWire\PageRender->___renderPa (Zeile 58 in /Users/lars/Dropbox (medo.check)/Privat/Mamp/websites/Schrabergschule/site/templates/_main.php)
2017-01-22 13:38:50	admin	http://localhost:8888/Schrabergschule/	Fehler: 	Uncaught Error: Call to undefined function child() in /Users/lars/Dropbox (medo.check)/Privat/Mamp/websites/Schrabergschule/site/templates/_main.php:93 Stack trace: #0 /Users/lars/Dropbox (medo.check)/Privat/Mamp/websites/Schrabergschule/wire/core/TemplateFile.php(276): require() #1 [internal function]: ProcessWire\TemplateFile->___render() #2 /Users/lars/Dropbox (medo.check)/Privat/Mamp/websites/Schrabergschule/wire/core/Wire.php(374): call_user_func_array(Array, Array) #3 /Users/lars/Dropbox (medo.check)/Privat/Mamp/websites/Schrabergschule/wire/core/WireHooks.php(549): ProcessWire\Wire->_callMethod('___render', Array) #4 /Users/lars/Dropbox (medo.check)/Privat/Mamp/websites/Schrabergschule/wire/core/Wire.php(399): ProcessWire\WireHooks->runHooks(Object(ProcessWire\TemplateFile), 'render', Array) #5 /Users/lars/Dropbox (medo.check)/Privat/Mamp/websites/Schrabergschule/wire/modules/PageRender.module(514): ProcessWire\Wire->__call('render', Array) #6 [internal function]: ProcessWire\PageRender->___renderPage( (Zeile 93 in /Users/lars/Dropbox (medo.check)/Privat/Mamp/websites/Schrabergschule/site/templates/_main.php)
2017-01-22 13:41:03	admin	http://localhost:8888/Schrabergschule/	Fehler: 	Uncaught Error: Call to a member function and() on null in /Users/lars/Dropbox (medo.check)/Privat/Mamp/websites/Schrabergschule/site/templates/_main.php:94 Stack trace: #0 /Users/lars/Dropbox (medo.check)/Privat/Mamp/websites/Schrabergschule/wire/core/TemplateFile.php(276): require() #1 [internal function]: ProcessWire\TemplateFile->___render() #2 /Users/lars/Dropbox (medo.check)/Privat/Mamp/websites/Schrabergschule/wire/core/Wire.php(374): call_user_func_array(Array, Array) #3 /Users/lars/Dropbox (medo.check)/Privat/Mamp/websites/Schrabergschule/wire/core/WireHooks.php(549): ProcessWire\Wire->_callMethod('___render', Array) #4 /Users/lars/Dropbox (medo.check)/Privat/Mamp/websites/Schrabergschule/wire/core/Wire.php(399): ProcessWire\WireHooks->runHooks(Object(ProcessWire\TemplateFile), 'render', Array) #5 /Users/lars/Dropbox (medo.check)/Privat/Mamp/websites/Schrabergschule/wire/modules/PageRender.module(514): ProcessWire\Wire->__call('render', Array) #6 [internal function]: ProcessWire\PageRender->___render (Zeile 94 in /Users/lars/Dropbox (medo.check)/Privat/Mamp/websites/Schrabergschule/site/templates/_main.php)
2017-01-22 15:43:23	admin	http://localhost:8888/Schrabergschule/unsere-schule/	Parser-Fehler: 	syntax error, unexpected '$page' (T_VARIABLE) (Zeile 6 in /Users/lars/Dropbox (medo.check)/Privat/Mamp/websites/Schrabergschule/site/templates/Bereich.php)
2017-01-22 15:43:30	admin	http://localhost:8888/Schrabergschule/unsere-schule/	Parser-Fehler: 	syntax error, unexpected '$page' (T_VARIABLE) (Zeile 6 in /Users/lars/Dropbox (medo.check)/Privat/Mamp/websites/Schrabergschule/site/templates/Bereich.php)
2017-01-22 15:43:32	admin	http://localhost:8888/Schrabergschule/unsere-schule/	Parser-Fehler: 	syntax error, unexpected '$page' (T_VARIABLE) (Zeile 6 in /Users/lars/Dropbox (medo.check)/Privat/Mamp/websites/Schrabergschule/site/templates/Bereich.php)
2017-01-22 15:43:44	admin	http://localhost:8888/Schrabergschule/unsere-schule/	Parser-Fehler: 	syntax error, unexpected '$page' (T_VARIABLE) (Zeile 6 in /Users/lars/Dropbox (medo.check)/Privat/Mamp/websites/Schrabergschule/site/templates/Bereich.php)
2017-01-22 15:43:46	admin	http://localhost:8888/Schrabergschule/unsere-schule/	Parser-Fehler: 	syntax error, unexpected '$page' (T_VARIABLE) (Zeile 6 in /Users/lars/Dropbox (medo.check)/Privat/Mamp/websites/Schrabergschule/site/templates/Bereich.php)
2017-01-22 17:08:09	admin	http://localhost:8888/Schrabergschule/ogs/	Parser-Fehler: 	syntax error, unexpected 'continue' (T_CONTINUE) (Zeile 34 in /Users/lars/Dropbox (medo.check)/Privat/Mamp/websites/Schrabergschule/site/assets/cache/FileCompiler/site/templates/_func.php)
2017-01-22 17:08:10	admin	http://localhost:8888/Schrabergschule/ogs/	Parser-Fehler: 	syntax error, unexpected 'continue' (T_CONTINUE) (Zeile 34 in /Users/lars/Dropbox (medo.check)/Privat/Mamp/websites/Schrabergschule/site/assets/cache/FileCompiler/site/templates/_func.php)
2017-01-22 20:49:57	admin	http://localhost:8888/Schrabergschule/unsere-schule/klassen/	Fehler: 	Uncaught Error: Call to a member function and() on null in /Users/lars/Dropbox (medo.check)/Privat/Mamp/websites/Schrabergschule/site/templates/Bereich.php:8 Stack trace: #0 /Users/lars/Dropbox (medo.check)/Privat/Mamp/websites/Schrabergschule/wire/core/TemplateFile.php(268): require() #1 [internal function]: ProcessWire\TemplateFile->___render() #2 /Users/lars/Dropbox (medo.check)/Privat/Mamp/websites/Schrabergschule/wire/core/Wire.php(374): call_user_func_array(Array, Array) #3 /Users/lars/Dropbox (medo.check)/Privat/Mamp/websites/Schrabergschule/wire/core/WireHooks.php(549): ProcessWire\Wire->_callMethod('___render', Array) #4 /Users/lars/Dropbox (medo.check)/Privat/Mamp/websites/Schrabergschule/wire/core/Wire.php(399): ProcessWire\WireHooks->runHooks(Object(ProcessWire\TemplateFile), 'render', Array) #5 /Users/lars/Dropbox (medo.check)/Privat/Mamp/websites/Schrabergschule/wire/modules/PageRender.module(514): ProcessWire\Wire->__call('render', Array) #6 [internal function]: ProcessWire\PageRender->___rende (Zeile 8 in /Users/lars/Dropbox (medo.check)/Privat/Mamp/websites/Schrabergschule/site/templates/Bereich.php)
2017-01-22 21:42:10	admin	http://localhost:8888/Schrabergschule/unsere-schule/	Fehler: 	Uncaught Error: Call to undefined function renderTreeNav() in /Users/lars/Dropbox (medo.check)/Privat/Mamp/websites/Schrabergschule/site/templates/_main.php:56 Stack trace: #0 /Users/lars/Dropbox (medo.check)/Privat/Mamp/websites/Schrabergschule/wire/core/TemplateFile.php(276): require() #1 [internal function]: ProcessWire\TemplateFile->___render() #2 /Users/lars/Dropbox (medo.check)/Privat/Mamp/websites/Schrabergschule/wire/core/Wire.php(374): call_user_func_array(Array, Array) #3 /Users/lars/Dropbox (medo.check)/Privat/Mamp/websites/Schrabergschule/wire/core/WireHooks.php(549): ProcessWire\Wire->_callMethod('___render', Array) #4 /Users/lars/Dropbox (medo.check)/Privat/Mamp/websites/Schrabergschule/wire/core/Wire.php(399): ProcessWire\WireHooks->runHooks(Object(ProcessWire\TemplateFile), 'render', Array) #5 /Users/lars/Dropbox (medo.check)/Privat/Mamp/websites/Schrabergschule/wire/modules/PageRender.module(514): ProcessWire\Wire->__call('render', Array) #6 [internal function]: ProcessWire\PageRender->___ren (Zeile 56 in /Users/lars/Dropbox (medo.check)/Privat/Mamp/websites/Schrabergschule/site/templates/_main.php)
2017-01-28 17:37:32	admin	http://localhost:8888/Schrabergschule/galerie/test-galerie/	Parser-Fehler: 	syntax error, unexpected '->' (T_OBJECT_OPERATOR) (Zeile 8 in /Users/lars/Dropbox (medo.check)/Privat/Mamp/websites/Schrabergschule/site/templates/Galerie.php)
2017-01-28 18:15:23	admin	http://localhost:8888/Schrabergschule/galerie/test-galerie/	Fehler: 	Uncaught Error: Call to undefined function pia() in /Users/lars/Dropbox (medo.check)/Privat/Mamp/websites/Schrabergschule/site/templates/Galerie.php:9 Stack trace: #0 /Users/lars/Dropbox (medo.check)/Privat/Mamp/websites/Schrabergschule/wire/core/TemplateFile.php(268): require() #1 [internal function]: ProcessWire\TemplateFile->___render() #2 /Users/lars/Dropbox (medo.check)/Privat/Mamp/websites/Schrabergschule/wire/core/Wire.php(374): call_user_func_array(Array, Array) #3 /Users/lars/Dropbox (medo.check)/Privat/Mamp/websites/Schrabergschule/wire/core/WireHooks.php(549): ProcessWire\Wire->_callMethod('___render', Array) #4 /Users/lars/Dropbox (medo.check)/Privat/Mamp/websites/Schrabergschule/wire/core/Wire.php(399): ProcessWire\WireHooks->runHooks(Object(ProcessWire\TemplateFile), 'render', Array) #5 /Users/lars/Dropbox (medo.check)/Privat/Mamp/websites/Schrabergschule/wire/modules/PageRender.module(514): ProcessWire\Wire->__call('render', Array) #6 [internal function]: ProcessWire\PageRender->___renderPage(O (Zeile 9 in /Users/lars/Dropbox (medo.check)/Privat/Mamp/websites/Schrabergschule/site/templates/Galerie.php)
2017-01-28 18:15:24	admin	http://localhost:8888/Schrabergschule/galerie/test-galerie/	Fehler: 	Uncaught Error: Call to undefined function pia() in /Users/lars/Dropbox (medo.check)/Privat/Mamp/websites/Schrabergschule/site/templates/Galerie.php:9 Stack trace: #0 /Users/lars/Dropbox (medo.check)/Privat/Mamp/websites/Schrabergschule/wire/core/TemplateFile.php(268): require() #1 [internal function]: ProcessWire\TemplateFile->___render() #2 /Users/lars/Dropbox (medo.check)/Privat/Mamp/websites/Schrabergschule/wire/core/Wire.php(374): call_user_func_array(Array, Array) #3 /Users/lars/Dropbox (medo.check)/Privat/Mamp/websites/Schrabergschule/wire/core/WireHooks.php(549): ProcessWire\Wire->_callMethod('___render', Array) #4 /Users/lars/Dropbox (medo.check)/Privat/Mamp/websites/Schrabergschule/wire/core/Wire.php(399): ProcessWire\WireHooks->runHooks(Object(ProcessWire\TemplateFile), 'render', Array) #5 /Users/lars/Dropbox (medo.check)/Privat/Mamp/websites/Schrabergschule/wire/modules/PageRender.module(514): ProcessWire\Wire->__call('render', Array) #6 [internal function]: ProcessWire\PageRender->___renderPage(O (Zeile 9 in /Users/lars/Dropbox (medo.check)/Privat/Mamp/websites/Schrabergschule/site/templates/Galerie.php)
2017-01-29 10:32:20	admin	http://localhost:8888/Schrabergschule/login/	Parser-Fehler: 	syntax error, unexpected '$content' (T_VARIABLE) (Zeile 11 in /Users/lars/Dropbox (medo.check)/Privat/Mamp/websites/Schrabergschule/site/assets/cache/FileCompiler/site/templates/Login.php)
2017-01-29 10:32:22	admin	http://localhost:8888/Schrabergschule/login/	Parser-Fehler: 	syntax error, unexpected '$content' (T_VARIABLE) (Zeile 11 in /Users/lars/Dropbox (medo.check)/Privat/Mamp/websites/Schrabergschule/site/assets/cache/FileCompiler/site/templates/Login.php)
2017-01-29 10:54:20	guest	http://localhost:8888/Schrabergschule/login/	Error: 	Uncaught Error: Call to undefined function render() in /Users/lars/Dropbox (medo.check)/Privat/Mamp/websites/Schrabergschule/site/assets/cache/FileCompiler/site/templates/Login.php:43 Stack trace: #0 /Users/lars/Dropbox (medo.check)/Privat/Mamp/websites/Schrabergschule/wire/core/TemplateFile.php(268): require() #1 [internal function]: ProcessWire\TemplateFile->___render() #2 /Users/lars/Dropbox (medo.check)/Privat/Mamp/websites/Schrabergschule/wire/core/Wire.php(374): call_user_func_array(Array, Array) #3 /Users/lars/Dropbox (medo.check)/Privat/Mamp/websites/Schrabergschule/wire/core/WireHooks.php(549): ProcessWire\Wire->_callMethod('___render', Array) #4 /Users/lars/Dropbox (medo.check)/Privat/Mamp/websites/Schrabergschule/wire/core/Wire.php(399): ProcessWire\WireHooks->runHooks(Object(ProcessWire\TemplateFile), 'render', Array) #5 /Users/lars/Dropbox (medo.check)/Privat/Mamp/websites/Schrabergschule/wire/modules/PageRender.module(514): ProcessWire\Wire->__call('render', Array) #6 [internal function]: Proces (line 43 of /Users/lars/Dropbox (medo.check)/Privat/Mamp/websites/Schrabergschule/site/assets/cache/FileCompiler/site/templates/Login.php)
2017-01-29 10:54:32	guest	http://localhost:8888/Schrabergschule/login/	Error: 	Uncaught Error: Call to undefined function render() in /Users/lars/Dropbox (medo.check)/Privat/Mamp/websites/Schrabergschule/site/assets/cache/FileCompiler/site/templates/Login.php:43 Stack trace: #0 /Users/lars/Dropbox (medo.check)/Privat/Mamp/websites/Schrabergschule/wire/core/TemplateFile.php(268): require() #1 [internal function]: ProcessWire\TemplateFile->___render() #2 /Users/lars/Dropbox (medo.check)/Privat/Mamp/websites/Schrabergschule/wire/core/Wire.php(374): call_user_func_array(Array, Array) #3 /Users/lars/Dropbox (medo.check)/Privat/Mamp/websites/Schrabergschule/wire/core/WireHooks.php(549): ProcessWire\Wire->_callMethod('___render', Array) #4 /Users/lars/Dropbox (medo.check)/Privat/Mamp/websites/Schrabergschule/wire/core/Wire.php(399): ProcessWire\WireHooks->runHooks(Object(ProcessWire\TemplateFile), 'render', Array) #5 /Users/lars/Dropbox (medo.check)/Privat/Mamp/websites/Schrabergschule/wire/modules/PageRender.module(514): ProcessWire\Wire->__call('render', Array) #6 [internal function]: Proces (line 43 of /Users/lars/Dropbox (medo.check)/Privat/Mamp/websites/Schrabergschule/site/assets/cache/FileCompiler/site/templates/Login.php)
2017-01-29 10:54:52	guest	http://localhost:8888/Schrabergschule/login/	Error: 	Uncaught Error: Call to undefined function render() in /Users/lars/Dropbox (medo.check)/Privat/Mamp/websites/Schrabergschule/site/assets/cache/FileCompiler/site/templates/Login.php:43 Stack trace: #0 /Users/lars/Dropbox (medo.check)/Privat/Mamp/websites/Schrabergschule/wire/core/TemplateFile.php(268): require() #1 [internal function]: ProcessWire\TemplateFile->___render() #2 /Users/lars/Dropbox (medo.check)/Privat/Mamp/websites/Schrabergschule/wire/core/Wire.php(374): call_user_func_array(Array, Array) #3 /Users/lars/Dropbox (medo.check)/Privat/Mamp/websites/Schrabergschule/wire/core/WireHooks.php(549): ProcessWire\Wire->_callMethod('___render', Array) #4 /Users/lars/Dropbox (medo.check)/Privat/Mamp/websites/Schrabergschule/wire/core/Wire.php(399): ProcessWire\WireHooks->runHooks(Object(ProcessWire\TemplateFile), 'render', Array) #5 /Users/lars/Dropbox (medo.check)/Privat/Mamp/websites/Schrabergschule/wire/modules/PageRender.module(514): ProcessWire\Wire->__call('render', Array) #6 [internal function]: Proces (line 43 of /Users/lars/Dropbox (medo.check)/Privat/Mamp/websites/Schrabergschule/site/assets/cache/FileCompiler/site/templates/Login.php)
2017-01-29 10:54:52	guest	http://localhost:8888/Schrabergschule/login/	Error: 	Uncaught Error: Call to undefined function render() in /Users/lars/Dropbox (medo.check)/Privat/Mamp/websites/Schrabergschule/site/assets/cache/FileCompiler/site/templates/Login.php:43 Stack trace: #0 /Users/lars/Dropbox (medo.check)/Privat/Mamp/websites/Schrabergschule/wire/core/TemplateFile.php(268): require() #1 [internal function]: ProcessWire\TemplateFile->___render() #2 /Users/lars/Dropbox (medo.check)/Privat/Mamp/websites/Schrabergschule/wire/core/Wire.php(374): call_user_func_array(Array, Array) #3 /Users/lars/Dropbox (medo.check)/Privat/Mamp/websites/Schrabergschule/wire/core/WireHooks.php(549): ProcessWire\Wire->_callMethod('___render', Array) #4 /Users/lars/Dropbox (medo.check)/Privat/Mamp/websites/Schrabergschule/wire/core/Wire.php(399): ProcessWire\WireHooks->runHooks(Object(ProcessWire\TemplateFile), 'render', Array) #5 /Users/lars/Dropbox (medo.check)/Privat/Mamp/websites/Schrabergschule/wire/modules/PageRender.module(514): ProcessWire\Wire->__call('render', Array) #6 [internal function]: Proces (line 43 of /Users/lars/Dropbox (medo.check)/Privat/Mamp/websites/Schrabergschule/site/assets/cache/FileCompiler/site/templates/Login.php)
2017-01-29 10:55:32	guest	http://localhost:8888/Schrabergschule/login/	Error: 	Uncaught Error: Call to undefined function render() in /Users/lars/Dropbox (medo.check)/Privat/Mamp/websites/Schrabergschule/site/assets/cache/FileCompiler/site/templates/Login.php:43 Stack trace: #0 /Users/lars/Dropbox (medo.check)/Privat/Mamp/websites/Schrabergschule/wire/core/TemplateFile.php(268): require() #1 [internal function]: ProcessWire\TemplateFile->___render() #2 /Users/lars/Dropbox (medo.check)/Privat/Mamp/websites/Schrabergschule/wire/core/Wire.php(374): call_user_func_array(Array, Array) #3 /Users/lars/Dropbox (medo.check)/Privat/Mamp/websites/Schrabergschule/wire/core/WireHooks.php(549): ProcessWire\Wire->_callMethod('___render', Array) #4 /Users/lars/Dropbox (medo.check)/Privat/Mamp/websites/Schrabergschule/wire/core/Wire.php(399): ProcessWire\WireHooks->runHooks(Object(ProcessWire\TemplateFile), 'render', Array) #5 /Users/lars/Dropbox (medo.check)/Privat/Mamp/websites/Schrabergschule/wire/modules/PageRender.module(514): ProcessWire\Wire->__call('render', Array) #6 [internal function]: Proces (line 43 of /Users/lars/Dropbox (medo.check)/Privat/Mamp/websites/Schrabergschule/site/assets/cache/FileCompiler/site/templates/Login.php)
2017-01-29 11:00:05	guest	http://localhost:8888/Schrabergschule/login/	Error: 	Uncaught Error: Call to undefined function render() in /Users/lars/Dropbox (medo.check)/Privat/Mamp/websites/Schrabergschule/site/assets/cache/FileCompiler/site/templates/Login.php:43 Stack trace: #0 /Users/lars/Dropbox (medo.check)/Privat/Mamp/websites/Schrabergschule/wire/core/TemplateFile.php(268): require() #1 [internal function]: ProcessWire\TemplateFile->___render() #2 /Users/lars/Dropbox (medo.check)/Privat/Mamp/websites/Schrabergschule/wire/core/Wire.php(374): call_user_func_array(Array, Array) #3 /Users/lars/Dropbox (medo.check)/Privat/Mamp/websites/Schrabergschule/wire/core/WireHooks.php(549): ProcessWire\Wire->_callMethod('___render', Array) #4 /Users/lars/Dropbox (medo.check)/Privat/Mamp/websites/Schrabergschule/wire/core/Wire.php(399): ProcessWire\WireHooks->runHooks(Object(ProcessWire\TemplateFile), 'render', Array) #5 /Users/lars/Dropbox (medo.check)/Privat/Mamp/websites/Schrabergschule/wire/modules/PageRender.module(514): ProcessWire\Wire->__call('render', Array) #6 [internal function]: Proces (line 43 of /Users/lars/Dropbox (medo.check)/Privat/Mamp/websites/Schrabergschule/site/assets/cache/FileCompiler/site/templates/Login.php)
2017-01-29 11:01:02	guest	http://localhost:8888/Schrabergschule/login/	Error: 	Uncaught Error: Call to undefined function render() in /Users/lars/Dropbox (medo.check)/Privat/Mamp/websites/Schrabergschule/site/assets/cache/FileCompiler/site/templates/Login.php:45 Stack trace: #0 /Users/lars/Dropbox (medo.check)/Privat/Mamp/websites/Schrabergschule/wire/core/TemplateFile.php(268): require() #1 [internal function]: ProcessWire\TemplateFile->___render() #2 /Users/lars/Dropbox (medo.check)/Privat/Mamp/websites/Schrabergschule/wire/core/Wire.php(374): call_user_func_array(Array, Array) #3 /Users/lars/Dropbox (medo.check)/Privat/Mamp/websites/Schrabergschule/wire/core/WireHooks.php(549): ProcessWire\Wire->_callMethod('___render', Array) #4 /Users/lars/Dropbox (medo.check)/Privat/Mamp/websites/Schrabergschule/wire/core/Wire.php(399): ProcessWire\WireHooks->runHooks(Object(ProcessWire\TemplateFile), 'render', Array) #5 /Users/lars/Dropbox (medo.check)/Privat/Mamp/websites/Schrabergschule/wire/modules/PageRender.module(514): ProcessWire\Wire->__call('render', Array) #6 [internal function]: Proces (line 45 of /Users/lars/Dropbox (medo.check)/Privat/Mamp/websites/Schrabergschule/site/assets/cache/FileCompiler/site/templates/Login.php)
2017-01-29 11:01:03	guest	http://localhost:8888/Schrabergschule/login/	Error: 	Uncaught Error: Call to undefined function render() in /Users/lars/Dropbox (medo.check)/Privat/Mamp/websites/Schrabergschule/site/assets/cache/FileCompiler/site/templates/Login.php:45 Stack trace: #0 /Users/lars/Dropbox (medo.check)/Privat/Mamp/websites/Schrabergschule/wire/core/TemplateFile.php(268): require() #1 [internal function]: ProcessWire\TemplateFile->___render() #2 /Users/lars/Dropbox (medo.check)/Privat/Mamp/websites/Schrabergschule/wire/core/Wire.php(374): call_user_func_array(Array, Array) #3 /Users/lars/Dropbox (medo.check)/Privat/Mamp/websites/Schrabergschule/wire/core/WireHooks.php(549): ProcessWire\Wire->_callMethod('___render', Array) #4 /Users/lars/Dropbox (medo.check)/Privat/Mamp/websites/Schrabergschule/wire/core/Wire.php(399): ProcessWire\WireHooks->runHooks(Object(ProcessWire\TemplateFile), 'render', Array) #5 /Users/lars/Dropbox (medo.check)/Privat/Mamp/websites/Schrabergschule/wire/modules/PageRender.module(514): ProcessWire\Wire->__call('render', Array) #6 [internal function]: Proces (line 45 of /Users/lars/Dropbox (medo.check)/Privat/Mamp/websites/Schrabergschule/site/assets/cache/FileCompiler/site/templates/Login.php)
2017-01-29 11:49:24	admin	http://localhost:8888/Schrabergschule/http404/	Fehler: 	Uncaught Error: Call to a member function login() on null in /Users/lars/Dropbox (medo.check)/Privat/Mamp/websites/Schrabergschule/site/templates/basic-page.php:6 Stack trace: #0 /Users/lars/Dropbox (medo.check)/Privat/Mamp/websites/Schrabergschule/wire/core/TemplateFile.php(268): require() #1 [internal function]: ProcessWire\TemplateFile->___render() #2 /Users/lars/Dropbox (medo.check)/Privat/Mamp/websites/Schrabergschule/wire/core/Wire.php(374): call_user_func_array(Array, Array) #3 /Users/lars/Dropbox (medo.check)/Privat/Mamp/websites/Schrabergschule/wire/core/WireHooks.php(549): ProcessWire\Wire->_callMethod('___render', Array) #4 /Users/lars/Dropbox (medo.check)/Privat/Mamp/websites/Schrabergschule/wire/core/Wire.php(399): ProcessWire\WireHooks->runHooks(Object(ProcessWire\TemplateFile), 'render', Array) #5 /Users/lars/Dropbox (medo.check)/Privat/Mamp/websites/Schrabergschule/wire/modules/PageRender.module(514): ProcessWire\Wire->__call('render', Array) #6 [internal function]: ProcessWire\PageRender->___ (Zeile 6 in /Users/lars/Dropbox (medo.check)/Privat/Mamp/websites/Schrabergschule/site/templates/basic-page.php)
2017-01-29 12:08:37	admin	http://localhost:8888/Schrabergschule/galerie/	Parser-Fehler: 	syntax error, unexpected 'foreach' (T_FOREACH) (Zeile 9 in /Users/lars/Dropbox (medo.check)/Privat/Mamp/websites/Schrabergschule/site/templates/GalerieSammlung.php)
2017-01-29 12:08:49	admin	http://localhost:8888/Schrabergschule/galerie/	Parser-Fehler: 	syntax error, unexpected 'foreach' (T_FOREACH) (Zeile 9 in /Users/lars/Dropbox (medo.check)/Privat/Mamp/websites/Schrabergschule/site/templates/GalerieSammlung.php)
2017-01-29 12:08:50	admin	http://localhost:8888/Schrabergschule/galerie/	Parser-Fehler: 	syntax error, unexpected 'foreach' (T_FOREACH) (Zeile 9 in /Users/lars/Dropbox (medo.check)/Privat/Mamp/websites/Schrabergschule/site/templates/GalerieSammlung.php)
2017-01-29 12:09:48	admin	http://localhost:8888/Schrabergschule/galerie/	Parser-Fehler: 	syntax error, unexpected 'foreach' (T_FOREACH) (Zeile 9 in /Users/lars/Dropbox (medo.check)/Privat/Mamp/websites/Schrabergschule/site/templates/GalerieSammlung.php)
2017-01-29 12:09:49	admin	http://localhost:8888/Schrabergschule/galerie/	Parser-Fehler: 	syntax error, unexpected 'foreach' (T_FOREACH) (Zeile 9 in /Users/lars/Dropbox (medo.check)/Privat/Mamp/websites/Schrabergschule/site/templates/GalerieSammlung.php)
2017-01-29 12:09:59	admin	http://localhost:8888/Schrabergschule/galerie/	Parser-Fehler: 	syntax error, unexpected '->' (T_OBJECT_OPERATOR) (Zeile 10 in /Users/lars/Dropbox (medo.check)/Privat/Mamp/websites/Schrabergschule/site/templates/GalerieSammlung.php)
2017-01-29 12:13:04	admin	http://localhost:8888/Schrabergschule/http404/	Fehler: 	Uncaught Error: Call to a member function login() on null in /Users/lars/Dropbox (medo.check)/Privat/Mamp/websites/Schrabergschule/site/templates/basic-page.php:6 Stack trace: #0 /Users/lars/Dropbox (medo.check)/Privat/Mamp/websites/Schrabergschule/wire/core/TemplateFile.php(268): require() #1 [internal function]: ProcessWire\TemplateFile->___render() #2 /Users/lars/Dropbox (medo.check)/Privat/Mamp/websites/Schrabergschule/wire/core/Wire.php(374): call_user_func_array(Array, Array) #3 /Users/lars/Dropbox (medo.check)/Privat/Mamp/websites/Schrabergschule/wire/core/WireHooks.php(549): ProcessWire\Wire->_callMethod('___render', Array) #4 /Users/lars/Dropbox (medo.check)/Privat/Mamp/websites/Schrabergschule/wire/core/Wire.php(399): ProcessWire\WireHooks->runHooks(Object(ProcessWire\TemplateFile), 'render', Array) #5 /Users/lars/Dropbox (medo.check)/Privat/Mamp/websites/Schrabergschule/wire/modules/PageRender.module(514): ProcessWire\Wire->__call('render', Array) #6 [internal function]: ProcessWire\PageRender->___ (Zeile 6 in /Users/lars/Dropbox (medo.check)/Privat/Mamp/websites/Schrabergschule/site/templates/basic-page.php)
2017-01-29 12:58:18	admin	http://localhost:8888/Schrabergschule/http404/	Fehler: 	Uncaught Error: Call to a member function login() on null in /Users/lars/Dropbox (medo.check)/Privat/Mamp/websites/Schrabergschule/site/templates/basic-page.php:6 Stack trace: #0 /Users/lars/Dropbox (medo.check)/Privat/Mamp/websites/Schrabergschule/wire/core/TemplateFile.php(268): require() #1 [internal function]: ProcessWire\TemplateFile->___render() #2 /Users/lars/Dropbox (medo.check)/Privat/Mamp/websites/Schrabergschule/wire/core/Wire.php(374): call_user_func_array(Array, Array) #3 /Users/lars/Dropbox (medo.check)/Privat/Mamp/websites/Schrabergschule/wire/core/WireHooks.php(549): ProcessWire\Wire->_callMethod('___render', Array) #4 /Users/lars/Dropbox (medo.check)/Privat/Mamp/websites/Schrabergschule/wire/core/Wire.php(399): ProcessWire\WireHooks->runHooks(Object(ProcessWire\TemplateFile), 'render', Array) #5 /Users/lars/Dropbox (medo.check)/Privat/Mamp/websites/Schrabergschule/wire/modules/PageRender.module(514): ProcessWire\Wire->__call('render', Array) #6 [internal function]: ProcessWire\PageRender->___ (Zeile 6 in /Users/lars/Dropbox (medo.check)/Privat/Mamp/websites/Schrabergschule/site/templates/basic-page.php)
2017-01-29 13:00:03	admin	http://localhost:8888/Schrabergschule/http404/	Fehler: 	Uncaught Error: Call to a member function login() on null in /Users/lars/Dropbox (medo.check)/Privat/Mamp/websites/Schrabergschule/site/templates/basic-page.php:6 Stack trace: #0 /Users/lars/Dropbox (medo.check)/Privat/Mamp/websites/Schrabergschule/wire/core/TemplateFile.php(268): require() #1 [internal function]: ProcessWire\TemplateFile->___render() #2 /Users/lars/Dropbox (medo.check)/Privat/Mamp/websites/Schrabergschule/wire/core/Wire.php(374): call_user_func_array(Array, Array) #3 /Users/lars/Dropbox (medo.check)/Privat/Mamp/websites/Schrabergschule/wire/core/WireHooks.php(549): ProcessWire\Wire->_callMethod('___render', Array) #4 /Users/lars/Dropbox (medo.check)/Privat/Mamp/websites/Schrabergschule/wire/core/Wire.php(399): ProcessWire\WireHooks->runHooks(Object(ProcessWire\TemplateFile), 'render', Array) #5 /Users/lars/Dropbox (medo.check)/Privat/Mamp/websites/Schrabergschule/wire/modules/PageRender.module(514): ProcessWire\Wire->__call('render', Array) #6 [internal function]: ProcessWire\PageRender->___ (Zeile 6 in /Users/lars/Dropbox (medo.check)/Privat/Mamp/websites/Schrabergschule/site/templates/basic-page.php)
2017-01-29 20:24:20	admin	http://localhost:8888/Schrabergschule/http404/	Fehler: 	Uncaught Error: Call to a member function login() on null in /Users/lars/Dropbox (medo.check)/Privat/Mamp/websites/Schrabergschule/site/templates/basic-page.php:6 Stack trace: #0 /Users/lars/Dropbox (medo.check)/Privat/Mamp/websites/Schrabergschule/wire/core/TemplateFile.php(268): require() #1 [internal function]: ProcessWire\TemplateFile->___render() #2 /Users/lars/Dropbox (medo.check)/Privat/Mamp/websites/Schrabergschule/wire/core/Wire.php(374): call_user_func_array(Array, Array) #3 /Users/lars/Dropbox (medo.check)/Privat/Mamp/websites/Schrabergschule/wire/core/WireHooks.php(549): ProcessWire\Wire->_callMethod('___render', Array) #4 /Users/lars/Dropbox (medo.check)/Privat/Mamp/websites/Schrabergschule/wire/core/Wire.php(399): ProcessWire\WireHooks->runHooks(Object(ProcessWire\TemplateFile), 'render', Array) #5 /Users/lars/Dropbox (medo.check)/Privat/Mamp/websites/Schrabergschule/wire/modules/PageRender.module(514): ProcessWire\Wire->__call('render', Array) #6 [internal function]: ProcessWire\PageRender->___ (Zeile 6 in /Users/lars/Dropbox (medo.check)/Privat/Mamp/websites/Schrabergschule/site/templates/basic-page.php)
2017-01-29 20:24:22	admin	http://localhost:8888/Schrabergschule/http404/	Fehler: 	Uncaught Error: Call to a member function login() on null in /Users/lars/Dropbox (medo.check)/Privat/Mamp/websites/Schrabergschule/site/templates/basic-page.php:6 Stack trace: #0 /Users/lars/Dropbox (medo.check)/Privat/Mamp/websites/Schrabergschule/wire/core/TemplateFile.php(268): require() #1 [internal function]: ProcessWire\TemplateFile->___render() #2 /Users/lars/Dropbox (medo.check)/Privat/Mamp/websites/Schrabergschule/wire/core/Wire.php(374): call_user_func_array(Array, Array) #3 /Users/lars/Dropbox (medo.check)/Privat/Mamp/websites/Schrabergschule/wire/core/WireHooks.php(549): ProcessWire\Wire->_callMethod('___render', Array) #4 /Users/lars/Dropbox (medo.check)/Privat/Mamp/websites/Schrabergschule/wire/core/Wire.php(399): ProcessWire\WireHooks->runHooks(Object(ProcessWire\TemplateFile), 'render', Array) #5 /Users/lars/Dropbox (medo.check)/Privat/Mamp/websites/Schrabergschule/wire/modules/PageRender.module(514): ProcessWire\Wire->__call('render', Array) #6 [internal function]: ProcessWire\PageRender->___ (Zeile 6 in /Users/lars/Dropbox (medo.check)/Privat/Mamp/websites/Schrabergschule/site/templates/basic-page.php)
2017-01-29 20:24:22	admin	http://localhost:8888/Schrabergschule/http404/	Fehler: 	Uncaught Error: Call to a member function login() on null in /Users/lars/Dropbox (medo.check)/Privat/Mamp/websites/Schrabergschule/site/templates/basic-page.php:6 Stack trace: #0 /Users/lars/Dropbox (medo.check)/Privat/Mamp/websites/Schrabergschule/wire/core/TemplateFile.php(268): require() #1 [internal function]: ProcessWire\TemplateFile->___render() #2 /Users/lars/Dropbox (medo.check)/Privat/Mamp/websites/Schrabergschule/wire/core/Wire.php(374): call_user_func_array(Array, Array) #3 /Users/lars/Dropbox (medo.check)/Privat/Mamp/websites/Schrabergschule/wire/core/WireHooks.php(549): ProcessWire\Wire->_callMethod('___render', Array) #4 /Users/lars/Dropbox (medo.check)/Privat/Mamp/websites/Schrabergschule/wire/core/Wire.php(399): ProcessWire\WireHooks->runHooks(Object(ProcessWire\TemplateFile), 'render', Array) #5 /Users/lars/Dropbox (medo.check)/Privat/Mamp/websites/Schrabergschule/wire/modules/PageRender.module(514): ProcessWire\Wire->__call('render', Array) #6 [internal function]: ProcessWire\PageRender->___ (Zeile 6 in /Users/lars/Dropbox (medo.check)/Privat/Mamp/websites/Schrabergschule/site/templates/basic-page.php)
2017-01-29 20:24:22	admin	http://localhost:8888/Schrabergschule/http404/	Fehler: 	Uncaught Error: Call to a member function login() on null in /Users/lars/Dropbox (medo.check)/Privat/Mamp/websites/Schrabergschule/site/templates/basic-page.php:6 Stack trace: #0 /Users/lars/Dropbox (medo.check)/Privat/Mamp/websites/Schrabergschule/wire/core/TemplateFile.php(268): require() #1 [internal function]: ProcessWire\TemplateFile->___render() #2 /Users/lars/Dropbox (medo.check)/Privat/Mamp/websites/Schrabergschule/wire/core/Wire.php(374): call_user_func_array(Array, Array) #3 /Users/lars/Dropbox (medo.check)/Privat/Mamp/websites/Schrabergschule/wire/core/WireHooks.php(549): ProcessWire\Wire->_callMethod('___render', Array) #4 /Users/lars/Dropbox (medo.check)/Privat/Mamp/websites/Schrabergschule/wire/core/Wire.php(399): ProcessWire\WireHooks->runHooks(Object(ProcessWire\TemplateFile), 'render', Array) #5 /Users/lars/Dropbox (medo.check)/Privat/Mamp/websites/Schrabergschule/wire/modules/PageRender.module(514): ProcessWire\Wire->__call('render', Array) #6 [internal function]: ProcessWire\PageRender->___ (Zeile 6 in /Users/lars/Dropbox (medo.check)/Privat/Mamp/websites/Schrabergschule/site/templates/basic-page.php)
2017-01-29 20:24:54	admin	http://localhost:8888/Schrabergschule/http404/	Fehler: 	Uncaught Error: Call to a member function login() on null in /Users/lars/Dropbox (medo.check)/Privat/Mamp/websites/Schrabergschule/site/templates/basic-page.php:6 Stack trace: #0 /Users/lars/Dropbox (medo.check)/Privat/Mamp/websites/Schrabergschule/wire/core/TemplateFile.php(268): require() #1 [internal function]: ProcessWire\TemplateFile->___render() #2 /Users/lars/Dropbox (medo.check)/Privat/Mamp/websites/Schrabergschule/wire/core/Wire.php(374): call_user_func_array(Array, Array) #3 /Users/lars/Dropbox (medo.check)/Privat/Mamp/websites/Schrabergschule/wire/core/WireHooks.php(549): ProcessWire\Wire->_callMethod('___render', Array) #4 /Users/lars/Dropbox (medo.check)/Privat/Mamp/websites/Schrabergschule/wire/core/Wire.php(399): ProcessWire\WireHooks->runHooks(Object(ProcessWire\TemplateFile), 'render', Array) #5 /Users/lars/Dropbox (medo.check)/Privat/Mamp/websites/Schrabergschule/wire/modules/PageRender.module(514): ProcessWire\Wire->__call('render', Array) #6 [internal function]: ProcessWire\PageRender->___ (Zeile 6 in /Users/lars/Dropbox (medo.check)/Privat/Mamp/websites/Schrabergschule/site/templates/basic-page.php)
2017-01-29 20:26:07	admin	http://localhost:8888/Schrabergschule/http404/	Fehler: 	Uncaught Error: Call to a member function login() on null in /Users/lars/Dropbox (medo.check)/Privat/Mamp/websites/Schrabergschule/site/templates/basic-page.php:6 Stack trace: #0 /Users/lars/Dropbox (medo.check)/Privat/Mamp/websites/Schrabergschule/wire/core/TemplateFile.php(268): require() #1 [internal function]: ProcessWire\TemplateFile->___render() #2 /Users/lars/Dropbox (medo.check)/Privat/Mamp/websites/Schrabergschule/wire/core/Wire.php(374): call_user_func_array(Array, Array) #3 /Users/lars/Dropbox (medo.check)/Privat/Mamp/websites/Schrabergschule/wire/core/WireHooks.php(549): ProcessWire\Wire->_callMethod('___render', Array) #4 /Users/lars/Dropbox (medo.check)/Privat/Mamp/websites/Schrabergschule/wire/core/Wire.php(399): ProcessWire\WireHooks->runHooks(Object(ProcessWire\TemplateFile), 'render', Array) #5 /Users/lars/Dropbox (medo.check)/Privat/Mamp/websites/Schrabergschule/wire/modules/PageRender.module(514): ProcessWire\Wire->__call('render', Array) #6 [internal function]: ProcessWire\PageRender->___ (Zeile 6 in /Users/lars/Dropbox (medo.check)/Privat/Mamp/websites/Schrabergschule/site/templates/basic-page.php)
2017-01-29 20:43:50	admin	http://localhost:8888/Schrabergschule/http404/	Fehler: 	Uncaught Error: Call to a member function login() on null in /Users/lars/Dropbox (medo.check)/Privat/Mamp/websites/Schrabergschule/site/templates/basic-page.php:6 Stack trace: #0 /Users/lars/Dropbox (medo.check)/Privat/Mamp/websites/Schrabergschule/wire/core/TemplateFile.php(268): require() #1 [internal function]: ProcessWire\TemplateFile->___render() #2 /Users/lars/Dropbox (medo.check)/Privat/Mamp/websites/Schrabergschule/wire/core/Wire.php(374): call_user_func_array(Array, Array) #3 /Users/lars/Dropbox (medo.check)/Privat/Mamp/websites/Schrabergschule/wire/core/WireHooks.php(549): ProcessWire\Wire->_callMethod('___render', Array) #4 /Users/lars/Dropbox (medo.check)/Privat/Mamp/websites/Schrabergschule/wire/core/Wire.php(399): ProcessWire\WireHooks->runHooks(Object(ProcessWire\TemplateFile), 'render', Array) #5 /Users/lars/Dropbox (medo.check)/Privat/Mamp/websites/Schrabergschule/wire/modules/PageRender.module(514): ProcessWire\Wire->__call('render', Array) #6 [internal function]: ProcessWire\PageRender->___ (Zeile 6 in /Users/lars/Dropbox (medo.check)/Privat/Mamp/websites/Schrabergschule/site/templates/basic-page.php)
2017-01-29 20:46:35	admin	http://localhost:8888/Schrabergschule/galerie/	Nachvollziehbarer fataler Fehler: 	Object of class DateTime could not be converted to string (Zeile 10 in /Users/lars/Dropbox (medo.check)/Privat/Mamp/websites/Schrabergschule/site/templates/GalerieSammlung.php)
2017-01-29 20:52:29	admin	http://localhost:8888/Schrabergschule/http404/	Fehler: 	Uncaught Error: Call to a member function login() on null in /Users/lars/Dropbox (medo.check)/Privat/Mamp/websites/Schrabergschule/site/templates/basic-page.php:6 Stack trace: #0 /Users/lars/Dropbox (medo.check)/Privat/Mamp/websites/Schrabergschule/wire/core/TemplateFile.php(268): require() #1 [internal function]: ProcessWire\TemplateFile->___render() #2 /Users/lars/Dropbox (medo.check)/Privat/Mamp/websites/Schrabergschule/wire/core/Wire.php(374): call_user_func_array(Array, Array) #3 /Users/lars/Dropbox (medo.check)/Privat/Mamp/websites/Schrabergschule/wire/core/WireHooks.php(549): ProcessWire\Wire->_callMethod('___render', Array) #4 /Users/lars/Dropbox (medo.check)/Privat/Mamp/websites/Schrabergschule/wire/core/Wire.php(399): ProcessWire\WireHooks->runHooks(Object(ProcessWire\TemplateFile), 'render', Array) #5 /Users/lars/Dropbox (medo.check)/Privat/Mamp/websites/Schrabergschule/wire/modules/PageRender.module(514): ProcessWire\Wire->__call('render', Array) #6 [internal function]: ProcessWire\PageRender->___ (Zeile 6 in /Users/lars/Dropbox (medo.check)/Privat/Mamp/websites/Schrabergschule/site/templates/basic-page.php)
2017-01-29 20:53:10	admin	http://localhost:8888/Schrabergschule/http404/	Fehler: 	Uncaught Error: Call to a member function login() on null in /Users/lars/Dropbox (medo.check)/Privat/Mamp/websites/Schrabergschule/site/templates/basic-page.php:6 Stack trace: #0 /Users/lars/Dropbox (medo.check)/Privat/Mamp/websites/Schrabergschule/wire/core/TemplateFile.php(268): require() #1 [internal function]: ProcessWire\TemplateFile->___render() #2 /Users/lars/Dropbox (medo.check)/Privat/Mamp/websites/Schrabergschule/wire/core/Wire.php(374): call_user_func_array(Array, Array) #3 /Users/lars/Dropbox (medo.check)/Privat/Mamp/websites/Schrabergschule/wire/core/WireHooks.php(549): ProcessWire\Wire->_callMethod('___render', Array) #4 /Users/lars/Dropbox (medo.check)/Privat/Mamp/websites/Schrabergschule/wire/core/Wire.php(399): ProcessWire\WireHooks->runHooks(Object(ProcessWire\TemplateFile), 'render', Array) #5 /Users/lars/Dropbox (medo.check)/Privat/Mamp/websites/Schrabergschule/wire/modules/PageRender.module(514): ProcessWire\Wire->__call('render', Array) #6 [internal function]: ProcessWire\PageRender->___ (Zeile 6 in /Users/lars/Dropbox (medo.check)/Privat/Mamp/websites/Schrabergschule/site/templates/basic-page.php)
2017-01-29 20:53:41	admin	http://localhost:8888/Schrabergschule/http404/	Fehler: 	Uncaught Error: Call to a member function login() on null in /Users/lars/Dropbox (medo.check)/Privat/Mamp/websites/Schrabergschule/site/templates/basic-page.php:6 Stack trace: #0 /Users/lars/Dropbox (medo.check)/Privat/Mamp/websites/Schrabergschule/wire/core/TemplateFile.php(268): require() #1 [internal function]: ProcessWire\TemplateFile->___render() #2 /Users/lars/Dropbox (medo.check)/Privat/Mamp/websites/Schrabergschule/wire/core/Wire.php(374): call_user_func_array(Array, Array) #3 /Users/lars/Dropbox (medo.check)/Privat/Mamp/websites/Schrabergschule/wire/core/WireHooks.php(549): ProcessWire\Wire->_callMethod('___render', Array) #4 /Users/lars/Dropbox (medo.check)/Privat/Mamp/websites/Schrabergschule/wire/core/Wire.php(399): ProcessWire\WireHooks->runHooks(Object(ProcessWire\TemplateFile), 'render', Array) #5 /Users/lars/Dropbox (medo.check)/Privat/Mamp/websites/Schrabergschule/wire/modules/PageRender.module(514): ProcessWire\Wire->__call('render', Array) #6 [internal function]: ProcessWire\PageRender->___ (Zeile 6 in /Users/lars/Dropbox (medo.check)/Privat/Mamp/websites/Schrabergschule/site/templates/basic-page.php)
2017-01-29 20:58:15	admin	http://localhost:8888/Schrabergschule/http404/	Fehler: 	Uncaught Error: Call to a member function login() on null in /Users/lars/Dropbox (medo.check)/Privat/Mamp/websites/Schrabergschule/site/templates/basic-page.php:6 Stack trace: #0 /Users/lars/Dropbox (medo.check)/Privat/Mamp/websites/Schrabergschule/wire/core/TemplateFile.php(268): require() #1 [internal function]: ProcessWire\TemplateFile->___render() #2 /Users/lars/Dropbox (medo.check)/Privat/Mamp/websites/Schrabergschule/wire/core/Wire.php(374): call_user_func_array(Array, Array) #3 /Users/lars/Dropbox (medo.check)/Privat/Mamp/websites/Schrabergschule/wire/core/WireHooks.php(549): ProcessWire\Wire->_callMethod('___render', Array) #4 /Users/lars/Dropbox (medo.check)/Privat/Mamp/websites/Schrabergschule/wire/core/Wire.php(399): ProcessWire\WireHooks->runHooks(Object(ProcessWire\TemplateFile), 'render', Array) #5 /Users/lars/Dropbox (medo.check)/Privat/Mamp/websites/Schrabergschule/wire/modules/PageRender.module(514): ProcessWire\Wire->__call('render', Array) #6 [internal function]: ProcessWire\PageRender->___ (Zeile 6 in /Users/lars/Dropbox (medo.check)/Privat/Mamp/websites/Schrabergschule/site/templates/basic-page.php)
2017-01-29 21:00:31	admin	http://localhost:8888/Schrabergschule/http404/	Fehler: 	Uncaught Error: Call to a member function login() on null in /Users/lars/Dropbox (medo.check)/Privat/Mamp/websites/Schrabergschule/site/templates/basic-page.php:6 Stack trace: #0 /Users/lars/Dropbox (medo.check)/Privat/Mamp/websites/Schrabergschule/wire/core/TemplateFile.php(268): require() #1 [internal function]: ProcessWire\TemplateFile->___render() #2 /Users/lars/Dropbox (medo.check)/Privat/Mamp/websites/Schrabergschule/wire/core/Wire.php(374): call_user_func_array(Array, Array) #3 /Users/lars/Dropbox (medo.check)/Privat/Mamp/websites/Schrabergschule/wire/core/WireHooks.php(549): ProcessWire\Wire->_callMethod('___render', Array) #4 /Users/lars/Dropbox (medo.check)/Privat/Mamp/websites/Schrabergschule/wire/core/Wire.php(399): ProcessWire\WireHooks->runHooks(Object(ProcessWire\TemplateFile), 'render', Array) #5 /Users/lars/Dropbox (medo.check)/Privat/Mamp/websites/Schrabergschule/wire/modules/PageRender.module(514): ProcessWire\Wire->__call('render', Array) #6 [internal function]: ProcessWire\PageRender->___ (Zeile 6 in /Users/lars/Dropbox (medo.check)/Privat/Mamp/websites/Schrabergschule/site/templates/basic-page.php)
2017-01-29 21:01:33	admin	http://localhost:8888/Schrabergschule/http404/	Fehler: 	Uncaught Error: Call to a member function login() on null in /Users/lars/Dropbox (medo.check)/Privat/Mamp/websites/Schrabergschule/site/templates/basic-page.php:6 Stack trace: #0 /Users/lars/Dropbox (medo.check)/Privat/Mamp/websites/Schrabergschule/wire/core/TemplateFile.php(268): require() #1 [internal function]: ProcessWire\TemplateFile->___render() #2 /Users/lars/Dropbox (medo.check)/Privat/Mamp/websites/Schrabergschule/wire/core/Wire.php(374): call_user_func_array(Array, Array) #3 /Users/lars/Dropbox (medo.check)/Privat/Mamp/websites/Schrabergschule/wire/core/WireHooks.php(549): ProcessWire\Wire->_callMethod('___render', Array) #4 /Users/lars/Dropbox (medo.check)/Privat/Mamp/websites/Schrabergschule/wire/core/Wire.php(399): ProcessWire\WireHooks->runHooks(Object(ProcessWire\TemplateFile), 'render', Array) #5 /Users/lars/Dropbox (medo.check)/Privat/Mamp/websites/Schrabergschule/wire/modules/PageRender.module(514): ProcessWire\Wire->__call('render', Array) #6 [internal function]: ProcessWire\PageRender->___ (Zeile 6 in /Users/lars/Dropbox (medo.check)/Privat/Mamp/websites/Schrabergschule/site/templates/basic-page.php)
2017-01-29 21:02:21	admin	http://localhost:8888/Schrabergschule/http404/	Fehler: 	Uncaught Error: Call to a member function login() on null in /Users/lars/Dropbox (medo.check)/Privat/Mamp/websites/Schrabergschule/site/templates/basic-page.php:6 Stack trace: #0 /Users/lars/Dropbox (medo.check)/Privat/Mamp/websites/Schrabergschule/wire/core/TemplateFile.php(268): require() #1 [internal function]: ProcessWire\TemplateFile->___render() #2 /Users/lars/Dropbox (medo.check)/Privat/Mamp/websites/Schrabergschule/wire/core/Wire.php(374): call_user_func_array(Array, Array) #3 /Users/lars/Dropbox (medo.check)/Privat/Mamp/websites/Schrabergschule/wire/core/WireHooks.php(549): ProcessWire\Wire->_callMethod('___render', Array) #4 /Users/lars/Dropbox (medo.check)/Privat/Mamp/websites/Schrabergschule/wire/core/Wire.php(399): ProcessWire\WireHooks->runHooks(Object(ProcessWire\TemplateFile), 'render', Array) #5 /Users/lars/Dropbox (medo.check)/Privat/Mamp/websites/Schrabergschule/wire/modules/PageRender.module(514): ProcessWire\Wire->__call('render', Array) #6 [internal function]: ProcessWire\PageRender->___ (Zeile 6 in /Users/lars/Dropbox (medo.check)/Privat/Mamp/websites/Schrabergschule/site/templates/basic-page.php)
2017-01-29 21:02:40	guest	http://localhost:8888/Schrabergschule/http404/	Error: 	Uncaught Error: Call to a member function login() on null in /Users/lars/Dropbox (medo.check)/Privat/Mamp/websites/Schrabergschule/site/templates/basic-page.php:6 Stack trace: #0 /Users/lars/Dropbox (medo.check)/Privat/Mamp/websites/Schrabergschule/wire/core/TemplateFile.php(268): require() #1 [internal function]: ProcessWire\TemplateFile->___render() #2 /Users/lars/Dropbox (medo.check)/Privat/Mamp/websites/Schrabergschule/wire/core/Wire.php(374): call_user_func_array(Array, Array) #3 /Users/lars/Dropbox (medo.check)/Privat/Mamp/websites/Schrabergschule/wire/core/WireHooks.php(549): ProcessWire\Wire->_callMethod('___render', Array) #4 /Users/lars/Dropbox (medo.check)/Privat/Mamp/websites/Schrabergschule/wire/core/Wire.php(399): ProcessWire\WireHooks->runHooks(Object(ProcessWire\TemplateFile), 'render', Array) #5 /Users/lars/Dropbox (medo.check)/Privat/Mamp/websites/Schrabergschule/wire/modules/PageRender.module(514): ProcessWire\Wire->__call('render', Array) #6 [internal function]: ProcessWire\PageRender->___ (line 6 of /Users/lars/Dropbox (medo.check)/Privat/Mamp/websites/Schrabergschule/site/templates/basic-page.php)
2017-01-29 21:02:41	guest	http://localhost:8888/Schrabergschule/http404/	Error: 	Uncaught Error: Call to a member function login() on null in /Users/lars/Dropbox (medo.check)/Privat/Mamp/websites/Schrabergschule/site/templates/basic-page.php:6 Stack trace: #0 /Users/lars/Dropbox (medo.check)/Privat/Mamp/websites/Schrabergschule/wire/core/TemplateFile.php(268): require() #1 [internal function]: ProcessWire\TemplateFile->___render() #2 /Users/lars/Dropbox (medo.check)/Privat/Mamp/websites/Schrabergschule/wire/core/Wire.php(374): call_user_func_array(Array, Array) #3 /Users/lars/Dropbox (medo.check)/Privat/Mamp/websites/Schrabergschule/wire/core/WireHooks.php(549): ProcessWire\Wire->_callMethod('___render', Array) #4 /Users/lars/Dropbox (medo.check)/Privat/Mamp/websites/Schrabergschule/wire/core/Wire.php(399): ProcessWire\WireHooks->runHooks(Object(ProcessWire\TemplateFile), 'render', Array) #5 /Users/lars/Dropbox (medo.check)/Privat/Mamp/websites/Schrabergschule/wire/modules/PageRender.module(514): ProcessWire\Wire->__call('render', Array) #6 [internal function]: ProcessWire\PageRender->___ (line 6 of /Users/lars/Dropbox (medo.check)/Privat/Mamp/websites/Schrabergschule/site/templates/basic-page.php)
2017-01-29 21:02:45	guest	http://localhost:8888/Schrabergschule/http404/	Error: 	Uncaught Error: Call to a member function login() on null in /Users/lars/Dropbox (medo.check)/Privat/Mamp/websites/Schrabergschule/site/templates/basic-page.php:6 Stack trace: #0 /Users/lars/Dropbox (medo.check)/Privat/Mamp/websites/Schrabergschule/wire/core/TemplateFile.php(268): require() #1 [internal function]: ProcessWire\TemplateFile->___render() #2 /Users/lars/Dropbox (medo.check)/Privat/Mamp/websites/Schrabergschule/wire/core/Wire.php(374): call_user_func_array(Array, Array) #3 /Users/lars/Dropbox (medo.check)/Privat/Mamp/websites/Schrabergschule/wire/core/WireHooks.php(549): ProcessWire\Wire->_callMethod('___render', Array) #4 /Users/lars/Dropbox (medo.check)/Privat/Mamp/websites/Schrabergschule/wire/core/Wire.php(399): ProcessWire\WireHooks->runHooks(Object(ProcessWire\TemplateFile), 'render', Array) #5 /Users/lars/Dropbox (medo.check)/Privat/Mamp/websites/Schrabergschule/wire/modules/PageRender.module(514): ProcessWire\Wire->__call('render', Array) #6 [internal function]: ProcessWire\PageRender->___ (line 6 of /Users/lars/Dropbox (medo.check)/Privat/Mamp/websites/Schrabergschule/site/templates/basic-page.php)
2017-01-29 21:02:51	guest	http://localhost:8888/Schrabergschule/http404/	Error: 	Uncaught Error: Call to a member function login() on null in /Users/lars/Dropbox (medo.check)/Privat/Mamp/websites/Schrabergschule/site/templates/basic-page.php:6 Stack trace: #0 /Users/lars/Dropbox (medo.check)/Privat/Mamp/websites/Schrabergschule/wire/core/TemplateFile.php(268): require() #1 [internal function]: ProcessWire\TemplateFile->___render() #2 /Users/lars/Dropbox (medo.check)/Privat/Mamp/websites/Schrabergschule/wire/core/Wire.php(374): call_user_func_array(Array, Array) #3 /Users/lars/Dropbox (medo.check)/Privat/Mamp/websites/Schrabergschule/wire/core/WireHooks.php(549): ProcessWire\Wire->_callMethod('___render', Array) #4 /Users/lars/Dropbox (medo.check)/Privat/Mamp/websites/Schrabergschule/wire/core/Wire.php(399): ProcessWire\WireHooks->runHooks(Object(ProcessWire\TemplateFile), 'render', Array) #5 /Users/lars/Dropbox (medo.check)/Privat/Mamp/websites/Schrabergschule/wire/modules/PageRender.module(514): ProcessWire\Wire->__call('render', Array) #6 [internal function]: ProcessWire\PageRender->___ (line 6 of /Users/lars/Dropbox (medo.check)/Privat/Mamp/websites/Schrabergschule/site/templates/basic-page.php)
2017-01-29 21:06:49	admin	http://localhost:8888/schrabergschule/http404/	Fehler: 	Uncaught Error: Call to a member function login() on null in /Users/lars/Dropbox (medo.check)/Privat/Mamp/websites/schrabergschule/site/templates/basic-page.php:6 Stack trace: #0 /Users/lars/Dropbox (medo.check)/Privat/Mamp/websites/schrabergschule/wire/core/TemplateFile.php(268): require() #1 [internal function]: ProcessWire\TemplateFile->___render() #2 /Users/lars/Dropbox (medo.check)/Privat/Mamp/websites/schrabergschule/wire/core/Wire.php(374): call_user_func_array(Array, Array) #3 /Users/lars/Dropbox (medo.check)/Privat/Mamp/websites/schrabergschule/wire/core/WireHooks.php(549): ProcessWire\Wire->_callMethod('___render', Array) #4 /Users/lars/Dropbox (medo.check)/Privat/Mamp/websites/schrabergschule/wire/core/Wire.php(399): ProcessWire\WireHooks->runHooks(Object(ProcessWire\TemplateFile), 'render', Array) #5 /Users/lars/Dropbox (medo.check)/Privat/Mamp/websites/schrabergschule/wire/modules/PageRender.module(514): ProcessWire\Wire->__call('render', Array) #6 [internal function]: ProcessWire\PageRender->___ (Zeile 6 in /Users/lars/Dropbox (medo.check)/Privat/Mamp/websites/schrabergschule/site/templates/basic-page.php)
2017-01-29 21:08:33	admin	http://localhost:8888/schrabergschule/http404/	Fehler: 	Uncaught Error: Call to a member function login() on null in /Users/lars/Dropbox (medo.check)/Privat/Mamp/websites/schrabergschule/site/templates/basic-page.php:6 Stack trace: #0 /Users/lars/Dropbox (medo.check)/Privat/Mamp/websites/schrabergschule/wire/core/TemplateFile.php(268): require() #1 [internal function]: ProcessWire\TemplateFile->___render() #2 /Users/lars/Dropbox (medo.check)/Privat/Mamp/websites/schrabergschule/wire/core/Wire.php(374): call_user_func_array(Array, Array) #3 /Users/lars/Dropbox (medo.check)/Privat/Mamp/websites/schrabergschule/wire/core/WireHooks.php(549): ProcessWire\Wire->_callMethod('___render', Array) #4 /Users/lars/Dropbox (medo.check)/Privat/Mamp/websites/schrabergschule/wire/core/Wire.php(399): ProcessWire\WireHooks->runHooks(Object(ProcessWire\TemplateFile), 'render', Array) #5 /Users/lars/Dropbox (medo.check)/Privat/Mamp/websites/schrabergschule/wire/modules/PageRender.module(514): ProcessWire\Wire->__call('render', Array) #6 [internal function]: ProcessWire\PageRender->___ (Zeile 6 in /Users/lars/Dropbox (medo.check)/Privat/Mamp/websites/schrabergschule/site/templates/basic-page.php)
2017-01-29 21:09:13	admin	http://localhost:8888/schrabergschule/http404/	Fehler: 	Uncaught Error: Call to a member function login() on null in /Users/lars/Dropbox (medo.check)/Privat/Mamp/websites/schrabergschule/site/templates/basic-page.php:6 Stack trace: #0 /Users/lars/Dropbox (medo.check)/Privat/Mamp/websites/schrabergschule/wire/core/TemplateFile.php(268): require() #1 [internal function]: ProcessWire\TemplateFile->___render() #2 /Users/lars/Dropbox (medo.check)/Privat/Mamp/websites/schrabergschule/wire/core/Wire.php(374): call_user_func_array(Array, Array) #3 /Users/lars/Dropbox (medo.check)/Privat/Mamp/websites/schrabergschule/wire/core/WireHooks.php(549): ProcessWire\Wire->_callMethod('___render', Array) #4 /Users/lars/Dropbox (medo.check)/Privat/Mamp/websites/schrabergschule/wire/core/Wire.php(399): ProcessWire\WireHooks->runHooks(Object(ProcessWire\TemplateFile), 'render', Array) #5 /Users/lars/Dropbox (medo.check)/Privat/Mamp/websites/schrabergschule/wire/modules/PageRender.module(514): ProcessWire\Wire->__call('render', Array) #6 [internal function]: ProcessWire\PageRender->___ (Zeile 6 in /Users/lars/Dropbox (medo.check)/Privat/Mamp/websites/schrabergschule/site/templates/basic-page.php)
2017-01-29 21:09:14	admin	http://localhost:8888/schrabergschule/http404/	Fehler: 	Uncaught Error: Call to a member function login() on null in /Users/lars/Dropbox (medo.check)/Privat/Mamp/websites/schrabergschule/site/templates/basic-page.php:6 Stack trace: #0 /Users/lars/Dropbox (medo.check)/Privat/Mamp/websites/schrabergschule/wire/core/TemplateFile.php(268): require() #1 [internal function]: ProcessWire\TemplateFile->___render() #2 /Users/lars/Dropbox (medo.check)/Privat/Mamp/websites/schrabergschule/wire/core/Wire.php(374): call_user_func_array(Array, Array) #3 /Users/lars/Dropbox (medo.check)/Privat/Mamp/websites/schrabergschule/wire/core/WireHooks.php(549): ProcessWire\Wire->_callMethod('___render', Array) #4 /Users/lars/Dropbox (medo.check)/Privat/Mamp/websites/schrabergschule/wire/core/Wire.php(399): ProcessWire\WireHooks->runHooks(Object(ProcessWire\TemplateFile), 'render', Array) #5 /Users/lars/Dropbox (medo.check)/Privat/Mamp/websites/schrabergschule/wire/modules/PageRender.module(514): ProcessWire\Wire->__call('render', Array) #6 [internal function]: ProcessWire\PageRender->___ (Zeile 6 in /Users/lars/Dropbox (medo.check)/Privat/Mamp/websites/schrabergschule/site/templates/basic-page.php)
2017-01-29 21:09:16	admin	http://localhost:8888/schrabergschule/http404/	Fehler: 	Uncaught Error: Call to a member function login() on null in /Users/lars/Dropbox (medo.check)/Privat/Mamp/websites/schrabergschule/site/templates/basic-page.php:6 Stack trace: #0 /Users/lars/Dropbox (medo.check)/Privat/Mamp/websites/schrabergschule/wire/core/TemplateFile.php(268): require() #1 [internal function]: ProcessWire\TemplateFile->___render() #2 /Users/lars/Dropbox (medo.check)/Privat/Mamp/websites/schrabergschule/wire/core/Wire.php(374): call_user_func_array(Array, Array) #3 /Users/lars/Dropbox (medo.check)/Privat/Mamp/websites/schrabergschule/wire/core/WireHooks.php(549): ProcessWire\Wire->_callMethod('___render', Array) #4 /Users/lars/Dropbox (medo.check)/Privat/Mamp/websites/schrabergschule/wire/core/Wire.php(399): ProcessWire\WireHooks->runHooks(Object(ProcessWire\TemplateFile), 'render', Array) #5 /Users/lars/Dropbox (medo.check)/Privat/Mamp/websites/schrabergschule/wire/modules/PageRender.module(514): ProcessWire\Wire->__call('render', Array) #6 [internal function]: ProcessWire\PageRender->___ (Zeile 6 in /Users/lars/Dropbox (medo.check)/Privat/Mamp/websites/schrabergschule/site/templates/basic-page.php)
2017-01-29 21:09:18	admin	http://localhost:8888/schrabergschule/http404/	Fehler: 	Uncaught Error: Call to a member function login() on null in /Users/lars/Dropbox (medo.check)/Privat/Mamp/websites/schrabergschule/site/templates/basic-page.php:6 Stack trace: #0 /Users/lars/Dropbox (medo.check)/Privat/Mamp/websites/schrabergschule/wire/core/TemplateFile.php(268): require() #1 [internal function]: ProcessWire\TemplateFile->___render() #2 /Users/lars/Dropbox (medo.check)/Privat/Mamp/websites/schrabergschule/wire/core/Wire.php(374): call_user_func_array(Array, Array) #3 /Users/lars/Dropbox (medo.check)/Privat/Mamp/websites/schrabergschule/wire/core/WireHooks.php(549): ProcessWire\Wire->_callMethod('___render', Array) #4 /Users/lars/Dropbox (medo.check)/Privat/Mamp/websites/schrabergschule/wire/core/Wire.php(399): ProcessWire\WireHooks->runHooks(Object(ProcessWire\TemplateFile), 'render', Array) #5 /Users/lars/Dropbox (medo.check)/Privat/Mamp/websites/schrabergschule/wire/modules/PageRender.module(514): ProcessWire\Wire->__call('render', Array) #6 [internal function]: ProcessWire\PageRender->___ (Zeile 6 in /Users/lars/Dropbox (medo.check)/Privat/Mamp/websites/schrabergschule/site/templates/basic-page.php)
2017-01-29 21:09:20	admin	http://localhost:8888/schrabergschule/http404/	Fehler: 	Uncaught Error: Call to a member function login() on null in /Users/lars/Dropbox (medo.check)/Privat/Mamp/websites/schrabergschule/site/templates/basic-page.php:6 Stack trace: #0 /Users/lars/Dropbox (medo.check)/Privat/Mamp/websites/schrabergschule/wire/core/TemplateFile.php(268): require() #1 [internal function]: ProcessWire\TemplateFile->___render() #2 /Users/lars/Dropbox (medo.check)/Privat/Mamp/websites/schrabergschule/wire/core/Wire.php(374): call_user_func_array(Array, Array) #3 /Users/lars/Dropbox (medo.check)/Privat/Mamp/websites/schrabergschule/wire/core/WireHooks.php(549): ProcessWire\Wire->_callMethod('___render', Array) #4 /Users/lars/Dropbox (medo.check)/Privat/Mamp/websites/schrabergschule/wire/core/Wire.php(399): ProcessWire\WireHooks->runHooks(Object(ProcessWire\TemplateFile), 'render', Array) #5 /Users/lars/Dropbox (medo.check)/Privat/Mamp/websites/schrabergschule/wire/modules/PageRender.module(514): ProcessWire\Wire->__call('render', Array) #6 [internal function]: ProcessWire\PageRender->___ (Zeile 6 in /Users/lars/Dropbox (medo.check)/Privat/Mamp/websites/schrabergschule/site/templates/basic-page.php)
2017-01-29 21:09:34	admin	http://localhost:8888/schrabergschule/http404/	Fehler: 	Uncaught Error: Call to a member function login() on null in /Users/lars/Dropbox (medo.check)/Privat/Mamp/websites/schrabergschule/site/templates/basic-page.php:6 Stack trace: #0 /Users/lars/Dropbox (medo.check)/Privat/Mamp/websites/schrabergschule/wire/core/TemplateFile.php(268): require() #1 [internal function]: ProcessWire\TemplateFile->___render() #2 /Users/lars/Dropbox (medo.check)/Privat/Mamp/websites/schrabergschule/wire/core/Wire.php(374): call_user_func_array(Array, Array) #3 /Users/lars/Dropbox (medo.check)/Privat/Mamp/websites/schrabergschule/wire/core/WireHooks.php(549): ProcessWire\Wire->_callMethod('___render', Array) #4 /Users/lars/Dropbox (medo.check)/Privat/Mamp/websites/schrabergschule/wire/core/Wire.php(399): ProcessWire\WireHooks->runHooks(Object(ProcessWire\TemplateFile), 'render', Array) #5 /Users/lars/Dropbox (medo.check)/Privat/Mamp/websites/schrabergschule/wire/modules/PageRender.module(514): ProcessWire\Wire->__call('render', Array) #6 [internal function]: ProcessWire\PageRender->___ (Zeile 6 in /Users/lars/Dropbox (medo.check)/Privat/Mamp/websites/schrabergschule/site/templates/basic-page.php)
2017-01-29 21:09:46	admin	http://localhost:8888/schrabergschule/http404/	Fehler: 	Uncaught Error: Call to a member function login() on null in /Users/lars/Dropbox (medo.check)/Privat/Mamp/websites/schrabergschule/site/templates/basic-page.php:6 Stack trace: #0 /Users/lars/Dropbox (medo.check)/Privat/Mamp/websites/schrabergschule/wire/core/TemplateFile.php(268): require() #1 [internal function]: ProcessWire\TemplateFile->___render() #2 /Users/lars/Dropbox (medo.check)/Privat/Mamp/websites/schrabergschule/wire/core/Wire.php(374): call_user_func_array(Array, Array) #3 /Users/lars/Dropbox (medo.check)/Privat/Mamp/websites/schrabergschule/wire/core/WireHooks.php(549): ProcessWire\Wire->_callMethod('___render', Array) #4 /Users/lars/Dropbox (medo.check)/Privat/Mamp/websites/schrabergschule/wire/core/Wire.php(399): ProcessWire\WireHooks->runHooks(Object(ProcessWire\TemplateFile), 'render', Array) #5 /Users/lars/Dropbox (medo.check)/Privat/Mamp/websites/schrabergschule/wire/modules/PageRender.module(514): ProcessWire\Wire->__call('render', Array) #6 [internal function]: ProcessWire\PageRender->___ (Zeile 6 in /Users/lars/Dropbox (medo.check)/Privat/Mamp/websites/schrabergschule/site/templates/basic-page.php)
2017-01-29 21:09:53	admin	http://localhost:8888/schrabergschule/http404/	Fehler: 	Uncaught Error: Call to a member function login() on null in /Users/lars/Dropbox (medo.check)/Privat/Mamp/websites/schrabergschule/site/templates/basic-page.php:6 Stack trace: #0 /Users/lars/Dropbox (medo.check)/Privat/Mamp/websites/schrabergschule/wire/core/TemplateFile.php(268): require() #1 [internal function]: ProcessWire\TemplateFile->___render() #2 /Users/lars/Dropbox (medo.check)/Privat/Mamp/websites/schrabergschule/wire/core/Wire.php(374): call_user_func_array(Array, Array) #3 /Users/lars/Dropbox (medo.check)/Privat/Mamp/websites/schrabergschule/wire/core/WireHooks.php(549): ProcessWire\Wire->_callMethod('___render', Array) #4 /Users/lars/Dropbox (medo.check)/Privat/Mamp/websites/schrabergschule/wire/core/Wire.php(399): ProcessWire\WireHooks->runHooks(Object(ProcessWire\TemplateFile), 'render', Array) #5 /Users/lars/Dropbox (medo.check)/Privat/Mamp/websites/schrabergschule/wire/modules/PageRender.module(514): ProcessWire\Wire->__call('render', Array) #6 [internal function]: ProcessWire\PageRender->___ (Zeile 6 in /Users/lars/Dropbox (medo.check)/Privat/Mamp/websites/schrabergschule/site/templates/basic-page.php)
2017-01-29 21:12:54	admin	http://localhost:8888/schrabergschule/http404/	Fehler: 	Uncaught Error: Call to a member function login() on null in /Users/lars/Dropbox (medo.check)/Privat/Mamp/websites/schrabergschule/site/templates/basic-page.php:6 Stack trace: #0 /Users/lars/Dropbox (medo.check)/Privat/Mamp/websites/schrabergschule/wire/core/TemplateFile.php(268): require() #1 [internal function]: ProcessWire\TemplateFile->___render() #2 /Users/lars/Dropbox (medo.check)/Privat/Mamp/websites/schrabergschule/wire/core/Wire.php(374): call_user_func_array(Array, Array) #3 /Users/lars/Dropbox (medo.check)/Privat/Mamp/websites/schrabergschule/wire/core/WireHooks.php(549): ProcessWire\Wire->_callMethod('___render', Array) #4 /Users/lars/Dropbox (medo.check)/Privat/Mamp/websites/schrabergschule/wire/core/Wire.php(399): ProcessWire\WireHooks->runHooks(Object(ProcessWire\TemplateFile), 'render', Array) #5 /Users/lars/Dropbox (medo.check)/Privat/Mamp/websites/schrabergschule/wire/modules/PageRender.module(514): ProcessWire\Wire->__call('render', Array) #6 [internal function]: ProcessWire\PageRender->___ (Zeile 6 in /Users/lars/Dropbox (medo.check)/Privat/Mamp/websites/schrabergschule/site/templates/basic-page.php)
2017-01-29 21:13:45	admin	http://localhost:8888/schrabergschule/http404/	Fehler: 	Uncaught Error: Call to a member function login() on null in /Users/lars/Dropbox (medo.check)/Privat/Mamp/websites/schrabergschule/site/templates/basic-page.php:6 Stack trace: #0 /Users/lars/Dropbox (medo.check)/Privat/Mamp/websites/schrabergschule/wire/core/TemplateFile.php(268): require() #1 [internal function]: ProcessWire\TemplateFile->___render() #2 /Users/lars/Dropbox (medo.check)/Privat/Mamp/websites/schrabergschule/wire/core/Wire.php(374): call_user_func_array(Array, Array) #3 /Users/lars/Dropbox (medo.check)/Privat/Mamp/websites/schrabergschule/wire/core/WireHooks.php(549): ProcessWire\Wire->_callMethod('___render', Array) #4 /Users/lars/Dropbox (medo.check)/Privat/Mamp/websites/schrabergschule/wire/core/Wire.php(399): ProcessWire\WireHooks->runHooks(Object(ProcessWire\TemplateFile), 'render', Array) #5 /Users/lars/Dropbox (medo.check)/Privat/Mamp/websites/schrabergschule/wire/modules/PageRender.module(514): ProcessWire\Wire->__call('render', Array) #6 [internal function]: ProcessWire\PageRender->___ (Zeile 6 in /Users/lars/Dropbox (medo.check)/Privat/Mamp/websites/schrabergschule/site/templates/basic-page.php)
2017-01-29 21:14:35	admin	http://localhost:8888/schrabergschule/http404/	Fehler: 	Uncaught Error: Call to a member function login() on null in /Users/lars/Dropbox (medo.check)/Privat/Mamp/websites/schrabergschule/site/templates/basic-page.php:6 Stack trace: #0 /Users/lars/Dropbox (medo.check)/Privat/Mamp/websites/schrabergschule/wire/core/TemplateFile.php(268): require() #1 [internal function]: ProcessWire\TemplateFile->___render() #2 /Users/lars/Dropbox (medo.check)/Privat/Mamp/websites/schrabergschule/wire/core/Wire.php(374): call_user_func_array(Array, Array) #3 /Users/lars/Dropbox (medo.check)/Privat/Mamp/websites/schrabergschule/wire/core/WireHooks.php(549): ProcessWire\Wire->_callMethod('___render', Array) #4 /Users/lars/Dropbox (medo.check)/Privat/Mamp/websites/schrabergschule/wire/core/Wire.php(399): ProcessWire\WireHooks->runHooks(Object(ProcessWire\TemplateFile), 'render', Array) #5 /Users/lars/Dropbox (medo.check)/Privat/Mamp/websites/schrabergschule/wire/modules/PageRender.module(514): ProcessWire\Wire->__call('render', Array) #6 [internal function]: ProcessWire\PageRender->___ (Zeile 6 in /Users/lars/Dropbox (medo.check)/Privat/Mamp/websites/schrabergschule/site/templates/basic-page.php)
2017-01-29 21:14:44	admin	http://localhost:8888/schrabergschule/http404/	Fehler: 	Uncaught Error: Call to a member function login() on null in /Users/lars/Dropbox (medo.check)/Privat/Mamp/websites/schrabergschule/site/templates/basic-page.php:6 Stack trace: #0 /Users/lars/Dropbox (medo.check)/Privat/Mamp/websites/schrabergschule/wire/core/TemplateFile.php(268): require() #1 [internal function]: ProcessWire\TemplateFile->___render() #2 /Users/lars/Dropbox (medo.check)/Privat/Mamp/websites/schrabergschule/wire/core/Wire.php(374): call_user_func_array(Array, Array) #3 /Users/lars/Dropbox (medo.check)/Privat/Mamp/websites/schrabergschule/wire/core/WireHooks.php(549): ProcessWire\Wire->_callMethod('___render', Array) #4 /Users/lars/Dropbox (medo.check)/Privat/Mamp/websites/schrabergschule/wire/core/Wire.php(399): ProcessWire\WireHooks->runHooks(Object(ProcessWire\TemplateFile), 'render', Array) #5 /Users/lars/Dropbox (medo.check)/Privat/Mamp/websites/schrabergschule/wire/modules/PageRender.module(514): ProcessWire\Wire->__call('render', Array) #6 [internal function]: ProcessWire\PageRender->___ (Zeile 6 in /Users/lars/Dropbox (medo.check)/Privat/Mamp/websites/schrabergschule/site/templates/basic-page.php)
2017-01-29 21:14:57	admin	http://localhost:8888/schrabergschule/http404/	Fehler: 	Uncaught Error: Call to a member function login() on null in /Users/lars/Dropbox (medo.check)/Privat/Mamp/websites/schrabergschule/site/templates/basic-page.php:6 Stack trace: #0 /Users/lars/Dropbox (medo.check)/Privat/Mamp/websites/schrabergschule/wire/core/TemplateFile.php(268): require() #1 [internal function]: ProcessWire\TemplateFile->___render() #2 /Users/lars/Dropbox (medo.check)/Privat/Mamp/websites/schrabergschule/wire/core/Wire.php(374): call_user_func_array(Array, Array) #3 /Users/lars/Dropbox (medo.check)/Privat/Mamp/websites/schrabergschule/wire/core/WireHooks.php(549): ProcessWire\Wire->_callMethod('___render', Array) #4 /Users/lars/Dropbox (medo.check)/Privat/Mamp/websites/schrabergschule/wire/core/Wire.php(399): ProcessWire\WireHooks->runHooks(Object(ProcessWire\TemplateFile), 'render', Array) #5 /Users/lars/Dropbox (medo.check)/Privat/Mamp/websites/schrabergschule/wire/modules/PageRender.module(514): ProcessWire\Wire->__call('render', Array) #6 [internal function]: ProcessWire\PageRender->___ (Zeile 6 in /Users/lars/Dropbox (medo.check)/Privat/Mamp/websites/schrabergschule/site/templates/basic-page.php)
2017-01-29 21:28:59	admin	http://localhost:8888/schrabergschule/http404/	Fehler: 	Uncaught Error: Call to a member function login() on null in /Users/lars/Dropbox (medo.check)/Privat/Mamp/websites/schrabergschule/site/templates/basic-page.php:6 Stack trace: #0 /Users/lars/Dropbox (medo.check)/Privat/Mamp/websites/schrabergschule/wire/core/TemplateFile.php(268): require() #1 [internal function]: ProcessWire\TemplateFile->___render() #2 /Users/lars/Dropbox (medo.check)/Privat/Mamp/websites/schrabergschule/wire/core/Wire.php(374): call_user_func_array(Array, Array) #3 /Users/lars/Dropbox (medo.check)/Privat/Mamp/websites/schrabergschule/wire/core/WireHooks.php(549): ProcessWire\Wire->_callMethod('___render', Array) #4 /Users/lars/Dropbox (medo.check)/Privat/Mamp/websites/schrabergschule/wire/core/Wire.php(399): ProcessWire\WireHooks->runHooks(Object(ProcessWire\TemplateFile), 'render', Array) #5 /Users/lars/Dropbox (medo.check)/Privat/Mamp/websites/schrabergschule/wire/modules/PageRender.module(514): ProcessWire\Wire->__call('render', Array) #6 [internal function]: ProcessWire\PageRender->___ (Zeile 6 in /Users/lars/Dropbox (medo.check)/Privat/Mamp/websites/schrabergschule/site/templates/basic-page.php)
2017-01-29 21:47:01	admin	http://localhost:8888/schrabergschule/http404/	Fehler: 	Uncaught Error: Call to a member function login() on null in /Users/lars/Dropbox (medo.check)/Privat/Mamp/websites/schrabergschule/site/templates/basic-page.php:6 Stack trace: #0 /Users/lars/Dropbox (medo.check)/Privat/Mamp/websites/schrabergschule/wire/core/TemplateFile.php(268): require() #1 [internal function]: ProcessWire\TemplateFile->___render() #2 /Users/lars/Dropbox (medo.check)/Privat/Mamp/websites/schrabergschule/wire/core/Wire.php(374): call_user_func_array(Array, Array) #3 /Users/lars/Dropbox (medo.check)/Privat/Mamp/websites/schrabergschule/wire/core/WireHooks.php(549): ProcessWire\Wire->_callMethod('___render', Array) #4 /Users/lars/Dropbox (medo.check)/Privat/Mamp/websites/schrabergschule/wire/core/Wire.php(399): ProcessWire\WireHooks->runHooks(Object(ProcessWire\TemplateFile), 'render', Array) #5 /Users/lars/Dropbox (medo.check)/Privat/Mamp/websites/schrabergschule/wire/modules/PageRender.module(514): ProcessWire\Wire->__call('render', Array) #6 [internal function]: ProcessWire\PageRender->___ (Zeile 6 in /Users/lars/Dropbox (medo.check)/Privat/Mamp/websites/schrabergschule/site/templates/basic-page.php)
2017-01-29 21:47:44	admin	http://localhost:8888/schrabergschule/http404/	Fehler: 	Uncaught Error: Call to a member function login() on null in /Users/lars/Dropbox (medo.check)/Privat/Mamp/websites/schrabergschule/site/templates/basic-page.php:6 Stack trace: #0 /Users/lars/Dropbox (medo.check)/Privat/Mamp/websites/schrabergschule/wire/core/TemplateFile.php(268): require() #1 [internal function]: ProcessWire\TemplateFile->___render() #2 /Users/lars/Dropbox (medo.check)/Privat/Mamp/websites/schrabergschule/wire/core/Wire.php(374): call_user_func_array(Array, Array) #3 /Users/lars/Dropbox (medo.check)/Privat/Mamp/websites/schrabergschule/wire/core/WireHooks.php(549): ProcessWire\Wire->_callMethod('___render', Array) #4 /Users/lars/Dropbox (medo.check)/Privat/Mamp/websites/schrabergschule/wire/core/Wire.php(399): ProcessWire\WireHooks->runHooks(Object(ProcessWire\TemplateFile), 'render', Array) #5 /Users/lars/Dropbox (medo.check)/Privat/Mamp/websites/schrabergschule/wire/modules/PageRender.module(514): ProcessWire\Wire->__call('render', Array) #6 [internal function]: ProcessWire\PageRender->___ (Zeile 6 in /Users/lars/Dropbox (medo.check)/Privat/Mamp/websites/schrabergschule/site/templates/basic-page.php)
2017-01-29 21:51:58	admin	http://localhost:8888/schrabergschule/http404/	Fehler: 	Uncaught Error: Call to a member function login() on null in /Users/lars/Dropbox (medo.check)/Privat/Mamp/websites/schrabergschule/site/templates/basic-page.php:6 Stack trace: #0 /Users/lars/Dropbox (medo.check)/Privat/Mamp/websites/schrabergschule/wire/core/TemplateFile.php(268): require() #1 [internal function]: ProcessWire\TemplateFile->___render() #2 /Users/lars/Dropbox (medo.check)/Privat/Mamp/websites/schrabergschule/wire/core/Wire.php(374): call_user_func_array(Array, Array) #3 /Users/lars/Dropbox (medo.check)/Privat/Mamp/websites/schrabergschule/wire/core/WireHooks.php(549): ProcessWire\Wire->_callMethod('___render', Array) #4 /Users/lars/Dropbox (medo.check)/Privat/Mamp/websites/schrabergschule/wire/core/Wire.php(399): ProcessWire\WireHooks->runHooks(Object(ProcessWire\TemplateFile), 'render', Array) #5 /Users/lars/Dropbox (medo.check)/Privat/Mamp/websites/schrabergschule/wire/modules/PageRender.module(514): ProcessWire\Wire->__call('render', Array) #6 [internal function]: ProcessWire\PageRender->___ (Zeile 6 in /Users/lars/Dropbox (medo.check)/Privat/Mamp/websites/schrabergschule/site/templates/basic-page.php)
2017-01-29 21:52:10	admin	http://localhost:8888/schrabergschule/http404/	Fehler: 	Uncaught Error: Call to a member function login() on null in /Users/lars/Dropbox (medo.check)/Privat/Mamp/websites/schrabergschule/site/templates/basic-page.php:6 Stack trace: #0 /Users/lars/Dropbox (medo.check)/Privat/Mamp/websites/schrabergschule/wire/core/TemplateFile.php(268): require() #1 [internal function]: ProcessWire\TemplateFile->___render() #2 /Users/lars/Dropbox (medo.check)/Privat/Mamp/websites/schrabergschule/wire/core/Wire.php(374): call_user_func_array(Array, Array) #3 /Users/lars/Dropbox (medo.check)/Privat/Mamp/websites/schrabergschule/wire/core/WireHooks.php(549): ProcessWire\Wire->_callMethod('___render', Array) #4 /Users/lars/Dropbox (medo.check)/Privat/Mamp/websites/schrabergschule/wire/core/Wire.php(399): ProcessWire\WireHooks->runHooks(Object(ProcessWire\TemplateFile), 'render', Array) #5 /Users/lars/Dropbox (medo.check)/Privat/Mamp/websites/schrabergschule/wire/modules/PageRender.module(514): ProcessWire\Wire->__call('render', Array) #6 [internal function]: ProcessWire\PageRender->___ (Zeile 6 in /Users/lars/Dropbox (medo.check)/Privat/Mamp/websites/schrabergschule/site/templates/basic-page.php)
2017-01-29 22:02:28	admin	http://localhost:8888/schrabergschule/unsere-schule/klassen/giraffen/	Fehler: 	Uncaught Error: Call to a member function format() on boolean in /Users/lars/Dropbox (medo.check)/Privat/Mamp/websites/schrabergschule/site/assets/cache/FileCompiler/site/templates/_func.php:177 Stack trace: #0 /Users/lars/Dropbox (medo.check)/Privat/Mamp/websites/schrabergschule/site/templates/Klasse.php(11): renderImageGalleryPreview(Object(ProcessWire\Page), '<h2 class="clas...', false) #1 /Users/lars/Dropbox (medo.check)/Privat/Mamp/websites/schrabergschule/wire/core/TemplateFile.php(268): require('/Users/lars/Dro...') #2 [internal function]: ProcessWire\TemplateFile->___render() #3 /Users/lars/Dropbox (medo.check)/Privat/Mamp/websites/schrabergschule/wire/core/Wire.php(374): call_user_func_array(Array, Array) #4 /Users/lars/Dropbox (medo.check)/Privat/Mamp/websites/schrabergschule/wire/core/WireHooks.php(549): ProcessWire\Wire->_callMethod('___render', Array) #5 /Users/lars/Dropbox (medo.check)/Privat/Mamp/websites/schrabergschule/wire/core/Wire.php(399): ProcessWire\WireHooks->runHooks(Object(ProcessWir (Zeile 177 in /Users/lars/Dropbox (medo.check)/Privat/Mamp/websites/schrabergschule/site/assets/cache/FileCompiler/site/templates/_func.php)
2017-01-29 22:05:41	admin	http://localhost:8888/schrabergschule/unsere-schule/klassen/giraffen/	Fehler: 	Uncaught Error: Call to a member function format() on boolean in /Users/lars/Dropbox (medo.check)/Privat/Mamp/websites/schrabergschule/site/assets/cache/FileCompiler/site/templates/_func.php:177 Stack trace: #0 /Users/lars/Dropbox (medo.check)/Privat/Mamp/websites/schrabergschule/site/templates/Klasse.php(11): renderImageGalleryPreview(Object(ProcessWire\Page), '<h2 class="clas...', false) #1 /Users/lars/Dropbox (medo.check)/Privat/Mamp/websites/schrabergschule/wire/core/TemplateFile.php(268): require('/Users/lars/Dro...') #2 [internal function]: ProcessWire\TemplateFile->___render() #3 /Users/lars/Dropbox (medo.check)/Privat/Mamp/websites/schrabergschule/wire/core/Wire.php(374): call_user_func_array(Array, Array) #4 /Users/lars/Dropbox (medo.check)/Privat/Mamp/websites/schrabergschule/wire/core/WireHooks.php(549): ProcessWire\Wire->_callMethod('___render', Array) #5 /Users/lars/Dropbox (medo.check)/Privat/Mamp/websites/schrabergschule/wire/core/Wire.php(399): ProcessWire\WireHooks->runHooks(Object(ProcessWir (Zeile 177 in /Users/lars/Dropbox (medo.check)/Privat/Mamp/websites/schrabergschule/site/assets/cache/FileCompiler/site/templates/_func.php)
2017-01-29 22:05:42	admin	http://localhost:8888/schrabergschule/unsere-schule/klassen/giraffen/	Fehler: 	Uncaught Error: Call to a member function format() on boolean in /Users/lars/Dropbox (medo.check)/Privat/Mamp/websites/schrabergschule/site/assets/cache/FileCompiler/site/templates/_func.php:177 Stack trace: #0 /Users/lars/Dropbox (medo.check)/Privat/Mamp/websites/schrabergschule/site/templates/Klasse.php(11): renderImageGalleryPreview(Object(ProcessWire\Page), '<h2 class="clas...', false) #1 /Users/lars/Dropbox (medo.check)/Privat/Mamp/websites/schrabergschule/wire/core/TemplateFile.php(268): require('/Users/lars/Dro...') #2 [internal function]: ProcessWire\TemplateFile->___render() #3 /Users/lars/Dropbox (medo.check)/Privat/Mamp/websites/schrabergschule/wire/core/Wire.php(374): call_user_func_array(Array, Array) #4 /Users/lars/Dropbox (medo.check)/Privat/Mamp/websites/schrabergschule/wire/core/WireHooks.php(549): ProcessWire\Wire->_callMethod('___render', Array) #5 /Users/lars/Dropbox (medo.check)/Privat/Mamp/websites/schrabergschule/wire/core/Wire.php(399): ProcessWire\WireHooks->runHooks(Object(ProcessWir (Zeile 177 in /Users/lars/Dropbox (medo.check)/Privat/Mamp/websites/schrabergschule/site/assets/cache/FileCompiler/site/templates/_func.php)
2017-01-29 22:07:56	admin	http://localhost:8888/schrabergschule/http404/	Fehler: 	Uncaught Error: Call to a member function login() on null in /Users/lars/Dropbox (medo.check)/Privat/Mamp/websites/schrabergschule/site/templates/basic-page.php:6 Stack trace: #0 /Users/lars/Dropbox (medo.check)/Privat/Mamp/websites/schrabergschule/wire/core/TemplateFile.php(268): require() #1 [internal function]: ProcessWire\TemplateFile->___render() #2 /Users/lars/Dropbox (medo.check)/Privat/Mamp/websites/schrabergschule/wire/core/Wire.php(374): call_user_func_array(Array, Array) #3 /Users/lars/Dropbox (medo.check)/Privat/Mamp/websites/schrabergschule/wire/core/WireHooks.php(549): ProcessWire\Wire->_callMethod('___render', Array) #4 /Users/lars/Dropbox (medo.check)/Privat/Mamp/websites/schrabergschule/wire/core/Wire.php(399): ProcessWire\WireHooks->runHooks(Object(ProcessWire\TemplateFile), 'render', Array) #5 /Users/lars/Dropbox (medo.check)/Privat/Mamp/websites/schrabergschule/wire/modules/PageRender.module(514): ProcessWire\Wire->__call('render', Array) #6 [internal function]: ProcessWire\PageRender->___ (Zeile 6 in /Users/lars/Dropbox (medo.check)/Privat/Mamp/websites/schrabergschule/site/templates/basic-page.php)
2017-01-29 22:08:04	admin	http://localhost:8888/schrabergschule/http404/	Fehler: 	Uncaught Error: Call to a member function login() on null in /Users/lars/Dropbox (medo.check)/Privat/Mamp/websites/schrabergschule/site/templates/basic-page.php:6 Stack trace: #0 /Users/lars/Dropbox (medo.check)/Privat/Mamp/websites/schrabergschule/wire/core/TemplateFile.php(268): require() #1 [internal function]: ProcessWire\TemplateFile->___render() #2 /Users/lars/Dropbox (medo.check)/Privat/Mamp/websites/schrabergschule/wire/core/Wire.php(374): call_user_func_array(Array, Array) #3 /Users/lars/Dropbox (medo.check)/Privat/Mamp/websites/schrabergschule/wire/core/WireHooks.php(549): ProcessWire\Wire->_callMethod('___render', Array) #4 /Users/lars/Dropbox (medo.check)/Privat/Mamp/websites/schrabergschule/wire/core/Wire.php(399): ProcessWire\WireHooks->runHooks(Object(ProcessWire\TemplateFile), 'render', Array) #5 /Users/lars/Dropbox (medo.check)/Privat/Mamp/websites/schrabergschule/wire/modules/PageRender.module(514): ProcessWire\Wire->__call('render', Array) #6 [internal function]: ProcessWire\PageRender->___ (Zeile 6 in /Users/lars/Dropbox (medo.check)/Privat/Mamp/websites/schrabergschule/site/templates/basic-page.php)
2017-01-29 23:02:12	admin	http://localhost:8888/Schrabergschule/unsere-schule/klassen/giraffen/	Fehler: 	Uncaught Error: Call to undefined function isLoggedIn() in /Users/lars/Dropbox (medo.check)/Privat/Mamp/websites/Schrabergschule/site/templates/Klasse.php:11 Stack trace: #0 /Users/lars/Dropbox (medo.check)/Privat/Mamp/websites/Schrabergschule/wire/core/TemplateFile.php(268): require() #1 [internal function]: ProcessWire\TemplateFile->___render() #2 /Users/lars/Dropbox (medo.check)/Privat/Mamp/websites/Schrabergschule/wire/core/Wire.php(374): call_user_func_array(Array, Array) #3 /Users/lars/Dropbox (medo.check)/Privat/Mamp/websites/Schrabergschule/wire/core/WireHooks.php(549): ProcessWire\Wire->_callMethod('___render', Array) #4 /Users/lars/Dropbox (medo.check)/Privat/Mamp/websites/Schrabergschule/wire/core/Wire.php(399): ProcessWire\WireHooks->runHooks(Object(ProcessWire\TemplateFile), 'render', Array) #5 /Users/lars/Dropbox (medo.check)/Privat/Mamp/websites/Schrabergschule/wire/modules/PageRender.module(514): ProcessWire\Wire->__call('render', Array) #6 [internal function]: ProcessWire\PageRender->___rende (Zeile 11 in /Users/lars/Dropbox (medo.check)/Privat/Mamp/websites/Schrabergschule/site/templates/Klasse.php)
2017-02-05 17:32:01	admin	http://localhost:8888/Schrabergschule/processwire/module/	Parser-Fehler: 	syntax error, unexpected ',' (Zeile 242 in /Users/lars/Dropbox (medo.check)/Privat/Mamp/websites/Schrabergschule/site/assets/cache/FileCompiler/site/modules/Calendar/Sabre/VObject/TimeZoneUtil.php)
2017-02-05 18:11:27	admin	http://localhost:8888/Schrabergschule/termine/	Fehler: 	Exception: Field does not exist: datfrom (in /Users/lars/Dropbox (medo.check)/Privat/Mamp/websites/Schrabergschule/wire/core/PageFinder.php line 815)  #0 [internal function]: ProcessWire\PageFinder->___getQuery(Object(ProcessWire\Selectors), Array) #1 /Users/lars/Dropbox (medo.check)/Privat/Mamp/websites/Schrabergschule/wire/core/Wire.php(374): call_user_func_array(Array, Array) #2 /Users/lars/Dropbox (medo.check)/Privat/Mamp/websites/Schrabergschule/wire/core/WireHooks.php(549): ProcessWire\Wire->_callMethod('___getQuery', Array) #3 /Users/lars/Dropbox (medo.check)/Privat/Mamp/websites/Schrabergschule/wire/core/Wire.php(399): ProcessWire\WireHooks->runHooks(Object(ProcessWire\PageFinder), 'getQuery', Array) #4 /Users/lars/Dropbox (medo.check)/Privat/Mamp/websites/Schrabergschule/wire/core/PageFinder.php(365): ProcessWire\Wire->__call('getQuery', Array) #5 [internal function]: ProcessWire\PageFinder->___find(Object(ProcessWire\Selectors), Array) #6 /Users/lars/Dropbox (medo.check)/Privat/Mamp/websites/Schrabe
2017-02-05 18:11:45	admin	http://localhost:8888/Schrabergschule/http404/	Fehler: 	Uncaught Error: Call to a member function login() on null in /Users/lars/Dropbox (medo.check)/Privat/Mamp/websites/Schrabergschule/site/templates/basic-page.php:6 Stack trace: #0 /Users/lars/Dropbox (medo.check)/Privat/Mamp/websites/Schrabergschule/wire/core/TemplateFile.php(268): require() #1 [internal function]: ProcessWire\TemplateFile->___render() #2 /Users/lars/Dropbox (medo.check)/Privat/Mamp/websites/Schrabergschule/wire/core/Wire.php(374): call_user_func_array(Array, Array) #3 /Users/lars/Dropbox (medo.check)/Privat/Mamp/websites/Schrabergschule/wire/core/WireHooks.php(549): ProcessWire\Wire->_callMethod('___render', Array) #4 /Users/lars/Dropbox (medo.check)/Privat/Mamp/websites/Schrabergschule/wire/core/Wire.php(399): ProcessWire\WireHooks->runHooks(Object(ProcessWire\TemplateFile), 'render', Array) #5 /Users/lars/Dropbox (medo.check)/Privat/Mamp/websites/Schrabergschule/wire/modules/PageRender.module(514): ProcessWire\Wire->__call('render', Array) #6 [internal function]: ProcessWire\PageRender->___ (Zeile 6 in /Users/lars/Dropbox (medo.check)/Privat/Mamp/websites/Schrabergschule/site/templates/basic-page.php)
2017-02-05 18:11:45	admin	http://localhost:8888/Schrabergschule/http404/	Fehler: 	Uncaught Error: Call to a member function login() on null in /Users/lars/Dropbox (medo.check)/Privat/Mamp/websites/Schrabergschule/site/templates/basic-page.php:6 Stack trace: #0 /Users/lars/Dropbox (medo.check)/Privat/Mamp/websites/Schrabergschule/wire/core/TemplateFile.php(268): require() #1 [internal function]: ProcessWire\TemplateFile->___render() #2 /Users/lars/Dropbox (medo.check)/Privat/Mamp/websites/Schrabergschule/wire/core/Wire.php(374): call_user_func_array(Array, Array) #3 /Users/lars/Dropbox (medo.check)/Privat/Mamp/websites/Schrabergschule/wire/core/WireHooks.php(549): ProcessWire\Wire->_callMethod('___render', Array) #4 /Users/lars/Dropbox (medo.check)/Privat/Mamp/websites/Schrabergschule/wire/core/Wire.php(399): ProcessWire\WireHooks->runHooks(Object(ProcessWire\TemplateFile), 'render', Array) #5 /Users/lars/Dropbox (medo.check)/Privat/Mamp/websites/Schrabergschule/wire/modules/PageRender.module(514): ProcessWire\Wire->__call('render', Array) #6 [internal function]: ProcessWire\PageRender->___ (Zeile 6 in /Users/lars/Dropbox (medo.check)/Privat/Mamp/websites/Schrabergschule/site/templates/basic-page.php)
2017-02-05 18:11:45	admin	http://localhost:8888/Schrabergschule/http404/	Fehler: 	Uncaught Error: Call to a member function login() on null in /Users/lars/Dropbox (medo.check)/Privat/Mamp/websites/Schrabergschule/site/templates/basic-page.php:6 Stack trace: #0 /Users/lars/Dropbox (medo.check)/Privat/Mamp/websites/Schrabergschule/wire/core/TemplateFile.php(268): require() #1 [internal function]: ProcessWire\TemplateFile->___render() #2 /Users/lars/Dropbox (medo.check)/Privat/Mamp/websites/Schrabergschule/wire/core/Wire.php(374): call_user_func_array(Array, Array) #3 /Users/lars/Dropbox (medo.check)/Privat/Mamp/websites/Schrabergschule/wire/core/WireHooks.php(549): ProcessWire\Wire->_callMethod('___render', Array) #4 /Users/lars/Dropbox (medo.check)/Privat/Mamp/websites/Schrabergschule/wire/core/Wire.php(399): ProcessWire\WireHooks->runHooks(Object(ProcessWire\TemplateFile), 'render', Array) #5 /Users/lars/Dropbox (medo.check)/Privat/Mamp/websites/Schrabergschule/wire/modules/PageRender.module(514): ProcessWire\Wire->__call('render', Array) #6 [internal function]: ProcessWire\PageRender->___ (Zeile 6 in /Users/lars/Dropbox (medo.check)/Privat/Mamp/websites/Schrabergschule/site/templates/basic-page.php)
2017-02-05 18:11:52	admin	http://localhost:8888/Schrabergschule/http404/	Fehler: 	Uncaught Error: Call to a member function login() on null in /Users/lars/Dropbox (medo.check)/Privat/Mamp/websites/Schrabergschule/site/templates/basic-page.php:6 Stack trace: #0 /Users/lars/Dropbox (medo.check)/Privat/Mamp/websites/Schrabergschule/wire/core/TemplateFile.php(268): require() #1 [internal function]: ProcessWire\TemplateFile->___render() #2 /Users/lars/Dropbox (medo.check)/Privat/Mamp/websites/Schrabergschule/wire/core/Wire.php(374): call_user_func_array(Array, Array) #3 /Users/lars/Dropbox (medo.check)/Privat/Mamp/websites/Schrabergschule/wire/core/WireHooks.php(549): ProcessWire\Wire->_callMethod('___render', Array) #4 /Users/lars/Dropbox (medo.check)/Privat/Mamp/websites/Schrabergschule/wire/core/Wire.php(399): ProcessWire\WireHooks->runHooks(Object(ProcessWire\TemplateFile), 'render', Array) #5 /Users/lars/Dropbox (medo.check)/Privat/Mamp/websites/Schrabergschule/wire/modules/PageRender.module(514): ProcessWire\Wire->__call('render', Array) #6 [internal function]: ProcessWire\PageRender->___ (Zeile 6 in /Users/lars/Dropbox (medo.check)/Privat/Mamp/websites/Schrabergschule/site/templates/basic-page.php)
2017-02-05 18:11:54	admin	http://localhost:8888/Schrabergschule/http404/	Fehler: 	Uncaught Error: Call to a member function login() on null in /Users/lars/Dropbox (medo.check)/Privat/Mamp/websites/Schrabergschule/site/templates/basic-page.php:6 Stack trace: #0 /Users/lars/Dropbox (medo.check)/Privat/Mamp/websites/Schrabergschule/wire/core/TemplateFile.php(268): require() #1 [internal function]: ProcessWire\TemplateFile->___render() #2 /Users/lars/Dropbox (medo.check)/Privat/Mamp/websites/Schrabergschule/wire/core/Wire.php(374): call_user_func_array(Array, Array) #3 /Users/lars/Dropbox (medo.check)/Privat/Mamp/websites/Schrabergschule/wire/core/WireHooks.php(549): ProcessWire\Wire->_callMethod('___render', Array) #4 /Users/lars/Dropbox (medo.check)/Privat/Mamp/websites/Schrabergschule/wire/core/Wire.php(399): ProcessWire\WireHooks->runHooks(Object(ProcessWire\TemplateFile), 'render', Array) #5 /Users/lars/Dropbox (medo.check)/Privat/Mamp/websites/Schrabergschule/wire/modules/PageRender.module(514): ProcessWire\Wire->__call('render', Array) #6 [internal function]: ProcessWire\PageRender->___ (Zeile 6 in /Users/lars/Dropbox (medo.check)/Privat/Mamp/websites/Schrabergschule/site/templates/basic-page.php)
2017-02-05 18:13:27	admin	http://localhost:8888/Schrabergschule/termine/	Fehler: 	Exception: Unknown Selector operator: '&&' -- was your selector value properly escaped?  (in /Users/lars/Dropbox (medo.check)/Privat/Mamp/websites/Schrabergschule/wire/core/Selectors.php line 357)  #0 /Users/lars/Dropbox (medo.check)/Privat/Mamp/websites/Schrabergschule/wire/core/Selectors.php(401): ProcessWire\Selectors->create('dateto', '&&', 'datto>=today') #1 /Users/lars/Dropbox (medo.check)/Privat/Mamp/websites/Schrabergschule/wire/core/Selectors.php(158): ProcessWire\Selectors->extractString('') #2 /Users/lars/Dropbox (medo.check)/Privat/Mamp/websites/Schrabergschule/wire/core/Selectors.php(144): ProcessWire\Selectors->setSelectorString('parent_id=1055,...') #3 /Users/lars/Dropbox (medo.check)/Privat/Mamp/websites/Schrabergschule/wire/core/PagesLoader.php(188): ProcessWire\Selectors->init('parent_id=1055,...') #4 /Users/lars/Dropbox (medo.check)/Privat/Mamp/websites/Schrabergschule/wire/core/Pages.php(225): ProcessWire\PagesLoader->find('parent_id=1055,...', Array) #5 [internal function]: ProcessWire\Pa
2017-02-05 18:13:48	admin	http://localhost:8888/Schrabergschule/termine/	Fehler: 	Exception: Unknown Selector operator: '' -- was your selector value properly escaped?  (in /Users/lars/Dropbox (medo.check)/Privat/Mamp/websites/Schrabergschule/wire/core/Selectors.php line 357)  #0 /Users/lars/Dropbox (medo.check)/Privat/Mamp/websites/Schrabergschule/wire/core/Selectors.php(401): ProcessWire\Selectors->create('dateto', '', '&& dateto>=toda...') #1 /Users/lars/Dropbox (medo.check)/Privat/Mamp/websites/Schrabergschule/wire/core/Selectors.php(158): ProcessWire\Selectors->extractString('') #2 /Users/lars/Dropbox (medo.check)/Privat/Mamp/websites/Schrabergschule/wire/core/Selectors.php(144): ProcessWire\Selectors->setSelectorString('parent_id=1055,...') #3 /Users/lars/Dropbox (medo.check)/Privat/Mamp/websites/Schrabergschule/wire/core/PagesLoader.php(188): ProcessWire\Selectors->init('parent_id=1055,...') #4 /Users/lars/Dropbox (medo.check)/Privat/Mamp/websites/Schrabergschule/wire/core/Pages.php(225): ProcessWire\PagesLoader->find('parent_id=1055,...', Array) #5 [internal function]: ProcessWire\
2017-02-05 18:15:57	admin	http://localhost:8888/Schrabergschule/termine/	Fehler: 	Exception: Unknown Selector operator: '' -- was your selector value properly escaped?  (in /Users/lars/Dropbox (medo.check)/Privat/Mamp/websites/Schrabergschule/wire/core/Selectors.php line 357)  #0 /Users/lars/Dropbox (medo.check)/Privat/Mamp/websites/Schrabergschule/wire/core/Selectors.php(401): ProcessWire\Selectors->create('dateto', '', '&& dateto>=toda...') #1 /Users/lars/Dropbox (medo.check)/Privat/Mamp/websites/Schrabergschule/wire/core/Selectors.php(158): ProcessWire\Selectors->extractString('') #2 /Users/lars/Dropbox (medo.check)/Privat/Mamp/websites/Schrabergschule/wire/core/Selectors.php(144): ProcessWire\Selectors->setSelectorString('dateto && datet...') #3 /Users/lars/Dropbox (medo.check)/Privat/Mamp/websites/Schrabergschule/wire/core/Selectors.php(124): ProcessWire\Selectors->init('dateto && datet...') #4 /Users/lars/Dropbox (medo.check)/Privat/Mamp/websites/Schrabergschule/wire/core/PageFinder.php(514): ProcessWire\Selectors->__construct('dateto && datet...') #5 /Users/lars/Dropbox (medo.check)
2017-02-05 18:15:58	admin	http://localhost:8888/Schrabergschule/termine/	Fehler: 	Exception: Unknown Selector operator: '' -- was your selector value properly escaped?  (in /Users/lars/Dropbox (medo.check)/Privat/Mamp/websites/Schrabergschule/wire/core/Selectors.php line 357)  #0 /Users/lars/Dropbox (medo.check)/Privat/Mamp/websites/Schrabergschule/wire/core/Selectors.php(401): ProcessWire\Selectors->create('dateto', '', '&& dateto>=toda...') #1 /Users/lars/Dropbox (medo.check)/Privat/Mamp/websites/Schrabergschule/wire/core/Selectors.php(158): ProcessWire\Selectors->extractString('') #2 /Users/lars/Dropbox (medo.check)/Privat/Mamp/websites/Schrabergschule/wire/core/Selectors.php(144): ProcessWire\Selectors->setSelectorString('dateto && datet...') #3 /Users/lars/Dropbox (medo.check)/Privat/Mamp/websites/Schrabergschule/wire/core/Selectors.php(124): ProcessWire\Selectors->init('dateto && datet...') #4 /Users/lars/Dropbox (medo.check)/Privat/Mamp/websites/Schrabergschule/wire/core/PageFinder.php(514): ProcessWire\Selectors->__construct('dateto && datet...') #5 /Users/lars/Dropbox (medo.check)
2017-02-05 18:16:11	admin	http://localhost:8888/Schrabergschule/termine/	Fehler: 	Exception: Unknown Selector operator: '' -- was your selector value properly escaped?  (in /Users/lars/Dropbox (medo.check)/Privat/Mamp/websites/Schrabergschule/wire/core/Selectors.php line 357)  #0 /Users/lars/Dropbox (medo.check)/Privat/Mamp/websites/Schrabergschule/wire/core/Selectors.php(401): ProcessWire\Selectors->create('dateto', '', '') #1 /Users/lars/Dropbox (medo.check)/Privat/Mamp/websites/Schrabergschule/wire/core/Selectors.php(158): ProcessWire\Selectors->extractString('dateto>=today') #2 /Users/lars/Dropbox (medo.check)/Privat/Mamp/websites/Schrabergschule/wire/core/Selectors.php(144): ProcessWire\Selectors->setSelectorString('dateto, dateto>...') #3 /Users/lars/Dropbox (medo.check)/Privat/Mamp/websites/Schrabergschule/wire/core/Selectors.php(124): ProcessWire\Selectors->init('dateto, dateto>...') #4 /Users/lars/Dropbox (medo.check)/Privat/Mamp/websites/Schrabergschule/wire/core/PageFinder.php(514): ProcessWire\Selectors->__construct('dateto, dateto>...') #5 /Users/lars/Dropbox (medo.check)/Priv
2017-02-05 20:25:56	admin	http://localhost:8888/Schrabergschule/http404/	Fehler: 	Uncaught Error: Call to a member function login() on null in /Users/lars/Dropbox (medo.check)/Privat/Mamp/websites/Schrabergschule/site/templates/basic-page.php:6 Stack trace: #0 /Users/lars/Dropbox (medo.check)/Privat/Mamp/websites/Schrabergschule/wire/core/TemplateFile.php(268): require() #1 [internal function]: ProcessWire\TemplateFile->___render() #2 /Users/lars/Dropbox (medo.check)/Privat/Mamp/websites/Schrabergschule/wire/core/Wire.php(374): call_user_func_array(Array, Array) #3 /Users/lars/Dropbox (medo.check)/Privat/Mamp/websites/Schrabergschule/wire/core/WireHooks.php(549): ProcessWire\Wire->_callMethod('___render', Array) #4 /Users/lars/Dropbox (medo.check)/Privat/Mamp/websites/Schrabergschule/wire/core/Wire.php(399): ProcessWire\WireHooks->runHooks(Object(ProcessWire\TemplateFile), 'render', Array) #5 /Users/lars/Dropbox (medo.check)/Privat/Mamp/websites/Schrabergschule/wire/modules/PageRender.module(514): ProcessWire\Wire->__call('render', Array) #6 [internal function]: ProcessWire\PageRender->___ (Zeile 6 in /Users/lars/Dropbox (medo.check)/Privat/Mamp/websites/Schrabergschule/site/templates/basic-page.php)
2017-02-05 20:26:22	admin	http://localhost:8888/Schrabergschule/http404/	Fehler: 	Uncaught Error: Call to a member function login() on null in /Users/lars/Dropbox (medo.check)/Privat/Mamp/websites/Schrabergschule/site/templates/basic-page.php:6 Stack trace: #0 /Users/lars/Dropbox (medo.check)/Privat/Mamp/websites/Schrabergschule/wire/core/TemplateFile.php(268): require() #1 [internal function]: ProcessWire\TemplateFile->___render() #2 /Users/lars/Dropbox (medo.check)/Privat/Mamp/websites/Schrabergschule/wire/core/Wire.php(374): call_user_func_array(Array, Array) #3 /Users/lars/Dropbox (medo.check)/Privat/Mamp/websites/Schrabergschule/wire/core/WireHooks.php(549): ProcessWire\Wire->_callMethod('___render', Array) #4 /Users/lars/Dropbox (medo.check)/Privat/Mamp/websites/Schrabergschule/wire/core/Wire.php(399): ProcessWire\WireHooks->runHooks(Object(ProcessWire\TemplateFile), 'render', Array) #5 /Users/lars/Dropbox (medo.check)/Privat/Mamp/websites/Schrabergschule/wire/modules/PageRender.module(514): ProcessWire\Wire->__call('render', Array) #6 [internal function]: ProcessWire\PageRender->___ (Zeile 6 in /Users/lars/Dropbox (medo.check)/Privat/Mamp/websites/Schrabergschule/site/templates/basic-page.php)
2017-02-05 20:31:01	admin	http://localhost:8888/Schrabergschule/http404/	Fehler: 	Uncaught Error: Call to a member function login() on null in /Users/lars/Dropbox (medo.check)/Privat/Mamp/websites/Schrabergschule/site/templates/basic-page.php:6 Stack trace: #0 /Users/lars/Dropbox (medo.check)/Privat/Mamp/websites/Schrabergschule/wire/core/TemplateFile.php(268): require() #1 [internal function]: ProcessWire\TemplateFile->___render() #2 /Users/lars/Dropbox (medo.check)/Privat/Mamp/websites/Schrabergschule/wire/core/Wire.php(374): call_user_func_array(Array, Array) #3 /Users/lars/Dropbox (medo.check)/Privat/Mamp/websites/Schrabergschule/wire/core/WireHooks.php(549): ProcessWire\Wire->_callMethod('___render', Array) #4 /Users/lars/Dropbox (medo.check)/Privat/Mamp/websites/Schrabergschule/wire/core/Wire.php(399): ProcessWire\WireHooks->runHooks(Object(ProcessWire\TemplateFile), 'render', Array) #5 /Users/lars/Dropbox (medo.check)/Privat/Mamp/websites/Schrabergschule/wire/modules/PageRender.module(514): ProcessWire\Wire->__call('render', Array) #6 [internal function]: ProcessWire\PageRender->___ (Zeile 6 in /Users/lars/Dropbox (medo.check)/Privat/Mamp/websites/Schrabergschule/site/templates/basic-page.php)
2017-02-05 20:31:04	admin	http://localhost:8888/Schrabergschule/http404/	Fehler: 	Uncaught Error: Call to a member function login() on null in /Users/lars/Dropbox (medo.check)/Privat/Mamp/websites/Schrabergschule/site/templates/basic-page.php:6 Stack trace: #0 /Users/lars/Dropbox (medo.check)/Privat/Mamp/websites/Schrabergschule/wire/core/TemplateFile.php(268): require() #1 [internal function]: ProcessWire\TemplateFile->___render() #2 /Users/lars/Dropbox (medo.check)/Privat/Mamp/websites/Schrabergschule/wire/core/Wire.php(374): call_user_func_array(Array, Array) #3 /Users/lars/Dropbox (medo.check)/Privat/Mamp/websites/Schrabergschule/wire/core/WireHooks.php(549): ProcessWire\Wire->_callMethod('___render', Array) #4 /Users/lars/Dropbox (medo.check)/Privat/Mamp/websites/Schrabergschule/wire/core/Wire.php(399): ProcessWire\WireHooks->runHooks(Object(ProcessWire\TemplateFile), 'render', Array) #5 /Users/lars/Dropbox (medo.check)/Privat/Mamp/websites/Schrabergschule/wire/modules/PageRender.module(514): ProcessWire\Wire->__call('render', Array) #6 [internal function]: ProcessWire\PageRender->___ (Zeile 6 in /Users/lars/Dropbox (medo.check)/Privat/Mamp/websites/Schrabergschule/site/templates/basic-page.php)
2017-02-05 20:32:58	admin	http://localhost:8888/Schrabergschule/http404/	Fehler: 	Uncaught Error: Call to a member function login() on null in /Users/lars/Dropbox (medo.check)/Privat/Mamp/websites/Schrabergschule/site/templates/basic-page.php:6 Stack trace: #0 /Users/lars/Dropbox (medo.check)/Privat/Mamp/websites/Schrabergschule/wire/core/TemplateFile.php(268): require() #1 [internal function]: ProcessWire\TemplateFile->___render() #2 /Users/lars/Dropbox (medo.check)/Privat/Mamp/websites/Schrabergschule/wire/core/Wire.php(374): call_user_func_array(Array, Array) #3 /Users/lars/Dropbox (medo.check)/Privat/Mamp/websites/Schrabergschule/wire/core/WireHooks.php(549): ProcessWire\Wire->_callMethod('___render', Array) #4 /Users/lars/Dropbox (medo.check)/Privat/Mamp/websites/Schrabergschule/wire/core/Wire.php(399): ProcessWire\WireHooks->runHooks(Object(ProcessWire\TemplateFile), 'render', Array) #5 /Users/lars/Dropbox (medo.check)/Privat/Mamp/websites/Schrabergschule/wire/modules/PageRender.module(514): ProcessWire\Wire->__call('render', Array) #6 [internal function]: ProcessWire\PageRender->___ (Zeile 6 in /Users/lars/Dropbox (medo.check)/Privat/Mamp/websites/Schrabergschule/site/templates/basic-page.php)
2017-02-05 20:33:00	admin	http://localhost:8888/Schrabergschule/http404/	Fehler: 	Uncaught Error: Call to a member function login() on null in /Users/lars/Dropbox (medo.check)/Privat/Mamp/websites/Schrabergschule/site/templates/basic-page.php:6 Stack trace: #0 /Users/lars/Dropbox (medo.check)/Privat/Mamp/websites/Schrabergschule/wire/core/TemplateFile.php(268): require() #1 [internal function]: ProcessWire\TemplateFile->___render() #2 /Users/lars/Dropbox (medo.check)/Privat/Mamp/websites/Schrabergschule/wire/core/Wire.php(374): call_user_func_array(Array, Array) #3 /Users/lars/Dropbox (medo.check)/Privat/Mamp/websites/Schrabergschule/wire/core/WireHooks.php(549): ProcessWire\Wire->_callMethod('___render', Array) #4 /Users/lars/Dropbox (medo.check)/Privat/Mamp/websites/Schrabergschule/wire/core/Wire.php(399): ProcessWire\WireHooks->runHooks(Object(ProcessWire\TemplateFile), 'render', Array) #5 /Users/lars/Dropbox (medo.check)/Privat/Mamp/websites/Schrabergschule/wire/modules/PageRender.module(514): ProcessWire\Wire->__call('render', Array) #6 [internal function]: ProcessWire\PageRender->___ (Zeile 6 in /Users/lars/Dropbox (medo.check)/Privat/Mamp/websites/Schrabergschule/site/templates/basic-page.php)
2017-02-05 20:33:02	admin	http://localhost:8888/Schrabergschule/http404/	Fehler: 	Uncaught Error: Call to a member function login() on null in /Users/lars/Dropbox (medo.check)/Privat/Mamp/websites/Schrabergschule/site/templates/basic-page.php:6 Stack trace: #0 /Users/lars/Dropbox (medo.check)/Privat/Mamp/websites/Schrabergschule/wire/core/TemplateFile.php(268): require() #1 [internal function]: ProcessWire\TemplateFile->___render() #2 /Users/lars/Dropbox (medo.check)/Privat/Mamp/websites/Schrabergschule/wire/core/Wire.php(374): call_user_func_array(Array, Array) #3 /Users/lars/Dropbox (medo.check)/Privat/Mamp/websites/Schrabergschule/wire/core/WireHooks.php(549): ProcessWire\Wire->_callMethod('___render', Array) #4 /Users/lars/Dropbox (medo.check)/Privat/Mamp/websites/Schrabergschule/wire/core/Wire.php(399): ProcessWire\WireHooks->runHooks(Object(ProcessWire\TemplateFile), 'render', Array) #5 /Users/lars/Dropbox (medo.check)/Privat/Mamp/websites/Schrabergschule/wire/modules/PageRender.module(514): ProcessWire\Wire->__call('render', Array) #6 [internal function]: ProcessWire\PageRender->___ (Zeile 6 in /Users/lars/Dropbox (medo.check)/Privat/Mamp/websites/Schrabergschule/site/templates/basic-page.php)
2017-02-05 20:33:15	admin	http://localhost:8888/Schrabergschule/http404/	Fehler: 	Uncaught Error: Call to a member function login() on null in /Users/lars/Dropbox (medo.check)/Privat/Mamp/websites/Schrabergschule/site/templates/basic-page.php:6 Stack trace: #0 /Users/lars/Dropbox (medo.check)/Privat/Mamp/websites/Schrabergschule/wire/core/TemplateFile.php(268): require() #1 [internal function]: ProcessWire\TemplateFile->___render() #2 /Users/lars/Dropbox (medo.check)/Privat/Mamp/websites/Schrabergschule/wire/core/Wire.php(374): call_user_func_array(Array, Array) #3 /Users/lars/Dropbox (medo.check)/Privat/Mamp/websites/Schrabergschule/wire/core/WireHooks.php(549): ProcessWire\Wire->_callMethod('___render', Array) #4 /Users/lars/Dropbox (medo.check)/Privat/Mamp/websites/Schrabergschule/wire/core/Wire.php(399): ProcessWire\WireHooks->runHooks(Object(ProcessWire\TemplateFile), 'render', Array) #5 /Users/lars/Dropbox (medo.check)/Privat/Mamp/websites/Schrabergschule/wire/modules/PageRender.module(514): ProcessWire\Wire->__call('render', Array) #6 [internal function]: ProcessWire\PageRender->___ (Zeile 6 in /Users/lars/Dropbox (medo.check)/Privat/Mamp/websites/Schrabergschule/site/templates/basic-page.php)
2017-02-05 20:33:16	admin	http://localhost:8888/Schrabergschule/http404/	Fehler: 	Uncaught Error: Call to a member function login() on null in /Users/lars/Dropbox (medo.check)/Privat/Mamp/websites/Schrabergschule/site/templates/basic-page.php:6 Stack trace: #0 /Users/lars/Dropbox (medo.check)/Privat/Mamp/websites/Schrabergschule/wire/core/TemplateFile.php(268): require() #1 [internal function]: ProcessWire\TemplateFile->___render() #2 /Users/lars/Dropbox (medo.check)/Privat/Mamp/websites/Schrabergschule/wire/core/Wire.php(374): call_user_func_array(Array, Array) #3 /Users/lars/Dropbox (medo.check)/Privat/Mamp/websites/Schrabergschule/wire/core/WireHooks.php(549): ProcessWire\Wire->_callMethod('___render', Array) #4 /Users/lars/Dropbox (medo.check)/Privat/Mamp/websites/Schrabergschule/wire/core/Wire.php(399): ProcessWire\WireHooks->runHooks(Object(ProcessWire\TemplateFile), 'render', Array) #5 /Users/lars/Dropbox (medo.check)/Privat/Mamp/websites/Schrabergschule/wire/modules/PageRender.module(514): ProcessWire\Wire->__call('render', Array) #6 [internal function]: ProcessWire\PageRender->___ (Zeile 6 in /Users/lars/Dropbox (medo.check)/Privat/Mamp/websites/Schrabergschule/site/templates/basic-page.php)
2017-02-05 20:33:17	admin	http://localhost:8888/Schrabergschule/http404/	Fehler: 	Uncaught Error: Call to a member function login() on null in /Users/lars/Dropbox (medo.check)/Privat/Mamp/websites/Schrabergschule/site/templates/basic-page.php:6 Stack trace: #0 /Users/lars/Dropbox (medo.check)/Privat/Mamp/websites/Schrabergschule/wire/core/TemplateFile.php(268): require() #1 [internal function]: ProcessWire\TemplateFile->___render() #2 /Users/lars/Dropbox (medo.check)/Privat/Mamp/websites/Schrabergschule/wire/core/Wire.php(374): call_user_func_array(Array, Array) #3 /Users/lars/Dropbox (medo.check)/Privat/Mamp/websites/Schrabergschule/wire/core/WireHooks.php(549): ProcessWire\Wire->_callMethod('___render', Array) #4 /Users/lars/Dropbox (medo.check)/Privat/Mamp/websites/Schrabergschule/wire/core/Wire.php(399): ProcessWire\WireHooks->runHooks(Object(ProcessWire\TemplateFile), 'render', Array) #5 /Users/lars/Dropbox (medo.check)/Privat/Mamp/websites/Schrabergschule/wire/modules/PageRender.module(514): ProcessWire\Wire->__call('render', Array) #6 [internal function]: ProcessWire\PageRender->___ (Zeile 6 in /Users/lars/Dropbox (medo.check)/Privat/Mamp/websites/Schrabergschule/site/templates/basic-page.php)
2017-02-05 20:33:18	admin	http://localhost:8888/Schrabergschule/http404/	Fehler: 	Uncaught Error: Call to a member function login() on null in /Users/lars/Dropbox (medo.check)/Privat/Mamp/websites/Schrabergschule/site/templates/basic-page.php:6 Stack trace: #0 /Users/lars/Dropbox (medo.check)/Privat/Mamp/websites/Schrabergschule/wire/core/TemplateFile.php(268): require() #1 [internal function]: ProcessWire\TemplateFile->___render() #2 /Users/lars/Dropbox (medo.check)/Privat/Mamp/websites/Schrabergschule/wire/core/Wire.php(374): call_user_func_array(Array, Array) #3 /Users/lars/Dropbox (medo.check)/Privat/Mamp/websites/Schrabergschule/wire/core/WireHooks.php(549): ProcessWire\Wire->_callMethod('___render', Array) #4 /Users/lars/Dropbox (medo.check)/Privat/Mamp/websites/Schrabergschule/wire/core/Wire.php(399): ProcessWire\WireHooks->runHooks(Object(ProcessWire\TemplateFile), 'render', Array) #5 /Users/lars/Dropbox (medo.check)/Privat/Mamp/websites/Schrabergschule/wire/modules/PageRender.module(514): ProcessWire\Wire->__call('render', Array) #6 [internal function]: ProcessWire\PageRender->___ (Zeile 6 in /Users/lars/Dropbox (medo.check)/Privat/Mamp/websites/Schrabergschule/site/templates/basic-page.php)
2017-02-05 20:33:18	admin	http://localhost:8888/Schrabergschule/http404/	Fehler: 	Uncaught Error: Call to a member function login() on null in /Users/lars/Dropbox (medo.check)/Privat/Mamp/websites/Schrabergschule/site/templates/basic-page.php:6 Stack trace: #0 /Users/lars/Dropbox (medo.check)/Privat/Mamp/websites/Schrabergschule/wire/core/TemplateFile.php(268): require() #1 [internal function]: ProcessWire\TemplateFile->___render() #2 /Users/lars/Dropbox (medo.check)/Privat/Mamp/websites/Schrabergschule/wire/core/Wire.php(374): call_user_func_array(Array, Array) #3 /Users/lars/Dropbox (medo.check)/Privat/Mamp/websites/Schrabergschule/wire/core/WireHooks.php(549): ProcessWire\Wire->_callMethod('___render', Array) #4 /Users/lars/Dropbox (medo.check)/Privat/Mamp/websites/Schrabergschule/wire/core/Wire.php(399): ProcessWire\WireHooks->runHooks(Object(ProcessWire\TemplateFile), 'render', Array) #5 /Users/lars/Dropbox (medo.check)/Privat/Mamp/websites/Schrabergschule/wire/modules/PageRender.module(514): ProcessWire\Wire->__call('render', Array) #6 [internal function]: ProcessWire\PageRender->___ (Zeile 6 in /Users/lars/Dropbox (medo.check)/Privat/Mamp/websites/Schrabergschule/site/templates/basic-page.php)
2017-02-05 20:33:19	admin	http://localhost:8888/Schrabergschule/http404/	Fehler: 	Uncaught Error: Call to a member function login() on null in /Users/lars/Dropbox (medo.check)/Privat/Mamp/websites/Schrabergschule/site/templates/basic-page.php:6 Stack trace: #0 /Users/lars/Dropbox (medo.check)/Privat/Mamp/websites/Schrabergschule/wire/core/TemplateFile.php(268): require() #1 [internal function]: ProcessWire\TemplateFile->___render() #2 /Users/lars/Dropbox (medo.check)/Privat/Mamp/websites/Schrabergschule/wire/core/Wire.php(374): call_user_func_array(Array, Array) #3 /Users/lars/Dropbox (medo.check)/Privat/Mamp/websites/Schrabergschule/wire/core/WireHooks.php(549): ProcessWire\Wire->_callMethod('___render', Array) #4 /Users/lars/Dropbox (medo.check)/Privat/Mamp/websites/Schrabergschule/wire/core/Wire.php(399): ProcessWire\WireHooks->runHooks(Object(ProcessWire\TemplateFile), 'render', Array) #5 /Users/lars/Dropbox (medo.check)/Privat/Mamp/websites/Schrabergschule/wire/modules/PageRender.module(514): ProcessWire\Wire->__call('render', Array) #6 [internal function]: ProcessWire\PageRender->___ (Zeile 6 in /Users/lars/Dropbox (medo.check)/Privat/Mamp/websites/Schrabergschule/site/templates/basic-page.php)
2017-02-05 20:33:20	admin	http://localhost:8888/Schrabergschule/http404/	Fehler: 	Uncaught Error: Call to a member function login() on null in /Users/lars/Dropbox (medo.check)/Privat/Mamp/websites/Schrabergschule/site/templates/basic-page.php:6 Stack trace: #0 /Users/lars/Dropbox (medo.check)/Privat/Mamp/websites/Schrabergschule/wire/core/TemplateFile.php(268): require() #1 [internal function]: ProcessWire\TemplateFile->___render() #2 /Users/lars/Dropbox (medo.check)/Privat/Mamp/websites/Schrabergschule/wire/core/Wire.php(374): call_user_func_array(Array, Array) #3 /Users/lars/Dropbox (medo.check)/Privat/Mamp/websites/Schrabergschule/wire/core/WireHooks.php(549): ProcessWire\Wire->_callMethod('___render', Array) #4 /Users/lars/Dropbox (medo.check)/Privat/Mamp/websites/Schrabergschule/wire/core/Wire.php(399): ProcessWire\WireHooks->runHooks(Object(ProcessWire\TemplateFile), 'render', Array) #5 /Users/lars/Dropbox (medo.check)/Privat/Mamp/websites/Schrabergschule/wire/modules/PageRender.module(514): ProcessWire\Wire->__call('render', Array) #6 [internal function]: ProcessWire\PageRender->___ (Zeile 6 in /Users/lars/Dropbox (medo.check)/Privat/Mamp/websites/Schrabergschule/site/templates/basic-page.php)
2017-02-05 20:37:31	admin	http://localhost:8888/Schrabergschule/http404/	Fehler: 	Uncaught Error: Call to a member function login() on null in /Users/lars/Dropbox (medo.check)/Privat/Mamp/websites/Schrabergschule/site/templates/basic-page.php:6 Stack trace: #0 /Users/lars/Dropbox (medo.check)/Privat/Mamp/websites/Schrabergschule/wire/core/TemplateFile.php(268): require() #1 [internal function]: ProcessWire\TemplateFile->___render() #2 /Users/lars/Dropbox (medo.check)/Privat/Mamp/websites/Schrabergschule/wire/core/Wire.php(374): call_user_func_array(Array, Array) #3 /Users/lars/Dropbox (medo.check)/Privat/Mamp/websites/Schrabergschule/wire/core/WireHooks.php(549): ProcessWire\Wire->_callMethod('___render', Array) #4 /Users/lars/Dropbox (medo.check)/Privat/Mamp/websites/Schrabergschule/wire/core/Wire.php(399): ProcessWire\WireHooks->runHooks(Object(ProcessWire\TemplateFile), 'render', Array) #5 /Users/lars/Dropbox (medo.check)/Privat/Mamp/websites/Schrabergschule/wire/modules/PageRender.module(514): ProcessWire\Wire->__call('render', Array) #6 [internal function]: ProcessWire\PageRender->___ (Zeile 6 in /Users/lars/Dropbox (medo.check)/Privat/Mamp/websites/Schrabergschule/site/templates/basic-page.php)
2017-02-05 20:37:31	admin	http://localhost:8888/Schrabergschule/http404/	Fehler: 	Uncaught Error: Call to a member function login() on null in /Users/lars/Dropbox (medo.check)/Privat/Mamp/websites/Schrabergschule/site/templates/basic-page.php:6 Stack trace: #0 /Users/lars/Dropbox (medo.check)/Privat/Mamp/websites/Schrabergschule/wire/core/TemplateFile.php(268): require() #1 [internal function]: ProcessWire\TemplateFile->___render() #2 /Users/lars/Dropbox (medo.check)/Privat/Mamp/websites/Schrabergschule/wire/core/Wire.php(374): call_user_func_array(Array, Array) #3 /Users/lars/Dropbox (medo.check)/Privat/Mamp/websites/Schrabergschule/wire/core/WireHooks.php(549): ProcessWire\Wire->_callMethod('___render', Array) #4 /Users/lars/Dropbox (medo.check)/Privat/Mamp/websites/Schrabergschule/wire/core/Wire.php(399): ProcessWire\WireHooks->runHooks(Object(ProcessWire\TemplateFile), 'render', Array) #5 /Users/lars/Dropbox (medo.check)/Privat/Mamp/websites/Schrabergschule/wire/modules/PageRender.module(514): ProcessWire\Wire->__call('render', Array) #6 [internal function]: ProcessWire\PageRender->___ (Zeile 6 in /Users/lars/Dropbox (medo.check)/Privat/Mamp/websites/Schrabergschule/site/templates/basic-page.php)
2017-02-05 20:37:34	admin	http://localhost:8888/Schrabergschule/http404/	Fehler: 	Uncaught Error: Call to a member function login() on null in /Users/lars/Dropbox (medo.check)/Privat/Mamp/websites/Schrabergschule/site/templates/basic-page.php:6 Stack trace: #0 /Users/lars/Dropbox (medo.check)/Privat/Mamp/websites/Schrabergschule/wire/core/TemplateFile.php(268): require() #1 [internal function]: ProcessWire\TemplateFile->___render() #2 /Users/lars/Dropbox (medo.check)/Privat/Mamp/websites/Schrabergschule/wire/core/Wire.php(374): call_user_func_array(Array, Array) #3 /Users/lars/Dropbox (medo.check)/Privat/Mamp/websites/Schrabergschule/wire/core/WireHooks.php(549): ProcessWire\Wire->_callMethod('___render', Array) #4 /Users/lars/Dropbox (medo.check)/Privat/Mamp/websites/Schrabergschule/wire/core/Wire.php(399): ProcessWire\WireHooks->runHooks(Object(ProcessWire\TemplateFile), 'render', Array) #5 /Users/lars/Dropbox (medo.check)/Privat/Mamp/websites/Schrabergschule/wire/modules/PageRender.module(514): ProcessWire\Wire->__call('render', Array) #6 [internal function]: ProcessWire\PageRender->___ (Zeile 6 in /Users/lars/Dropbox (medo.check)/Privat/Mamp/websites/Schrabergschule/site/templates/basic-page.php)
2017-02-05 20:37:34	admin	http://localhost:8888/Schrabergschule/http404/	Fehler: 	Uncaught Error: Call to a member function login() on null in /Users/lars/Dropbox (medo.check)/Privat/Mamp/websites/Schrabergschule/site/templates/basic-page.php:6 Stack trace: #0 /Users/lars/Dropbox (medo.check)/Privat/Mamp/websites/Schrabergschule/wire/core/TemplateFile.php(268): require() #1 [internal function]: ProcessWire\TemplateFile->___render() #2 /Users/lars/Dropbox (medo.check)/Privat/Mamp/websites/Schrabergschule/wire/core/Wire.php(374): call_user_func_array(Array, Array) #3 /Users/lars/Dropbox (medo.check)/Privat/Mamp/websites/Schrabergschule/wire/core/WireHooks.php(549): ProcessWire\Wire->_callMethod('___render', Array) #4 /Users/lars/Dropbox (medo.check)/Privat/Mamp/websites/Schrabergschule/wire/core/Wire.php(399): ProcessWire\WireHooks->runHooks(Object(ProcessWire\TemplateFile), 'render', Array) #5 /Users/lars/Dropbox (medo.check)/Privat/Mamp/websites/Schrabergschule/wire/modules/PageRender.module(514): ProcessWire\Wire->__call('render', Array) #6 [internal function]: ProcessWire\PageRender->___ (Zeile 6 in /Users/lars/Dropbox (medo.check)/Privat/Mamp/websites/Schrabergschule/site/templates/basic-page.php)
2017-02-05 20:37:36	admin	http://localhost:8888/Schrabergschule/http404/	Fehler: 	Uncaught Error: Call to a member function login() on null in /Users/lars/Dropbox (medo.check)/Privat/Mamp/websites/Schrabergschule/site/templates/basic-page.php:6 Stack trace: #0 /Users/lars/Dropbox (medo.check)/Privat/Mamp/websites/Schrabergschule/wire/core/TemplateFile.php(268): require() #1 [internal function]: ProcessWire\TemplateFile->___render() #2 /Users/lars/Dropbox (medo.check)/Privat/Mamp/websites/Schrabergschule/wire/core/Wire.php(374): call_user_func_array(Array, Array) #3 /Users/lars/Dropbox (medo.check)/Privat/Mamp/websites/Schrabergschule/wire/core/WireHooks.php(549): ProcessWire\Wire->_callMethod('___render', Array) #4 /Users/lars/Dropbox (medo.check)/Privat/Mamp/websites/Schrabergschule/wire/core/Wire.php(399): ProcessWire\WireHooks->runHooks(Object(ProcessWire\TemplateFile), 'render', Array) #5 /Users/lars/Dropbox (medo.check)/Privat/Mamp/websites/Schrabergschule/wire/modules/PageRender.module(514): ProcessWire\Wire->__call('render', Array) #6 [internal function]: ProcessWire\PageRender->___ (Zeile 6 in /Users/lars/Dropbox (medo.check)/Privat/Mamp/websites/Schrabergschule/site/templates/basic-page.php)
2017-02-05 20:37:36	admin	http://localhost:8888/Schrabergschule/http404/	Fehler: 	Uncaught Error: Call to a member function login() on null in /Users/lars/Dropbox (medo.check)/Privat/Mamp/websites/Schrabergschule/site/templates/basic-page.php:6 Stack trace: #0 /Users/lars/Dropbox (medo.check)/Privat/Mamp/websites/Schrabergschule/wire/core/TemplateFile.php(268): require() #1 [internal function]: ProcessWire\TemplateFile->___render() #2 /Users/lars/Dropbox (medo.check)/Privat/Mamp/websites/Schrabergschule/wire/core/Wire.php(374): call_user_func_array(Array, Array) #3 /Users/lars/Dropbox (medo.check)/Privat/Mamp/websites/Schrabergschule/wire/core/WireHooks.php(549): ProcessWire\Wire->_callMethod('___render', Array) #4 /Users/lars/Dropbox (medo.check)/Privat/Mamp/websites/Schrabergschule/wire/core/Wire.php(399): ProcessWire\WireHooks->runHooks(Object(ProcessWire\TemplateFile), 'render', Array) #5 /Users/lars/Dropbox (medo.check)/Privat/Mamp/websites/Schrabergschule/wire/modules/PageRender.module(514): ProcessWire\Wire->__call('render', Array) #6 [internal function]: ProcessWire\PageRender->___ (Zeile 6 in /Users/lars/Dropbox (medo.check)/Privat/Mamp/websites/Schrabergschule/site/templates/basic-page.php)
2017-02-05 20:37:40	admin	http://localhost:8888/Schrabergschule/http404/	Fehler: 	Uncaught Error: Call to a member function login() on null in /Users/lars/Dropbox (medo.check)/Privat/Mamp/websites/Schrabergschule/site/templates/basic-page.php:6 Stack trace: #0 /Users/lars/Dropbox (medo.check)/Privat/Mamp/websites/Schrabergschule/wire/core/TemplateFile.php(268): require() #1 [internal function]: ProcessWire\TemplateFile->___render() #2 /Users/lars/Dropbox (medo.check)/Privat/Mamp/websites/Schrabergschule/wire/core/Wire.php(374): call_user_func_array(Array, Array) #3 /Users/lars/Dropbox (medo.check)/Privat/Mamp/websites/Schrabergschule/wire/core/WireHooks.php(549): ProcessWire\Wire->_callMethod('___render', Array) #4 /Users/lars/Dropbox (medo.check)/Privat/Mamp/websites/Schrabergschule/wire/core/Wire.php(399): ProcessWire\WireHooks->runHooks(Object(ProcessWire\TemplateFile), 'render', Array) #5 /Users/lars/Dropbox (medo.check)/Privat/Mamp/websites/Schrabergschule/wire/modules/PageRender.module(514): ProcessWire\Wire->__call('render', Array) #6 [internal function]: ProcessWire\PageRender->___ (Zeile 6 in /Users/lars/Dropbox (medo.check)/Privat/Mamp/websites/Schrabergschule/site/templates/basic-page.php)
2017-02-05 20:37:40	admin	http://localhost:8888/Schrabergschule/http404/	Fehler: 	Uncaught Error: Call to a member function login() on null in /Users/lars/Dropbox (medo.check)/Privat/Mamp/websites/Schrabergschule/site/templates/basic-page.php:6 Stack trace: #0 /Users/lars/Dropbox (medo.check)/Privat/Mamp/websites/Schrabergschule/wire/core/TemplateFile.php(268): require() #1 [internal function]: ProcessWire\TemplateFile->___render() #2 /Users/lars/Dropbox (medo.check)/Privat/Mamp/websites/Schrabergschule/wire/core/Wire.php(374): call_user_func_array(Array, Array) #3 /Users/lars/Dropbox (medo.check)/Privat/Mamp/websites/Schrabergschule/wire/core/WireHooks.php(549): ProcessWire\Wire->_callMethod('___render', Array) #4 /Users/lars/Dropbox (medo.check)/Privat/Mamp/websites/Schrabergschule/wire/core/Wire.php(399): ProcessWire\WireHooks->runHooks(Object(ProcessWire\TemplateFile), 'render', Array) #5 /Users/lars/Dropbox (medo.check)/Privat/Mamp/websites/Schrabergschule/wire/modules/PageRender.module(514): ProcessWire\Wire->__call('render', Array) #6 [internal function]: ProcessWire\PageRender->___ (Zeile 6 in /Users/lars/Dropbox (medo.check)/Privat/Mamp/websites/Schrabergschule/site/templates/basic-page.php)
2017-02-05 20:38:24	admin	http://localhost:8888/Schrabergschule/http404/	Fehler: 	Uncaught Error: Call to a member function login() on null in /Users/lars/Dropbox (medo.check)/Privat/Mamp/websites/Schrabergschule/site/templates/basic-page.php:6 Stack trace: #0 /Users/lars/Dropbox (medo.check)/Privat/Mamp/websites/Schrabergschule/wire/core/TemplateFile.php(268): require() #1 [internal function]: ProcessWire\TemplateFile->___render() #2 /Users/lars/Dropbox (medo.check)/Privat/Mamp/websites/Schrabergschule/wire/core/Wire.php(374): call_user_func_array(Array, Array) #3 /Users/lars/Dropbox (medo.check)/Privat/Mamp/websites/Schrabergschule/wire/core/WireHooks.php(549): ProcessWire\Wire->_callMethod('___render', Array) #4 /Users/lars/Dropbox (medo.check)/Privat/Mamp/websites/Schrabergschule/wire/core/Wire.php(399): ProcessWire\WireHooks->runHooks(Object(ProcessWire\TemplateFile), 'render', Array) #5 /Users/lars/Dropbox (medo.check)/Privat/Mamp/websites/Schrabergschule/wire/modules/PageRender.module(514): ProcessWire\Wire->__call('render', Array) #6 [internal function]: ProcessWire\PageRender->___ (Zeile 6 in /Users/lars/Dropbox (medo.check)/Privat/Mamp/websites/Schrabergschule/site/templates/basic-page.php)
2017-02-05 20:39:17	admin	http://localhost:8888/Schrabergschule/http404/	Fehler: 	Uncaught Error: Call to a member function login() on null in /Users/lars/Dropbox (medo.check)/Privat/Mamp/websites/Schrabergschule/site/templates/basic-page.php:6 Stack trace: #0 /Users/lars/Dropbox (medo.check)/Privat/Mamp/websites/Schrabergschule/wire/core/TemplateFile.php(268): require() #1 [internal function]: ProcessWire\TemplateFile->___render() #2 /Users/lars/Dropbox (medo.check)/Privat/Mamp/websites/Schrabergschule/wire/core/Wire.php(374): call_user_func_array(Array, Array) #3 /Users/lars/Dropbox (medo.check)/Privat/Mamp/websites/Schrabergschule/wire/core/WireHooks.php(549): ProcessWire\Wire->_callMethod('___render', Array) #4 /Users/lars/Dropbox (medo.check)/Privat/Mamp/websites/Schrabergschule/wire/core/Wire.php(399): ProcessWire\WireHooks->runHooks(Object(ProcessWire\TemplateFile), 'render', Array) #5 /Users/lars/Dropbox (medo.check)/Privat/Mamp/websites/Schrabergschule/wire/modules/PageRender.module(514): ProcessWire\Wire->__call('render', Array) #6 [internal function]: ProcessWire\PageRender->___ (Zeile 6 in /Users/lars/Dropbox (medo.check)/Privat/Mamp/websites/Schrabergschule/site/templates/basic-page.php)
2017-02-05 20:39:18	admin	http://localhost:8888/Schrabergschule/http404/	Fehler: 	Uncaught Error: Call to a member function login() on null in /Users/lars/Dropbox (medo.check)/Privat/Mamp/websites/Schrabergschule/site/templates/basic-page.php:6 Stack trace: #0 /Users/lars/Dropbox (medo.check)/Privat/Mamp/websites/Schrabergschule/wire/core/TemplateFile.php(268): require() #1 [internal function]: ProcessWire\TemplateFile->___render() #2 /Users/lars/Dropbox (medo.check)/Privat/Mamp/websites/Schrabergschule/wire/core/Wire.php(374): call_user_func_array(Array, Array) #3 /Users/lars/Dropbox (medo.check)/Privat/Mamp/websites/Schrabergschule/wire/core/WireHooks.php(549): ProcessWire\Wire->_callMethod('___render', Array) #4 /Users/lars/Dropbox (medo.check)/Privat/Mamp/websites/Schrabergschule/wire/core/Wire.php(399): ProcessWire\WireHooks->runHooks(Object(ProcessWire\TemplateFile), 'render', Array) #5 /Users/lars/Dropbox (medo.check)/Privat/Mamp/websites/Schrabergschule/wire/modules/PageRender.module(514): ProcessWire\Wire->__call('render', Array) #6 [internal function]: ProcessWire\PageRender->___ (Zeile 6 in /Users/lars/Dropbox (medo.check)/Privat/Mamp/websites/Schrabergschule/site/templates/basic-page.php)
2017-02-05 20:39:19	admin	http://localhost:8888/Schrabergschule/http404/	Fehler: 	Uncaught Error: Call to a member function login() on null in /Users/lars/Dropbox (medo.check)/Privat/Mamp/websites/Schrabergschule/site/templates/basic-page.php:6 Stack trace: #0 /Users/lars/Dropbox (medo.check)/Privat/Mamp/websites/Schrabergschule/wire/core/TemplateFile.php(268): require() #1 [internal function]: ProcessWire\TemplateFile->___render() #2 /Users/lars/Dropbox (medo.check)/Privat/Mamp/websites/Schrabergschule/wire/core/Wire.php(374): call_user_func_array(Array, Array) #3 /Users/lars/Dropbox (medo.check)/Privat/Mamp/websites/Schrabergschule/wire/core/WireHooks.php(549): ProcessWire\Wire->_callMethod('___render', Array) #4 /Users/lars/Dropbox (medo.check)/Privat/Mamp/websites/Schrabergschule/wire/core/Wire.php(399): ProcessWire\WireHooks->runHooks(Object(ProcessWire\TemplateFile), 'render', Array) #5 /Users/lars/Dropbox (medo.check)/Privat/Mamp/websites/Schrabergschule/wire/modules/PageRender.module(514): ProcessWire\Wire->__call('render', Array) #6 [internal function]: ProcessWire\PageRender->___ (Zeile 6 in /Users/lars/Dropbox (medo.check)/Privat/Mamp/websites/Schrabergschule/site/templates/basic-page.php)
2017-02-05 20:39:19	admin	http://localhost:8888/Schrabergschule/http404/	Fehler: 	Uncaught Error: Call to a member function login() on null in /Users/lars/Dropbox (medo.check)/Privat/Mamp/websites/Schrabergschule/site/templates/basic-page.php:6 Stack trace: #0 /Users/lars/Dropbox (medo.check)/Privat/Mamp/websites/Schrabergschule/wire/core/TemplateFile.php(268): require() #1 [internal function]: ProcessWire\TemplateFile->___render() #2 /Users/lars/Dropbox (medo.check)/Privat/Mamp/websites/Schrabergschule/wire/core/Wire.php(374): call_user_func_array(Array, Array) #3 /Users/lars/Dropbox (medo.check)/Privat/Mamp/websites/Schrabergschule/wire/core/WireHooks.php(549): ProcessWire\Wire->_callMethod('___render', Array) #4 /Users/lars/Dropbox (medo.check)/Privat/Mamp/websites/Schrabergschule/wire/core/Wire.php(399): ProcessWire\WireHooks->runHooks(Object(ProcessWire\TemplateFile), 'render', Array) #5 /Users/lars/Dropbox (medo.check)/Privat/Mamp/websites/Schrabergschule/wire/modules/PageRender.module(514): ProcessWire\Wire->__call('render', Array) #6 [internal function]: ProcessWire\PageRender->___ (Zeile 6 in /Users/lars/Dropbox (medo.check)/Privat/Mamp/websites/Schrabergschule/site/templates/basic-page.php)
2017-02-05 20:39:19	admin	http://localhost:8888/Schrabergschule/http404/	Fehler: 	Uncaught Error: Call to a member function login() on null in /Users/lars/Dropbox (medo.check)/Privat/Mamp/websites/Schrabergschule/site/templates/basic-page.php:6 Stack trace: #0 /Users/lars/Dropbox (medo.check)/Privat/Mamp/websites/Schrabergschule/wire/core/TemplateFile.php(268): require() #1 [internal function]: ProcessWire\TemplateFile->___render() #2 /Users/lars/Dropbox (medo.check)/Privat/Mamp/websites/Schrabergschule/wire/core/Wire.php(374): call_user_func_array(Array, Array) #3 /Users/lars/Dropbox (medo.check)/Privat/Mamp/websites/Schrabergschule/wire/core/WireHooks.php(549): ProcessWire\Wire->_callMethod('___render', Array) #4 /Users/lars/Dropbox (medo.check)/Privat/Mamp/websites/Schrabergschule/wire/core/Wire.php(399): ProcessWire\WireHooks->runHooks(Object(ProcessWire\TemplateFile), 'render', Array) #5 /Users/lars/Dropbox (medo.check)/Privat/Mamp/websites/Schrabergschule/wire/modules/PageRender.module(514): ProcessWire\Wire->__call('render', Array) #6 [internal function]: ProcessWire\PageRender->___ (Zeile 6 in /Users/lars/Dropbox (medo.check)/Privat/Mamp/websites/Schrabergschule/site/templates/basic-page.php)
2017-02-05 20:39:19	admin	http://localhost:8888/Schrabergschule/http404/	Fehler: 	Uncaught Error: Call to a member function login() on null in /Users/lars/Dropbox (medo.check)/Privat/Mamp/websites/Schrabergschule/site/templates/basic-page.php:6 Stack trace: #0 /Users/lars/Dropbox (medo.check)/Privat/Mamp/websites/Schrabergschule/wire/core/TemplateFile.php(268): require() #1 [internal function]: ProcessWire\TemplateFile->___render() #2 /Users/lars/Dropbox (medo.check)/Privat/Mamp/websites/Schrabergschule/wire/core/Wire.php(374): call_user_func_array(Array, Array) #3 /Users/lars/Dropbox (medo.check)/Privat/Mamp/websites/Schrabergschule/wire/core/WireHooks.php(549): ProcessWire\Wire->_callMethod('___render', Array) #4 /Users/lars/Dropbox (medo.check)/Privat/Mamp/websites/Schrabergschule/wire/core/Wire.php(399): ProcessWire\WireHooks->runHooks(Object(ProcessWire\TemplateFile), 'render', Array) #5 /Users/lars/Dropbox (medo.check)/Privat/Mamp/websites/Schrabergschule/wire/modules/PageRender.module(514): ProcessWire\Wire->__call('render', Array) #6 [internal function]: ProcessWire\PageRender->___ (Zeile 6 in /Users/lars/Dropbox (medo.check)/Privat/Mamp/websites/Schrabergschule/site/templates/basic-page.php)
2017-02-05 20:39:19	admin	http://localhost:8888/Schrabergschule/http404/	Fehler: 	Uncaught Error: Call to a member function login() on null in /Users/lars/Dropbox (medo.check)/Privat/Mamp/websites/Schrabergschule/site/templates/basic-page.php:6 Stack trace: #0 /Users/lars/Dropbox (medo.check)/Privat/Mamp/websites/Schrabergschule/wire/core/TemplateFile.php(268): require() #1 [internal function]: ProcessWire\TemplateFile->___render() #2 /Users/lars/Dropbox (medo.check)/Privat/Mamp/websites/Schrabergschule/wire/core/Wire.php(374): call_user_func_array(Array, Array) #3 /Users/lars/Dropbox (medo.check)/Privat/Mamp/websites/Schrabergschule/wire/core/WireHooks.php(549): ProcessWire\Wire->_callMethod('___render', Array) #4 /Users/lars/Dropbox (medo.check)/Privat/Mamp/websites/Schrabergschule/wire/core/Wire.php(399): ProcessWire\WireHooks->runHooks(Object(ProcessWire\TemplateFile), 'render', Array) #5 /Users/lars/Dropbox (medo.check)/Privat/Mamp/websites/Schrabergschule/wire/modules/PageRender.module(514): ProcessWire\Wire->__call('render', Array) #6 [internal function]: ProcessWire\PageRender->___ (Zeile 6 in /Users/lars/Dropbox (medo.check)/Privat/Mamp/websites/Schrabergschule/site/templates/basic-page.php)
2017-02-05 20:39:20	admin	http://localhost:8888/Schrabergschule/http404/	Fehler: 	Uncaught Error: Call to a member function login() on null in /Users/lars/Dropbox (medo.check)/Privat/Mamp/websites/Schrabergschule/site/templates/basic-page.php:6 Stack trace: #0 /Users/lars/Dropbox (medo.check)/Privat/Mamp/websites/Schrabergschule/wire/core/TemplateFile.php(268): require() #1 [internal function]: ProcessWire\TemplateFile->___render() #2 /Users/lars/Dropbox (medo.check)/Privat/Mamp/websites/Schrabergschule/wire/core/Wire.php(374): call_user_func_array(Array, Array) #3 /Users/lars/Dropbox (medo.check)/Privat/Mamp/websites/Schrabergschule/wire/core/WireHooks.php(549): ProcessWire\Wire->_callMethod('___render', Array) #4 /Users/lars/Dropbox (medo.check)/Privat/Mamp/websites/Schrabergschule/wire/core/Wire.php(399): ProcessWire\WireHooks->runHooks(Object(ProcessWire\TemplateFile), 'render', Array) #5 /Users/lars/Dropbox (medo.check)/Privat/Mamp/websites/Schrabergschule/wire/modules/PageRender.module(514): ProcessWire\Wire->__call('render', Array) #6 [internal function]: ProcessWire\PageRender->___ (Zeile 6 in /Users/lars/Dropbox (medo.check)/Privat/Mamp/websites/Schrabergschule/site/templates/basic-page.php)
2017-02-05 20:39:21	admin	http://localhost:8888/Schrabergschule/http404/	Fehler: 	Uncaught Error: Call to a member function login() on null in /Users/lars/Dropbox (medo.check)/Privat/Mamp/websites/Schrabergschule/site/templates/basic-page.php:6 Stack trace: #0 /Users/lars/Dropbox (medo.check)/Privat/Mamp/websites/Schrabergschule/wire/core/TemplateFile.php(268): require() #1 [internal function]: ProcessWire\TemplateFile->___render() #2 /Users/lars/Dropbox (medo.check)/Privat/Mamp/websites/Schrabergschule/wire/core/Wire.php(374): call_user_func_array(Array, Array) #3 /Users/lars/Dropbox (medo.check)/Privat/Mamp/websites/Schrabergschule/wire/core/WireHooks.php(549): ProcessWire\Wire->_callMethod('___render', Array) #4 /Users/lars/Dropbox (medo.check)/Privat/Mamp/websites/Schrabergschule/wire/core/Wire.php(399): ProcessWire\WireHooks->runHooks(Object(ProcessWire\TemplateFile), 'render', Array) #5 /Users/lars/Dropbox (medo.check)/Privat/Mamp/websites/Schrabergschule/wire/modules/PageRender.module(514): ProcessWire\Wire->__call('render', Array) #6 [internal function]: ProcessWire\PageRender->___ (Zeile 6 in /Users/lars/Dropbox (medo.check)/Privat/Mamp/websites/Schrabergschule/site/templates/basic-page.php)
2017-02-05 20:39:21	admin	http://localhost:8888/Schrabergschule/http404/	Fehler: 	Uncaught Error: Call to a member function login() on null in /Users/lars/Dropbox (medo.check)/Privat/Mamp/websites/Schrabergschule/site/templates/basic-page.php:6 Stack trace: #0 /Users/lars/Dropbox (medo.check)/Privat/Mamp/websites/Schrabergschule/wire/core/TemplateFile.php(268): require() #1 [internal function]: ProcessWire\TemplateFile->___render() #2 /Users/lars/Dropbox (medo.check)/Privat/Mamp/websites/Schrabergschule/wire/core/Wire.php(374): call_user_func_array(Array, Array) #3 /Users/lars/Dropbox (medo.check)/Privat/Mamp/websites/Schrabergschule/wire/core/WireHooks.php(549): ProcessWire\Wire->_callMethod('___render', Array) #4 /Users/lars/Dropbox (medo.check)/Privat/Mamp/websites/Schrabergschule/wire/core/Wire.php(399): ProcessWire\WireHooks->runHooks(Object(ProcessWire\TemplateFile), 'render', Array) #5 /Users/lars/Dropbox (medo.check)/Privat/Mamp/websites/Schrabergschule/wire/modules/PageRender.module(514): ProcessWire\Wire->__call('render', Array) #6 [internal function]: ProcessWire\PageRender->___ (Zeile 6 in /Users/lars/Dropbox (medo.check)/Privat/Mamp/websites/Schrabergschule/site/templates/basic-page.php)
2017-02-05 20:39:21	admin	http://localhost:8888/Schrabergschule/http404/	Fehler: 	Uncaught Error: Call to a member function login() on null in /Users/lars/Dropbox (medo.check)/Privat/Mamp/websites/Schrabergschule/site/templates/basic-page.php:6 Stack trace: #0 /Users/lars/Dropbox (medo.check)/Privat/Mamp/websites/Schrabergschule/wire/core/TemplateFile.php(268): require() #1 [internal function]: ProcessWire\TemplateFile->___render() #2 /Users/lars/Dropbox (medo.check)/Privat/Mamp/websites/Schrabergschule/wire/core/Wire.php(374): call_user_func_array(Array, Array) #3 /Users/lars/Dropbox (medo.check)/Privat/Mamp/websites/Schrabergschule/wire/core/WireHooks.php(549): ProcessWire\Wire->_callMethod('___render', Array) #4 /Users/lars/Dropbox (medo.check)/Privat/Mamp/websites/Schrabergschule/wire/core/Wire.php(399): ProcessWire\WireHooks->runHooks(Object(ProcessWire\TemplateFile), 'render', Array) #5 /Users/lars/Dropbox (medo.check)/Privat/Mamp/websites/Schrabergschule/wire/modules/PageRender.module(514): ProcessWire\Wire->__call('render', Array) #6 [internal function]: ProcessWire\PageRender->___ (Zeile 6 in /Users/lars/Dropbox (medo.check)/Privat/Mamp/websites/Schrabergschule/site/templates/basic-page.php)
2017-02-05 20:39:21	admin	http://localhost:8888/Schrabergschule/http404/	Fehler: 	Uncaught Error: Call to a member function login() on null in /Users/lars/Dropbox (medo.check)/Privat/Mamp/websites/Schrabergschule/site/templates/basic-page.php:6 Stack trace: #0 /Users/lars/Dropbox (medo.check)/Privat/Mamp/websites/Schrabergschule/wire/core/TemplateFile.php(268): require() #1 [internal function]: ProcessWire\TemplateFile->___render() #2 /Users/lars/Dropbox (medo.check)/Privat/Mamp/websites/Schrabergschule/wire/core/Wire.php(374): call_user_func_array(Array, Array) #3 /Users/lars/Dropbox (medo.check)/Privat/Mamp/websites/Schrabergschule/wire/core/WireHooks.php(549): ProcessWire\Wire->_callMethod('___render', Array) #4 /Users/lars/Dropbox (medo.check)/Privat/Mamp/websites/Schrabergschule/wire/core/Wire.php(399): ProcessWire\WireHooks->runHooks(Object(ProcessWire\TemplateFile), 'render', Array) #5 /Users/lars/Dropbox (medo.check)/Privat/Mamp/websites/Schrabergschule/wire/modules/PageRender.module(514): ProcessWire\Wire->__call('render', Array) #6 [internal function]: ProcessWire\PageRender->___ (Zeile 6 in /Users/lars/Dropbox (medo.check)/Privat/Mamp/websites/Schrabergschule/site/templates/basic-page.php)
2017-02-05 20:39:22	admin	http://localhost:8888/Schrabergschule/http404/	Fehler: 	Uncaught Error: Call to a member function login() on null in /Users/lars/Dropbox (medo.check)/Privat/Mamp/websites/Schrabergschule/site/templates/basic-page.php:6 Stack trace: #0 /Users/lars/Dropbox (medo.check)/Privat/Mamp/websites/Schrabergschule/wire/core/TemplateFile.php(268): require() #1 [internal function]: ProcessWire\TemplateFile->___render() #2 /Users/lars/Dropbox (medo.check)/Privat/Mamp/websites/Schrabergschule/wire/core/Wire.php(374): call_user_func_array(Array, Array) #3 /Users/lars/Dropbox (medo.check)/Privat/Mamp/websites/Schrabergschule/wire/core/WireHooks.php(549): ProcessWire\Wire->_callMethod('___render', Array) #4 /Users/lars/Dropbox (medo.check)/Privat/Mamp/websites/Schrabergschule/wire/core/Wire.php(399): ProcessWire\WireHooks->runHooks(Object(ProcessWire\TemplateFile), 'render', Array) #5 /Users/lars/Dropbox (medo.check)/Privat/Mamp/websites/Schrabergschule/wire/modules/PageRender.module(514): ProcessWire\Wire->__call('render', Array) #6 [internal function]: ProcessWire\PageRender->___ (Zeile 6 in /Users/lars/Dropbox (medo.check)/Privat/Mamp/websites/Schrabergschule/site/templates/basic-page.php)
2017-02-05 20:39:22	admin	http://localhost:8888/Schrabergschule/http404/	Fehler: 	Uncaught Error: Call to a member function login() on null in /Users/lars/Dropbox (medo.check)/Privat/Mamp/websites/Schrabergschule/site/templates/basic-page.php:6 Stack trace: #0 /Users/lars/Dropbox (medo.check)/Privat/Mamp/websites/Schrabergschule/wire/core/TemplateFile.php(268): require() #1 [internal function]: ProcessWire\TemplateFile->___render() #2 /Users/lars/Dropbox (medo.check)/Privat/Mamp/websites/Schrabergschule/wire/core/Wire.php(374): call_user_func_array(Array, Array) #3 /Users/lars/Dropbox (medo.check)/Privat/Mamp/websites/Schrabergschule/wire/core/WireHooks.php(549): ProcessWire\Wire->_callMethod('___render', Array) #4 /Users/lars/Dropbox (medo.check)/Privat/Mamp/websites/Schrabergschule/wire/core/Wire.php(399): ProcessWire\WireHooks->runHooks(Object(ProcessWire\TemplateFile), 'render', Array) #5 /Users/lars/Dropbox (medo.check)/Privat/Mamp/websites/Schrabergschule/wire/modules/PageRender.module(514): ProcessWire\Wire->__call('render', Array) #6 [internal function]: ProcessWire\PageRender->___ (Zeile 6 in /Users/lars/Dropbox (medo.check)/Privat/Mamp/websites/Schrabergschule/site/templates/basic-page.php)
2017-02-05 20:39:22	admin	http://localhost:8888/Schrabergschule/http404/	Fehler: 	Uncaught Error: Call to a member function login() on null in /Users/lars/Dropbox (medo.check)/Privat/Mamp/websites/Schrabergschule/site/templates/basic-page.php:6 Stack trace: #0 /Users/lars/Dropbox (medo.check)/Privat/Mamp/websites/Schrabergschule/wire/core/TemplateFile.php(268): require() #1 [internal function]: ProcessWire\TemplateFile->___render() #2 /Users/lars/Dropbox (medo.check)/Privat/Mamp/websites/Schrabergschule/wire/core/Wire.php(374): call_user_func_array(Array, Array) #3 /Users/lars/Dropbox (medo.check)/Privat/Mamp/websites/Schrabergschule/wire/core/WireHooks.php(549): ProcessWire\Wire->_callMethod('___render', Array) #4 /Users/lars/Dropbox (medo.check)/Privat/Mamp/websites/Schrabergschule/wire/core/Wire.php(399): ProcessWire\WireHooks->runHooks(Object(ProcessWire\TemplateFile), 'render', Array) #5 /Users/lars/Dropbox (medo.check)/Privat/Mamp/websites/Schrabergschule/wire/modules/PageRender.module(514): ProcessWire\Wire->__call('render', Array) #6 [internal function]: ProcessWire\PageRender->___ (Zeile 6 in /Users/lars/Dropbox (medo.check)/Privat/Mamp/websites/Schrabergschule/site/templates/basic-page.php)
2017-02-05 20:39:22	admin	http://localhost:8888/Schrabergschule/http404/	Fehler: 	Uncaught Error: Call to a member function login() on null in /Users/lars/Dropbox (medo.check)/Privat/Mamp/websites/Schrabergschule/site/templates/basic-page.php:6 Stack trace: #0 /Users/lars/Dropbox (medo.check)/Privat/Mamp/websites/Schrabergschule/wire/core/TemplateFile.php(268): require() #1 [internal function]: ProcessWire\TemplateFile->___render() #2 /Users/lars/Dropbox (medo.check)/Privat/Mamp/websites/Schrabergschule/wire/core/Wire.php(374): call_user_func_array(Array, Array) #3 /Users/lars/Dropbox (medo.check)/Privat/Mamp/websites/Schrabergschule/wire/core/WireHooks.php(549): ProcessWire\Wire->_callMethod('___render', Array) #4 /Users/lars/Dropbox (medo.check)/Privat/Mamp/websites/Schrabergschule/wire/core/Wire.php(399): ProcessWire\WireHooks->runHooks(Object(ProcessWire\TemplateFile), 'render', Array) #5 /Users/lars/Dropbox (medo.check)/Privat/Mamp/websites/Schrabergschule/wire/modules/PageRender.module(514): ProcessWire\Wire->__call('render', Array) #6 [internal function]: ProcessWire\PageRender->___ (Zeile 6 in /Users/lars/Dropbox (medo.check)/Privat/Mamp/websites/Schrabergschule/site/templates/basic-page.php)
2017-02-05 20:39:23	admin	http://localhost:8888/Schrabergschule/http404/	Fehler: 	Uncaught Error: Call to a member function login() on null in /Users/lars/Dropbox (medo.check)/Privat/Mamp/websites/Schrabergschule/site/templates/basic-page.php:6 Stack trace: #0 /Users/lars/Dropbox (medo.check)/Privat/Mamp/websites/Schrabergschule/wire/core/TemplateFile.php(268): require() #1 [internal function]: ProcessWire\TemplateFile->___render() #2 /Users/lars/Dropbox (medo.check)/Privat/Mamp/websites/Schrabergschule/wire/core/Wire.php(374): call_user_func_array(Array, Array) #3 /Users/lars/Dropbox (medo.check)/Privat/Mamp/websites/Schrabergschule/wire/core/WireHooks.php(549): ProcessWire\Wire->_callMethod('___render', Array) #4 /Users/lars/Dropbox (medo.check)/Privat/Mamp/websites/Schrabergschule/wire/core/Wire.php(399): ProcessWire\WireHooks->runHooks(Object(ProcessWire\TemplateFile), 'render', Array) #5 /Users/lars/Dropbox (medo.check)/Privat/Mamp/websites/Schrabergschule/wire/modules/PageRender.module(514): ProcessWire\Wire->__call('render', Array) #6 [internal function]: ProcessWire\PageRender->___ (Zeile 6 in /Users/lars/Dropbox (medo.check)/Privat/Mamp/websites/Schrabergschule/site/templates/basic-page.php)
2017-02-05 20:40:25	admin	http://localhost:8888/Schrabergschule/http404/	Fehler: 	Uncaught Error: Call to a member function login() on null in /Users/lars/Dropbox (medo.check)/Privat/Mamp/websites/Schrabergschule/site/templates/basic-page.php:6 Stack trace: #0 /Users/lars/Dropbox (medo.check)/Privat/Mamp/websites/Schrabergschule/wire/core/TemplateFile.php(268): require() #1 [internal function]: ProcessWire\TemplateFile->___render() #2 /Users/lars/Dropbox (medo.check)/Privat/Mamp/websites/Schrabergschule/wire/core/Wire.php(374): call_user_func_array(Array, Array) #3 /Users/lars/Dropbox (medo.check)/Privat/Mamp/websites/Schrabergschule/wire/core/WireHooks.php(549): ProcessWire\Wire->_callMethod('___render', Array) #4 /Users/lars/Dropbox (medo.check)/Privat/Mamp/websites/Schrabergschule/wire/core/Wire.php(399): ProcessWire\WireHooks->runHooks(Object(ProcessWire\TemplateFile), 'render', Array) #5 /Users/lars/Dropbox (medo.check)/Privat/Mamp/websites/Schrabergschule/wire/modules/PageRender.module(514): ProcessWire\Wire->__call('render', Array) #6 [internal function]: ProcessWire\PageRender->___ (Zeile 6 in /Users/lars/Dropbox (medo.check)/Privat/Mamp/websites/Schrabergschule/site/templates/basic-page.php)
2017-02-05 20:41:08	admin	http://localhost:8888/Schrabergschule/http404/	Fehler: 	Uncaught Error: Call to a member function login() on null in /Users/lars/Dropbox (medo.check)/Privat/Mamp/websites/Schrabergschule/site/templates/basic-page.php:6 Stack trace: #0 /Users/lars/Dropbox (medo.check)/Privat/Mamp/websites/Schrabergschule/wire/core/TemplateFile.php(268): require() #1 [internal function]: ProcessWire\TemplateFile->___render() #2 /Users/lars/Dropbox (medo.check)/Privat/Mamp/websites/Schrabergschule/wire/core/Wire.php(374): call_user_func_array(Array, Array) #3 /Users/lars/Dropbox (medo.check)/Privat/Mamp/websites/Schrabergschule/wire/core/WireHooks.php(549): ProcessWire\Wire->_callMethod('___render', Array) #4 /Users/lars/Dropbox (medo.check)/Privat/Mamp/websites/Schrabergschule/wire/core/Wire.php(399): ProcessWire\WireHooks->runHooks(Object(ProcessWire\TemplateFile), 'render', Array) #5 /Users/lars/Dropbox (medo.check)/Privat/Mamp/websites/Schrabergschule/wire/modules/PageRender.module(514): ProcessWire\Wire->__call('render', Array) #6 [internal function]: ProcessWire\PageRender->___ (Zeile 6 in /Users/lars/Dropbox (medo.check)/Privat/Mamp/websites/Schrabergschule/site/templates/basic-page.php)
2017-02-05 20:44:24	admin	http://localhost:8888/Schrabergschule/http404/	Fehler: 	Uncaught Error: Call to a member function login() on null in /Users/lars/Dropbox (medo.check)/Privat/Mamp/websites/Schrabergschule/site/templates/basic-page.php:6 Stack trace: #0 /Users/lars/Dropbox (medo.check)/Privat/Mamp/websites/Schrabergschule/wire/core/TemplateFile.php(268): require() #1 [internal function]: ProcessWire\TemplateFile->___render() #2 /Users/lars/Dropbox (medo.check)/Privat/Mamp/websites/Schrabergschule/wire/core/Wire.php(374): call_user_func_array(Array, Array) #3 /Users/lars/Dropbox (medo.check)/Privat/Mamp/websites/Schrabergschule/wire/core/WireHooks.php(549): ProcessWire\Wire->_callMethod('___render', Array) #4 /Users/lars/Dropbox (medo.check)/Privat/Mamp/websites/Schrabergschule/wire/core/Wire.php(399): ProcessWire\WireHooks->runHooks(Object(ProcessWire\TemplateFile), 'render', Array) #5 /Users/lars/Dropbox (medo.check)/Privat/Mamp/websites/Schrabergschule/wire/modules/PageRender.module(514): ProcessWire\Wire->__call('render', Array) #6 [internal function]: ProcessWire\PageRender->___ (Zeile 6 in /Users/lars/Dropbox (medo.check)/Privat/Mamp/websites/Schrabergschule/site/templates/basic-page.php)
2017-02-05 20:44:26	admin	http://localhost:8888/Schrabergschule/http404/	Fehler: 	Uncaught Error: Call to a member function login() on null in /Users/lars/Dropbox (medo.check)/Privat/Mamp/websites/Schrabergschule/site/templates/basic-page.php:6 Stack trace: #0 /Users/lars/Dropbox (medo.check)/Privat/Mamp/websites/Schrabergschule/wire/core/TemplateFile.php(268): require() #1 [internal function]: ProcessWire\TemplateFile->___render() #2 /Users/lars/Dropbox (medo.check)/Privat/Mamp/websites/Schrabergschule/wire/core/Wire.php(374): call_user_func_array(Array, Array) #3 /Users/lars/Dropbox (medo.check)/Privat/Mamp/websites/Schrabergschule/wire/core/WireHooks.php(549): ProcessWire\Wire->_callMethod('___render', Array) #4 /Users/lars/Dropbox (medo.check)/Privat/Mamp/websites/Schrabergschule/wire/core/Wire.php(399): ProcessWire\WireHooks->runHooks(Object(ProcessWire\TemplateFile), 'render', Array) #5 /Users/lars/Dropbox (medo.check)/Privat/Mamp/websites/Schrabergschule/wire/modules/PageRender.module(514): ProcessWire\Wire->__call('render', Array) #6 [internal function]: ProcessWire\PageRender->___ (Zeile 6 in /Users/lars/Dropbox (medo.check)/Privat/Mamp/websites/Schrabergschule/site/templates/basic-page.php)
2017-02-05 20:49:47	admin	http://localhost:8888/Schrabergschule/http404/	Fehler: 	Uncaught Error: Call to a member function login() on null in /Users/lars/Dropbox (medo.check)/Privat/Mamp/websites/Schrabergschule/site/templates/basic-page.php:6 Stack trace: #0 /Users/lars/Dropbox (medo.check)/Privat/Mamp/websites/Schrabergschule/wire/core/TemplateFile.php(268): require() #1 [internal function]: ProcessWire\TemplateFile->___render() #2 /Users/lars/Dropbox (medo.check)/Privat/Mamp/websites/Schrabergschule/wire/core/Wire.php(374): call_user_func_array(Array, Array) #3 /Users/lars/Dropbox (medo.check)/Privat/Mamp/websites/Schrabergschule/wire/core/WireHooks.php(549): ProcessWire\Wire->_callMethod('___render', Array) #4 /Users/lars/Dropbox (medo.check)/Privat/Mamp/websites/Schrabergschule/wire/core/Wire.php(399): ProcessWire\WireHooks->runHooks(Object(ProcessWire\TemplateFile), 'render', Array) #5 /Users/lars/Dropbox (medo.check)/Privat/Mamp/websites/Schrabergschule/wire/modules/PageRender.module(514): ProcessWire\Wire->__call('render', Array) #6 [internal function]: ProcessWire\PageRender->___ (Zeile 6 in /Users/lars/Dropbox (medo.check)/Privat/Mamp/websites/Schrabergschule/site/templates/basic-page.php)
2017-02-05 20:49:49	admin	http://localhost:8888/Schrabergschule/http404/	Fehler: 	Uncaught Error: Call to a member function login() on null in /Users/lars/Dropbox (medo.check)/Privat/Mamp/websites/Schrabergschule/site/templates/basic-page.php:6 Stack trace: #0 /Users/lars/Dropbox (medo.check)/Privat/Mamp/websites/Schrabergschule/wire/core/TemplateFile.php(268): require() #1 [internal function]: ProcessWire\TemplateFile->___render() #2 /Users/lars/Dropbox (medo.check)/Privat/Mamp/websites/Schrabergschule/wire/core/Wire.php(374): call_user_func_array(Array, Array) #3 /Users/lars/Dropbox (medo.check)/Privat/Mamp/websites/Schrabergschule/wire/core/WireHooks.php(549): ProcessWire\Wire->_callMethod('___render', Array) #4 /Users/lars/Dropbox (medo.check)/Privat/Mamp/websites/Schrabergschule/wire/core/Wire.php(399): ProcessWire\WireHooks->runHooks(Object(ProcessWire\TemplateFile), 'render', Array) #5 /Users/lars/Dropbox (medo.check)/Privat/Mamp/websites/Schrabergschule/wire/modules/PageRender.module(514): ProcessWire\Wire->__call('render', Array) #6 [internal function]: ProcessWire\PageRender->___ (Zeile 6 in /Users/lars/Dropbox (medo.check)/Privat/Mamp/websites/Schrabergschule/site/templates/basic-page.php)
2017-02-05 20:50:20	admin	http://localhost:8888/Schrabergschule/http404/	Fehler: 	Uncaught Error: Call to a member function login() on null in /Users/lars/Dropbox (medo.check)/Privat/Mamp/websites/Schrabergschule/site/templates/basic-page.php:6 Stack trace: #0 /Users/lars/Dropbox (medo.check)/Privat/Mamp/websites/Schrabergschule/wire/core/TemplateFile.php(268): require() #1 [internal function]: ProcessWire\TemplateFile->___render() #2 /Users/lars/Dropbox (medo.check)/Privat/Mamp/websites/Schrabergschule/wire/core/Wire.php(374): call_user_func_array(Array, Array) #3 /Users/lars/Dropbox (medo.check)/Privat/Mamp/websites/Schrabergschule/wire/core/WireHooks.php(549): ProcessWire\Wire->_callMethod('___render', Array) #4 /Users/lars/Dropbox (medo.check)/Privat/Mamp/websites/Schrabergschule/wire/core/Wire.php(399): ProcessWire\WireHooks->runHooks(Object(ProcessWire\TemplateFile), 'render', Array) #5 /Users/lars/Dropbox (medo.check)/Privat/Mamp/websites/Schrabergschule/wire/modules/PageRender.module(514): ProcessWire\Wire->__call('render', Array) #6 [internal function]: ProcessWire\PageRender->___ (Zeile 6 in /Users/lars/Dropbox (medo.check)/Privat/Mamp/websites/Schrabergschule/site/templates/basic-page.php)
2017-02-05 20:50:22	admin	http://localhost:8888/Schrabergschule/http404/	Fehler: 	Uncaught Error: Call to a member function login() on null in /Users/lars/Dropbox (medo.check)/Privat/Mamp/websites/Schrabergschule/site/templates/basic-page.php:6 Stack trace: #0 /Users/lars/Dropbox (medo.check)/Privat/Mamp/websites/Schrabergschule/wire/core/TemplateFile.php(268): require() #1 [internal function]: ProcessWire\TemplateFile->___render() #2 /Users/lars/Dropbox (medo.check)/Privat/Mamp/websites/Schrabergschule/wire/core/Wire.php(374): call_user_func_array(Array, Array) #3 /Users/lars/Dropbox (medo.check)/Privat/Mamp/websites/Schrabergschule/wire/core/WireHooks.php(549): ProcessWire\Wire->_callMethod('___render', Array) #4 /Users/lars/Dropbox (medo.check)/Privat/Mamp/websites/Schrabergschule/wire/core/Wire.php(399): ProcessWire\WireHooks->runHooks(Object(ProcessWire\TemplateFile), 'render', Array) #5 /Users/lars/Dropbox (medo.check)/Privat/Mamp/websites/Schrabergschule/wire/modules/PageRender.module(514): ProcessWire\Wire->__call('render', Array) #6 [internal function]: ProcessWire\PageRender->___ (Zeile 6 in /Users/lars/Dropbox (medo.check)/Privat/Mamp/websites/Schrabergschule/site/templates/basic-page.php)
2017-02-05 20:50:24	admin	http://localhost:8888/Schrabergschule/http404/	Fehler: 	Uncaught Error: Call to a member function login() on null in /Users/lars/Dropbox (medo.check)/Privat/Mamp/websites/Schrabergschule/site/templates/basic-page.php:6 Stack trace: #0 /Users/lars/Dropbox (medo.check)/Privat/Mamp/websites/Schrabergschule/wire/core/TemplateFile.php(268): require() #1 [internal function]: ProcessWire\TemplateFile->___render() #2 /Users/lars/Dropbox (medo.check)/Privat/Mamp/websites/Schrabergschule/wire/core/Wire.php(374): call_user_func_array(Array, Array) #3 /Users/lars/Dropbox (medo.check)/Privat/Mamp/websites/Schrabergschule/wire/core/WireHooks.php(549): ProcessWire\Wire->_callMethod('___render', Array) #4 /Users/lars/Dropbox (medo.check)/Privat/Mamp/websites/Schrabergschule/wire/core/Wire.php(399): ProcessWire\WireHooks->runHooks(Object(ProcessWire\TemplateFile), 'render', Array) #5 /Users/lars/Dropbox (medo.check)/Privat/Mamp/websites/Schrabergschule/wire/modules/PageRender.module(514): ProcessWire\Wire->__call('render', Array) #6 [internal function]: ProcessWire\PageRender->___ (Zeile 6 in /Users/lars/Dropbox (medo.check)/Privat/Mamp/websites/Schrabergschule/site/templates/basic-page.php)
2017-02-05 20:50:47	admin	http://localhost:8888/Schrabergschule/http404/	Fehler: 	Uncaught Error: Call to a member function login() on null in /Users/lars/Dropbox (medo.check)/Privat/Mamp/websites/Schrabergschule/site/templates/basic-page.php:6 Stack trace: #0 /Users/lars/Dropbox (medo.check)/Privat/Mamp/websites/Schrabergschule/wire/core/TemplateFile.php(268): require() #1 [internal function]: ProcessWire\TemplateFile->___render() #2 /Users/lars/Dropbox (medo.check)/Privat/Mamp/websites/Schrabergschule/wire/core/Wire.php(374): call_user_func_array(Array, Array) #3 /Users/lars/Dropbox (medo.check)/Privat/Mamp/websites/Schrabergschule/wire/core/WireHooks.php(549): ProcessWire\Wire->_callMethod('___render', Array) #4 /Users/lars/Dropbox (medo.check)/Privat/Mamp/websites/Schrabergschule/wire/core/Wire.php(399): ProcessWire\WireHooks->runHooks(Object(ProcessWire\TemplateFile), 'render', Array) #5 /Users/lars/Dropbox (medo.check)/Privat/Mamp/websites/Schrabergschule/wire/modules/PageRender.module(514): ProcessWire\Wire->__call('render', Array) #6 [internal function]: ProcessWire\PageRender->___ (Zeile 6 in /Users/lars/Dropbox (medo.check)/Privat/Mamp/websites/Schrabergschule/site/templates/basic-page.php)
2017-02-05 20:50:49	admin	http://localhost:8888/Schrabergschule/http404/	Fehler: 	Uncaught Error: Call to a member function login() on null in /Users/lars/Dropbox (medo.check)/Privat/Mamp/websites/Schrabergschule/site/templates/basic-page.php:6 Stack trace: #0 /Users/lars/Dropbox (medo.check)/Privat/Mamp/websites/Schrabergschule/wire/core/TemplateFile.php(268): require() #1 [internal function]: ProcessWire\TemplateFile->___render() #2 /Users/lars/Dropbox (medo.check)/Privat/Mamp/websites/Schrabergschule/wire/core/Wire.php(374): call_user_func_array(Array, Array) #3 /Users/lars/Dropbox (medo.check)/Privat/Mamp/websites/Schrabergschule/wire/core/WireHooks.php(549): ProcessWire\Wire->_callMethod('___render', Array) #4 /Users/lars/Dropbox (medo.check)/Privat/Mamp/websites/Schrabergschule/wire/core/Wire.php(399): ProcessWire\WireHooks->runHooks(Object(ProcessWire\TemplateFile), 'render', Array) #5 /Users/lars/Dropbox (medo.check)/Privat/Mamp/websites/Schrabergschule/wire/modules/PageRender.module(514): ProcessWire\Wire->__call('render', Array) #6 [internal function]: ProcessWire\PageRender->___ (Zeile 6 in /Users/lars/Dropbox (medo.check)/Privat/Mamp/websites/Schrabergschule/site/templates/basic-page.php)
2017-02-05 20:51:34	admin	http://localhost:8888/Schrabergschule/http404/	Fehler: 	Uncaught Error: Call to a member function login() on null in /Users/lars/Dropbox (medo.check)/Privat/Mamp/websites/Schrabergschule/site/templates/basic-page.php:6 Stack trace: #0 /Users/lars/Dropbox (medo.check)/Privat/Mamp/websites/Schrabergschule/wire/core/TemplateFile.php(268): require() #1 [internal function]: ProcessWire\TemplateFile->___render() #2 /Users/lars/Dropbox (medo.check)/Privat/Mamp/websites/Schrabergschule/wire/core/Wire.php(374): call_user_func_array(Array, Array) #3 /Users/lars/Dropbox (medo.check)/Privat/Mamp/websites/Schrabergschule/wire/core/WireHooks.php(549): ProcessWire\Wire->_callMethod('___render', Array) #4 /Users/lars/Dropbox (medo.check)/Privat/Mamp/websites/Schrabergschule/wire/core/Wire.php(399): ProcessWire\WireHooks->runHooks(Object(ProcessWire\TemplateFile), 'render', Array) #5 /Users/lars/Dropbox (medo.check)/Privat/Mamp/websites/Schrabergschule/wire/modules/PageRender.module(514): ProcessWire\Wire->__call('render', Array) #6 [internal function]: ProcessWire\PageRender->___ (Zeile 6 in /Users/lars/Dropbox (medo.check)/Privat/Mamp/websites/Schrabergschule/site/templates/basic-page.php)
2017-02-05 20:51:42	admin	http://localhost:8888/Schrabergschule/http404/	Fehler: 	Uncaught Error: Call to a member function login() on null in /Users/lars/Dropbox (medo.check)/Privat/Mamp/websites/Schrabergschule/site/templates/basic-page.php:6 Stack trace: #0 /Users/lars/Dropbox (medo.check)/Privat/Mamp/websites/Schrabergschule/wire/core/TemplateFile.php(268): require() #1 [internal function]: ProcessWire\TemplateFile->___render() #2 /Users/lars/Dropbox (medo.check)/Privat/Mamp/websites/Schrabergschule/wire/core/Wire.php(374): call_user_func_array(Array, Array) #3 /Users/lars/Dropbox (medo.check)/Privat/Mamp/websites/Schrabergschule/wire/core/WireHooks.php(549): ProcessWire\Wire->_callMethod('___render', Array) #4 /Users/lars/Dropbox (medo.check)/Privat/Mamp/websites/Schrabergschule/wire/core/Wire.php(399): ProcessWire\WireHooks->runHooks(Object(ProcessWire\TemplateFile), 'render', Array) #5 /Users/lars/Dropbox (medo.check)/Privat/Mamp/websites/Schrabergschule/wire/modules/PageRender.module(514): ProcessWire\Wire->__call('render', Array) #6 [internal function]: ProcessWire\PageRender->___ (Zeile 6 in /Users/lars/Dropbox (medo.check)/Privat/Mamp/websites/Schrabergschule/site/templates/basic-page.php)
2017-02-05 20:59:11	admin	http://localhost:8888/Schrabergschule/http404/	Fehler: 	Uncaught Error: Call to a member function login() on null in /Users/lars/Dropbox (medo.check)/Privat/Mamp/websites/Schrabergschule/site/templates/basic-page.php:6 Stack trace: #0 /Users/lars/Dropbox (medo.check)/Privat/Mamp/websites/Schrabergschule/wire/core/TemplateFile.php(268): require() #1 [internal function]: ProcessWire\TemplateFile->___render() #2 /Users/lars/Dropbox (medo.check)/Privat/Mamp/websites/Schrabergschule/wire/core/Wire.php(374): call_user_func_array(Array, Array) #3 /Users/lars/Dropbox (medo.check)/Privat/Mamp/websites/Schrabergschule/wire/core/WireHooks.php(549): ProcessWire\Wire->_callMethod('___render', Array) #4 /Users/lars/Dropbox (medo.check)/Privat/Mamp/websites/Schrabergschule/wire/core/Wire.php(399): ProcessWire\WireHooks->runHooks(Object(ProcessWire\TemplateFile), 'render', Array) #5 /Users/lars/Dropbox (medo.check)/Privat/Mamp/websites/Schrabergschule/wire/modules/PageRender.module(514): ProcessWire\Wire->__call('render', Array) #6 [internal function]: ProcessWire\PageRender->___ (Zeile 6 in /Users/lars/Dropbox (medo.check)/Privat/Mamp/websites/Schrabergschule/site/templates/basic-page.php)
2017-02-05 20:59:13	admin	http://localhost:8888/Schrabergschule/http404/	Fehler: 	Uncaught Error: Call to a member function login() on null in /Users/lars/Dropbox (medo.check)/Privat/Mamp/websites/Schrabergschule/site/templates/basic-page.php:6 Stack trace: #0 /Users/lars/Dropbox (medo.check)/Privat/Mamp/websites/Schrabergschule/wire/core/TemplateFile.php(268): require() #1 [internal function]: ProcessWire\TemplateFile->___render() #2 /Users/lars/Dropbox (medo.check)/Privat/Mamp/websites/Schrabergschule/wire/core/Wire.php(374): call_user_func_array(Array, Array) #3 /Users/lars/Dropbox (medo.check)/Privat/Mamp/websites/Schrabergschule/wire/core/WireHooks.php(549): ProcessWire\Wire->_callMethod('___render', Array) #4 /Users/lars/Dropbox (medo.check)/Privat/Mamp/websites/Schrabergschule/wire/core/Wire.php(399): ProcessWire\WireHooks->runHooks(Object(ProcessWire\TemplateFile), 'render', Array) #5 /Users/lars/Dropbox (medo.check)/Privat/Mamp/websites/Schrabergschule/wire/modules/PageRender.module(514): ProcessWire\Wire->__call('render', Array) #6 [internal function]: ProcessWire\PageRender->___ (Zeile 6 in /Users/lars/Dropbox (medo.check)/Privat/Mamp/websites/Schrabergschule/site/templates/basic-page.php)
2017-02-05 20:59:15	admin	http://localhost:8888/Schrabergschule/http404/	Fehler: 	Uncaught Error: Call to a member function login() on null in /Users/lars/Dropbox (medo.check)/Privat/Mamp/websites/Schrabergschule/site/templates/basic-page.php:6 Stack trace: #0 /Users/lars/Dropbox (medo.check)/Privat/Mamp/websites/Schrabergschule/wire/core/TemplateFile.php(268): require() #1 [internal function]: ProcessWire\TemplateFile->___render() #2 /Users/lars/Dropbox (medo.check)/Privat/Mamp/websites/Schrabergschule/wire/core/Wire.php(374): call_user_func_array(Array, Array) #3 /Users/lars/Dropbox (medo.check)/Privat/Mamp/websites/Schrabergschule/wire/core/WireHooks.php(549): ProcessWire\Wire->_callMethod('___render', Array) #4 /Users/lars/Dropbox (medo.check)/Privat/Mamp/websites/Schrabergschule/wire/core/Wire.php(399): ProcessWire\WireHooks->runHooks(Object(ProcessWire\TemplateFile), 'render', Array) #5 /Users/lars/Dropbox (medo.check)/Privat/Mamp/websites/Schrabergschule/wire/modules/PageRender.module(514): ProcessWire\Wire->__call('render', Array) #6 [internal function]: ProcessWire\PageRender->___ (Zeile 6 in /Users/lars/Dropbox (medo.check)/Privat/Mamp/websites/Schrabergschule/site/templates/basic-page.php)
2017-02-05 20:59:21	admin	http://localhost:8888/Schrabergschule/http404/	Fehler: 	Uncaught Error: Call to a member function login() on null in /Users/lars/Dropbox (medo.check)/Privat/Mamp/websites/Schrabergschule/site/templates/basic-page.php:6 Stack trace: #0 /Users/lars/Dropbox (medo.check)/Privat/Mamp/websites/Schrabergschule/wire/core/TemplateFile.php(268): require() #1 [internal function]: ProcessWire\TemplateFile->___render() #2 /Users/lars/Dropbox (medo.check)/Privat/Mamp/websites/Schrabergschule/wire/core/Wire.php(374): call_user_func_array(Array, Array) #3 /Users/lars/Dropbox (medo.check)/Privat/Mamp/websites/Schrabergschule/wire/core/WireHooks.php(549): ProcessWire\Wire->_callMethod('___render', Array) #4 /Users/lars/Dropbox (medo.check)/Privat/Mamp/websites/Schrabergschule/wire/core/Wire.php(399): ProcessWire\WireHooks->runHooks(Object(ProcessWire\TemplateFile), 'render', Array) #5 /Users/lars/Dropbox (medo.check)/Privat/Mamp/websites/Schrabergschule/wire/modules/PageRender.module(514): ProcessWire\Wire->__call('render', Array) #6 [internal function]: ProcessWire\PageRender->___ (Zeile 6 in /Users/lars/Dropbox (medo.check)/Privat/Mamp/websites/Schrabergschule/site/templates/basic-page.php)
2017-02-05 20:59:22	admin	http://localhost:8888/Schrabergschule/http404/	Fehler: 	Uncaught Error: Call to a member function login() on null in /Users/lars/Dropbox (medo.check)/Privat/Mamp/websites/Schrabergschule/site/templates/basic-page.php:6 Stack trace: #0 /Users/lars/Dropbox (medo.check)/Privat/Mamp/websites/Schrabergschule/wire/core/TemplateFile.php(268): require() #1 [internal function]: ProcessWire\TemplateFile->___render() #2 /Users/lars/Dropbox (medo.check)/Privat/Mamp/websites/Schrabergschule/wire/core/Wire.php(374): call_user_func_array(Array, Array) #3 /Users/lars/Dropbox (medo.check)/Privat/Mamp/websites/Schrabergschule/wire/core/WireHooks.php(549): ProcessWire\Wire->_callMethod('___render', Array) #4 /Users/lars/Dropbox (medo.check)/Privat/Mamp/websites/Schrabergschule/wire/core/Wire.php(399): ProcessWire\WireHooks->runHooks(Object(ProcessWire\TemplateFile), 'render', Array) #5 /Users/lars/Dropbox (medo.check)/Privat/Mamp/websites/Schrabergschule/wire/modules/PageRender.module(514): ProcessWire\Wire->__call('render', Array) #6 [internal function]: ProcessWire\PageRender->___ (Zeile 6 in /Users/lars/Dropbox (medo.check)/Privat/Mamp/websites/Schrabergschule/site/templates/basic-page.php)
2017-02-05 21:01:14	admin	http://localhost:8888/Schrabergschule/http404/	Fehler: 	Uncaught Error: Call to a member function login() on null in /Users/lars/Dropbox (medo.check)/Privat/Mamp/websites/Schrabergschule/site/templates/basic-page.php:6 Stack trace: #0 /Users/lars/Dropbox (medo.check)/Privat/Mamp/websites/Schrabergschule/wire/core/TemplateFile.php(268): require() #1 [internal function]: ProcessWire\TemplateFile->___render() #2 /Users/lars/Dropbox (medo.check)/Privat/Mamp/websites/Schrabergschule/wire/core/Wire.php(374): call_user_func_array(Array, Array) #3 /Users/lars/Dropbox (medo.check)/Privat/Mamp/websites/Schrabergschule/wire/core/WireHooks.php(549): ProcessWire\Wire->_callMethod('___render', Array) #4 /Users/lars/Dropbox (medo.check)/Privat/Mamp/websites/Schrabergschule/wire/core/Wire.php(399): ProcessWire\WireHooks->runHooks(Object(ProcessWire\TemplateFile), 'render', Array) #5 /Users/lars/Dropbox (medo.check)/Privat/Mamp/websites/Schrabergschule/wire/modules/PageRender.module(514): ProcessWire\Wire->__call('render', Array) #6 [internal function]: ProcessWire\PageRender->___ (Zeile 6 in /Users/lars/Dropbox (medo.check)/Privat/Mamp/websites/Schrabergschule/site/templates/basic-page.php)
2017-02-05 21:11:14	admin	http://localhost:8888/Schrabergschule/kalenderdaten/	Fehler: 	Uncaught Error: Call to undefined function find() in /Users/lars/Dropbox (medo.check)/Privat/Mamp/websites/Schrabergschule/site/templates/Kalender.php:3 Stack trace: #0 /Users/lars/Dropbox (medo.check)/Privat/Mamp/websites/Schrabergschule/wire/core/TemplateFile.php(268): require() #1 [internal function]: ProcessWire\TemplateFile->___render() #2 /Users/lars/Dropbox (medo.check)/Privat/Mamp/websites/Schrabergschule/wire/core/Wire.php(374): call_user_func_array(Array, Array) #3 /Users/lars/Dropbox (medo.check)/Privat/Mamp/websites/Schrabergschule/wire/core/WireHooks.php(549): ProcessWire\Wire->_callMethod('___render', Array) #4 /Users/lars/Dropbox (medo.check)/Privat/Mamp/websites/Schrabergschule/wire/core/Wire.php(399): ProcessWire\WireHooks->runHooks(Object(ProcessWire\TemplateFile), 'render', Array) #5 /Users/lars/Dropbox (medo.check)/Privat/Mamp/websites/Schrabergschule/wire/modules/PageRender.module(514): ProcessWire\Wire->__call('render', Array) #6 [internal function]: ProcessWire\PageRender->___renderPage (Zeile 3 in /Users/lars/Dropbox (medo.check)/Privat/Mamp/websites/Schrabergschule/site/templates/Kalender.php)
2017-02-05 21:11:24	admin	http://localhost:8888/Schrabergschule/kalenderdaten/	Fehler: 	Exception: Unknown Selector operator: '>=$' -- was your selector value properly escaped?  (in /Users/lars/Dropbox (medo.check)/Privat/Mamp/websites/Schrabergschule/wire/core/Selectors.php line 357)  #0 /Users/lars/Dropbox (medo.check)/Privat/Mamp/websites/Schrabergschule/wire/core/Selectors.php(401): ProcessWire\Selectors->create('datefrom', '>=$', 'params->start') #1 /Users/lars/Dropbox (medo.check)/Privat/Mamp/websites/Schrabergschule/wire/core/Selectors.php(158): ProcessWire\Selectors->extractString('') #2 /Users/lars/Dropbox (medo.check)/Privat/Mamp/websites/Schrabergschule/wire/core/Selectors.php(144): ProcessWire\Selectors->setSelectorString('datefrom>=$para...') #3 /Users/lars/Dropbox (medo.check)/Privat/Mamp/websites/Schrabergschule/wire/core/Selectors.php(124): ProcessWire\Selectors->init('datefrom>=$para...') #4 /Users/lars/Dropbox (medo.check)/Privat/Mamp/websites/Schrabergschule/wire/core/PageFinder.php(514): ProcessWire\Selectors->__construct('datefrom>=$para...') #5 /Users/lars/Dropbox (medo.che
2017-02-05 21:11:26	admin	http://localhost:8888/Schrabergschule/kalenderdaten/	Fehler: 	Exception: Unknown Selector operator: '>=$' -- was your selector value properly escaped?  (in /Users/lars/Dropbox (medo.check)/Privat/Mamp/websites/Schrabergschule/wire/core/Selectors.php line 357)  #0 /Users/lars/Dropbox (medo.check)/Privat/Mamp/websites/Schrabergschule/wire/core/Selectors.php(401): ProcessWire\Selectors->create('datefrom', '>=$', 'params->start') #1 /Users/lars/Dropbox (medo.check)/Privat/Mamp/websites/Schrabergschule/wire/core/Selectors.php(158): ProcessWire\Selectors->extractString('') #2 /Users/lars/Dropbox (medo.check)/Privat/Mamp/websites/Schrabergschule/wire/core/Selectors.php(144): ProcessWire\Selectors->setSelectorString('datefrom>=$para...') #3 /Users/lars/Dropbox (medo.check)/Privat/Mamp/websites/Schrabergschule/wire/core/Selectors.php(124): ProcessWire\Selectors->init('datefrom>=$para...') #4 /Users/lars/Dropbox (medo.check)/Privat/Mamp/websites/Schrabergschule/wire/core/PageFinder.php(514): ProcessWire\Selectors->__construct('datefrom>=$para...') #5 /Users/lars/Dropbox (medo.che
2017-02-05 21:12:08	admin	http://localhost:8888/Schrabergschule/kalenderdaten/	Fehler: 	Exception: Unknown Selector operator: '>=$' -- was your selector value properly escaped?  (in /Users/lars/Dropbox (medo.check)/Privat/Mamp/websites/Schrabergschule/wire/core/Selectors.php line 357)  #0 /Users/lars/Dropbox (medo.check)/Privat/Mamp/websites/Schrabergschule/wire/core/Selectors.php(401): ProcessWire\Selectors->create('datefrom', '>=$', 'params->start') #1 /Users/lars/Dropbox (medo.check)/Privat/Mamp/websites/Schrabergschule/wire/core/Selectors.php(158): ProcessWire\Selectors->extractString('') #2 /Users/lars/Dropbox (medo.check)/Privat/Mamp/websites/Schrabergschule/wire/core/Selectors.php(144): ProcessWire\Selectors->setSelectorString('datefrom>=$para...') #3 /Users/lars/Dropbox (medo.check)/Privat/Mamp/websites/Schrabergschule/wire/core/Selectors.php(124): ProcessWire\Selectors->init('datefrom>=$para...') #4 /Users/lars/Dropbox (medo.check)/Privat/Mamp/websites/Schrabergschule/wire/core/PageFinder.php(514): ProcessWire\Selectors->__construct('datefrom>=$para...') #5 /Users/lars/Dropbox (medo.che
2017-02-05 21:12:09	admin	http://localhost:8888/Schrabergschule/kalenderdaten/	Fehler: 	Exception: Unknown Selector operator: '>=$' -- was your selector value properly escaped?  (in /Users/lars/Dropbox (medo.check)/Privat/Mamp/websites/Schrabergschule/wire/core/Selectors.php line 357)  #0 /Users/lars/Dropbox (medo.check)/Privat/Mamp/websites/Schrabergschule/wire/core/Selectors.php(401): ProcessWire\Selectors->create('datefrom', '>=$', 'params->start') #1 /Users/lars/Dropbox (medo.check)/Privat/Mamp/websites/Schrabergschule/wire/core/Selectors.php(158): ProcessWire\Selectors->extractString('') #2 /Users/lars/Dropbox (medo.check)/Privat/Mamp/websites/Schrabergschule/wire/core/Selectors.php(144): ProcessWire\Selectors->setSelectorString('datefrom>=$para...') #3 /Users/lars/Dropbox (medo.check)/Privat/Mamp/websites/Schrabergschule/wire/core/Selectors.php(124): ProcessWire\Selectors->init('datefrom>=$para...') #4 /Users/lars/Dropbox (medo.check)/Privat/Mamp/websites/Schrabergschule/wire/core/PageFinder.php(514): ProcessWire\Selectors->__construct('datefrom>=$para...') #5 /Users/lars/Dropbox (medo.che
2017-02-05 21:12:48	admin	http://localhost:8888/Schrabergschule/kalenderdaten/	Parser-Fehler: 	syntax error, unexpected '->' (T_OBJECT_OPERATOR), expecting ',' or ')' (Zeile 3 in /Users/lars/Dropbox (medo.check)/Privat/Mamp/websites/Schrabergschule/site/templates/Kalender.php)
2017-02-05 21:12:49	admin	http://localhost:8888/Schrabergschule/kalenderdaten/	Parser-Fehler: 	syntax error, unexpected '->' (T_OBJECT_OPERATOR), expecting ',' or ')' (Zeile 3 in /Users/lars/Dropbox (medo.check)/Privat/Mamp/websites/Schrabergschule/site/templates/Kalender.php)
2017-02-05 21:29:40	admin	http://localhost:8888/Schrabergschule/kalenderdaten/	Fehler: 	Uncaught Error: Call to a member function push() on array in /Users/lars/Dropbox (medo.check)/Privat/Mamp/websites/Schrabergschule/site/templates/Kalender.php:15 Stack trace: #0 /Users/lars/Dropbox (medo.check)/Privat/Mamp/websites/Schrabergschule/wire/core/TemplateFile.php(268): require() #1 [internal function]: ProcessWire\TemplateFile->___render() #2 /Users/lars/Dropbox (medo.check)/Privat/Mamp/websites/Schrabergschule/wire/core/Wire.php(374): call_user_func_array(Array, Array) #3 /Users/lars/Dropbox (medo.check)/Privat/Mamp/websites/Schrabergschule/wire/core/WireHooks.php(549): ProcessWire\Wire->_callMethod('___render', Array) #4 /Users/lars/Dropbox (medo.check)/Privat/Mamp/websites/Schrabergschule/wire/core/Wire.php(399): ProcessWire\WireHooks->runHooks(Object(ProcessWire\TemplateFile), 'render', Array) #5 /Users/lars/Dropbox (medo.check)/Privat/Mamp/websites/Schrabergschule/wire/modules/PageRender.module(514): ProcessWire\Wire->__call('render', Array) #6 [internal function]: ProcessWire\PageRender->___r (Zeile 15 in /Users/lars/Dropbox (medo.check)/Privat/Mamp/websites/Schrabergschule/site/templates/Kalender.php)
2017-02-05 21:32:42	admin	http://localhost:8888/Schrabergschule/kalenderdaten/	Parser-Fehler: 	syntax error, unexpected ';', expecting ')' (Zeile 16 in /Users/lars/Dropbox (medo.check)/Privat/Mamp/websites/Schrabergschule/site/templates/Kalender.php)
2017-02-05 21:32:44	admin	http://localhost:8888/Schrabergschule/kalenderdaten/	Parser-Fehler: 	syntax error, unexpected ';', expecting ')' (Zeile 16 in /Users/lars/Dropbox (medo.check)/Privat/Mamp/websites/Schrabergschule/site/templates/Kalender.php)
2017-02-05 21:35:53	admin	http://localhost:8888/Schrabergschule/http404/	Fehler: 	Uncaught Error: Call to a member function login() on null in /Users/lars/Dropbox (medo.check)/Privat/Mamp/websites/Schrabergschule/site/templates/basic-page.php:6 Stack trace: #0 /Users/lars/Dropbox (medo.check)/Privat/Mamp/websites/Schrabergschule/wire/core/TemplateFile.php(268): require() #1 [internal function]: ProcessWire\TemplateFile->___render() #2 /Users/lars/Dropbox (medo.check)/Privat/Mamp/websites/Schrabergschule/wire/core/Wire.php(374): call_user_func_array(Array, Array) #3 /Users/lars/Dropbox (medo.check)/Privat/Mamp/websites/Schrabergschule/wire/core/WireHooks.php(549): ProcessWire\Wire->_callMethod('___render', Array) #4 /Users/lars/Dropbox (medo.check)/Privat/Mamp/websites/Schrabergschule/wire/core/Wire.php(399): ProcessWire\WireHooks->runHooks(Object(ProcessWire\TemplateFile), 'render', Array) #5 /Users/lars/Dropbox (medo.check)/Privat/Mamp/websites/Schrabergschule/wire/modules/PageRender.module(514): ProcessWire\Wire->__call('render', Array) #6 [internal function]: ProcessWire\PageRender->___ (Zeile 6 in /Users/lars/Dropbox (medo.check)/Privat/Mamp/websites/Schrabergschule/site/templates/basic-page.php)
2017-02-05 21:36:22	admin	http://localhost:8888/Schrabergschule/http404/	Fehler: 	Uncaught Error: Call to a member function login() on null in /Users/lars/Dropbox (medo.check)/Privat/Mamp/websites/Schrabergschule/site/templates/basic-page.php:6 Stack trace: #0 /Users/lars/Dropbox (medo.check)/Privat/Mamp/websites/Schrabergschule/wire/core/TemplateFile.php(268): require() #1 [internal function]: ProcessWire\TemplateFile->___render() #2 /Users/lars/Dropbox (medo.check)/Privat/Mamp/websites/Schrabergschule/wire/core/Wire.php(374): call_user_func_array(Array, Array) #3 /Users/lars/Dropbox (medo.check)/Privat/Mamp/websites/Schrabergschule/wire/core/WireHooks.php(549): ProcessWire\Wire->_callMethod('___render', Array) #4 /Users/lars/Dropbox (medo.check)/Privat/Mamp/websites/Schrabergschule/wire/core/Wire.php(399): ProcessWire\WireHooks->runHooks(Object(ProcessWire\TemplateFile), 'render', Array) #5 /Users/lars/Dropbox (medo.check)/Privat/Mamp/websites/Schrabergschule/wire/modules/PageRender.module(514): ProcessWire\Wire->__call('render', Array) #6 [internal function]: ProcessWire\PageRender->___ (Zeile 6 in /Users/lars/Dropbox (medo.check)/Privat/Mamp/websites/Schrabergschule/site/templates/basic-page.php)
2017-02-05 21:42:27	admin	http://localhost:8888/Schrabergschule/kalenderdaten/	Nachvollziehbarer fataler Fehler: 	Object of class DateTime could not be converted to string (Zeile 3 in /Users/lars/Dropbox (medo.check)/Privat/Mamp/websites/Schrabergschule/site/templates/Kalender.php)
2017-02-05 21:42:28	admin	http://localhost:8888/Schrabergschule/kalenderdaten/	Nachvollziehbarer fataler Fehler: 	Object of class DateTime could not be converted to string (Zeile 3 in /Users/lars/Dropbox (medo.check)/Privat/Mamp/websites/Schrabergschule/site/templates/Kalender.php)
2017-02-05 21:48:46	admin	http://localhost:8888/Schrabergschule/kalenderdaten/	Fehler: 	Exception: Unknown Selector operator: '>=$' -- was your selector value properly escaped?  (in /Users/lars/Dropbox (medo.check)/Privat/Mamp/websites/Schrabergschule/wire/core/Selectors.php line 357)  #0 /Users/lars/Dropbox (medo.check)/Privat/Mamp/websites/Schrabergschule/wire/core/Selectors.php(401): ProcessWire\Selectors->create('datefrom', '>=$', 'start_date') #1 /Users/lars/Dropbox (medo.check)/Privat/Mamp/websites/Schrabergschule/wire/core/Selectors.php(158): ProcessWire\Selectors->extractString('') #2 /Users/lars/Dropbox (medo.check)/Privat/Mamp/websites/Schrabergschule/wire/core/Selectors.php(144): ProcessWire\Selectors->setSelectorString('datefrom>=$star...') #3 /Users/lars/Dropbox (medo.check)/Privat/Mamp/websites/Schrabergschule/wire/core/Selectors.php(124): ProcessWire\Selectors->init('datefrom>=$star...') #4 /Users/lars/Dropbox (medo.check)/Privat/Mamp/websites/Schrabergschule/wire/core/PageFinder.php(514): ProcessWire\Selectors->__construct('datefrom>=$star...') #5 /Users/lars/Dropbox (medo.check)
2017-02-05 21:48:47	admin	http://localhost:8888/Schrabergschule/kalenderdaten/	Fehler: 	Exception: Unknown Selector operator: '>=$' -- was your selector value properly escaped?  (in /Users/lars/Dropbox (medo.check)/Privat/Mamp/websites/Schrabergschule/wire/core/Selectors.php line 357)  #0 /Users/lars/Dropbox (medo.check)/Privat/Mamp/websites/Schrabergschule/wire/core/Selectors.php(401): ProcessWire\Selectors->create('datefrom', '>=$', 'start_date') #1 /Users/lars/Dropbox (medo.check)/Privat/Mamp/websites/Schrabergschule/wire/core/Selectors.php(158): ProcessWire\Selectors->extractString('') #2 /Users/lars/Dropbox (medo.check)/Privat/Mamp/websites/Schrabergschule/wire/core/Selectors.php(144): ProcessWire\Selectors->setSelectorString('datefrom>=$star...') #3 /Users/lars/Dropbox (medo.check)/Privat/Mamp/websites/Schrabergschule/wire/core/Selectors.php(124): ProcessWire\Selectors->init('datefrom>=$star...') #4 /Users/lars/Dropbox (medo.check)/Privat/Mamp/websites/Schrabergschule/wire/core/PageFinder.php(514): ProcessWire\Selectors->__construct('datefrom>=$star...') #5 /Users/lars/Dropbox (medo.check)
2017-02-05 21:48:48	admin	http://localhost:8888/Schrabergschule/kalenderdaten/	Fehler: 	Exception: Unknown Selector operator: '>=$' -- was your selector value properly escaped?  (in /Users/lars/Dropbox (medo.check)/Privat/Mamp/websites/Schrabergschule/wire/core/Selectors.php line 357)  #0 /Users/lars/Dropbox (medo.check)/Privat/Mamp/websites/Schrabergschule/wire/core/Selectors.php(401): ProcessWire\Selectors->create('datefrom', '>=$', 'start_date') #1 /Users/lars/Dropbox (medo.check)/Privat/Mamp/websites/Schrabergschule/wire/core/Selectors.php(158): ProcessWire\Selectors->extractString('') #2 /Users/lars/Dropbox (medo.check)/Privat/Mamp/websites/Schrabergschule/wire/core/Selectors.php(144): ProcessWire\Selectors->setSelectorString('datefrom>=$star...') #3 /Users/lars/Dropbox (medo.check)/Privat/Mamp/websites/Schrabergschule/wire/core/Selectors.php(124): ProcessWire\Selectors->init('datefrom>=$star...') #4 /Users/lars/Dropbox (medo.check)/Privat/Mamp/websites/Schrabergschule/wire/core/PageFinder.php(514): ProcessWire\Selectors->__construct('datefrom>=$star...') #5 /Users/lars/Dropbox (medo.check)
2017-02-05 22:37:22	admin	http://localhost:8888/Schrabergschule/kalenderdaten/	Fehler: 	Uncaught Error: Function name must be a string in /Users/lars/Dropbox (medo.check)/Privat/Mamp/websites/Schrabergschule/site/templates/Kalender.php:16 Stack trace: #0 /Users/lars/Dropbox (medo.check)/Privat/Mamp/websites/Schrabergschule/wire/core/TemplateFile.php(268): require() #1 [internal function]: ProcessWire\TemplateFile->___render() #2 /Users/lars/Dropbox (medo.check)/Privat/Mamp/websites/Schrabergschule/wire/core/Wire.php(374): call_user_func_array(Array, Array) #3 /Users/lars/Dropbox (medo.check)/Privat/Mamp/websites/Schrabergschule/wire/core/WireHooks.php(549): ProcessWire\Wire->_callMethod('___render', Array) #4 /Users/lars/Dropbox (medo.check)/Privat/Mamp/websites/Schrabergschule/wire/core/Wire.php(399): ProcessWire\WireHooks->runHooks(Object(ProcessWire\TemplateFile), 'render', Array) #5 /Users/lars/Dropbox (medo.check)/Privat/Mamp/websites/Schrabergschule/wire/modules/PageRender.module(514): ProcessWire\Wire->__call('render', Array) #6 [internal function]: ProcessWire\PageRender->___renderPage(O (Zeile 16 in /Users/lars/Dropbox (medo.check)/Privat/Mamp/websites/Schrabergschule/site/templates/Kalender.php)
2017-02-12 20:45:05	annika_winter	http://localhost:8888/Schrabergschule/http404/	Fehler: 	Uncaught Error: Call to a member function login() on null in /Users/annika/Dropbox/Mamp/websites/Schrabergschule/site/templates/basic-page.php:6 Stack trace: #0 /Users/annika/Dropbox/Mamp/websites/Schrabergschule/wire/core/TemplateFile.php(268): require() #1 [internal function]: ProcessWire\TemplateFile->___render() #2 /Users/annika/Dropbox/Mamp/websites/Schrabergschule/wire/core/Wire.php(374): call_user_func_array(Array, Array) #3 /Users/annika/Dropbox/Mamp/websites/Schrabergschule/wire/core/WireHooks.php(549): ProcessWire\Wire->_callMethod('___render', Array) #4 /Users/annika/Dropbox/Mamp/websites/Schrabergschule/wire/core/Wire.php(399): ProcessWire\WireHooks->runHooks(Object(ProcessWire\TemplateFile), 'render', Array) #5 /Users/annika/Dropbox/Mamp/websites/Schrabergschule/wire/modules/PageRender.module(514): ProcessWire\Wire->__call('render', Array) #6 [internal function]: ProcessWire\PageRender->___renderPage(Object(ProcessWire\HookEvent)) #7 /Users/annika/Dropbox/Mamp/websites/Schrabergschule/wire/core/W (Zeile 6 in /Users/annika/Dropbox/Mamp/websites/Schrabergschule/site/templates/basic-page.php)
2017-02-12 22:58:48	annika_winter	http://localhost:8888/Schrabergschule/kontakt/	Fehler: 	Uncaught Error: Call to a member function login() on null in /Users/annika/Dropbox/Mamp/websites/Schrabergschule/site/templates/basic-page.php:6 Stack trace: #0 /Users/annika/Dropbox/Mamp/websites/Schrabergschule/wire/core/TemplateFile.php(268): require() #1 [internal function]: ProcessWire\TemplateFile->___render() #2 /Users/annika/Dropbox/Mamp/websites/Schrabergschule/wire/core/Wire.php(374): call_user_func_array(Array, Array) #3 /Users/annika/Dropbox/Mamp/websites/Schrabergschule/wire/core/WireHooks.php(549): ProcessWire\Wire->_callMethod('___render', Array) #4 /Users/annika/Dropbox/Mamp/websites/Schrabergschule/wire/core/Wire.php(399): ProcessWire\WireHooks->runHooks(Object(ProcessWire\TemplateFile), 'render', Array) #5 /Users/annika/Dropbox/Mamp/websites/Schrabergschule/wire/modules/PageRender.module(514): ProcessWire\Wire->__call('render', Array) #6 [internal function]: ProcessWire\PageRender->___renderPage(Object(ProcessWire\HookEvent)) #7 /Users/annika/Dropbox/Mamp/websites/Schrabergschule/wire/core/W (Zeile 6 in /Users/annika/Dropbox/Mamp/websites/Schrabergschule/site/templates/basic-page.php)
2017-02-12 22:59:32	annika_winter	http://localhost:8888/Schrabergschule/aktuelles/	Fehler: 	Uncaught Error: Call to a member function login() on null in /Users/annika/Dropbox/Mamp/websites/Schrabergschule/site/templates/basic-page.php:6 Stack trace: #0 /Users/annika/Dropbox/Mamp/websites/Schrabergschule/wire/core/TemplateFile.php(268): require() #1 [internal function]: ProcessWire\TemplateFile->___render() #2 /Users/annika/Dropbox/Mamp/websites/Schrabergschule/wire/core/Wire.php(374): call_user_func_array(Array, Array) #3 /Users/annika/Dropbox/Mamp/websites/Schrabergschule/wire/core/WireHooks.php(549): ProcessWire\Wire->_callMethod('___render', Array) #4 /Users/annika/Dropbox/Mamp/websites/Schrabergschule/wire/core/Wire.php(399): ProcessWire\WireHooks->runHooks(Object(ProcessWire\TemplateFile), 'render', Array) #5 /Users/annika/Dropbox/Mamp/websites/Schrabergschule/wire/modules/PageRender.module(514): ProcessWire\Wire->__call('render', Array) #6 [internal function]: ProcessWire\PageRender->___renderPage(Object(ProcessWire\HookEvent)) #7 /Users/annika/Dropbox/Mamp/websites/Schrabergschule/wire/core/W (Zeile 6 in /Users/annika/Dropbox/Mamp/websites/Schrabergschule/site/templates/basic-page.php)
2017-02-12 23:24:40	admin	http://localhost:8888/Schrabergschule/http404/	Fehler: 	Uncaught Error: Call to a member function login() on null in /Users/lars/Dropbox (medo.check)/Privat/Mamp/websites/Schrabergschule/site/templates/basic-page.php:6 Stack trace: #0 /Users/lars/Dropbox (medo.check)/Privat/Mamp/websites/Schrabergschule/wire/core/TemplateFile.php(268): require() #1 [internal function]: ProcessWire\TemplateFile->___render() #2 /Users/lars/Dropbox (medo.check)/Privat/Mamp/websites/Schrabergschule/wire/core/Wire.php(374): call_user_func_array(Array, Array) #3 /Users/lars/Dropbox (medo.check)/Privat/Mamp/websites/Schrabergschule/wire/core/WireHooks.php(549): ProcessWire\Wire->_callMethod('___render', Array) #4 /Users/lars/Dropbox (medo.check)/Privat/Mamp/websites/Schrabergschule/wire/core/Wire.php(399): ProcessWire\WireHooks->runHooks(Object(ProcessWire\TemplateFile), 'render', Array) #5 /Users/lars/Dropbox (medo.check)/Privat/Mamp/websites/Schrabergschule/wire/modules/PageRender.module(514): ProcessWire\Wire->__call('render', Array) #6 [internal function]: ProcessWire\PageRender->___ (Zeile 6 in /Users/lars/Dropbox (medo.check)/Privat/Mamp/websites/Schrabergschule/site/templates/basic-page.php)
2017-02-12 23:33:16	admin	http://localhost:8888/Schrabergschule/kontakt/	Fehler: 	Uncaught Error: Call to a member function login() on null in /Users/lars/Dropbox (medo.check)/Privat/Mamp/websites/Schrabergschule/site/templates/basic-page.php:6 Stack trace: #0 /Users/lars/Dropbox (medo.check)/Privat/Mamp/websites/Schrabergschule/wire/core/TemplateFile.php(268): require() #1 [internal function]: ProcessWire\TemplateFile->___render() #2 /Users/lars/Dropbox (medo.check)/Privat/Mamp/websites/Schrabergschule/wire/core/Wire.php(374): call_user_func_array(Array, Array) #3 /Users/lars/Dropbox (medo.check)/Privat/Mamp/websites/Schrabergschule/wire/core/WireHooks.php(549): ProcessWire\Wire->_callMethod('___render', Array) #4 /Users/lars/Dropbox (medo.check)/Privat/Mamp/websites/Schrabergschule/wire/core/Wire.php(399): ProcessWire\WireHooks->runHooks(Object(ProcessWire\TemplateFile), 'render', Array) #5 /Users/lars/Dropbox (medo.check)/Privat/Mamp/websites/Schrabergschule/wire/modules/PageRender.module(514): ProcessWire\Wire->__call('render', Array) #6 [internal function]: ProcessWire\PageRender->___ (Zeile 6 in /Users/lars/Dropbox (medo.check)/Privat/Mamp/websites/Schrabergschule/site/templates/basic-page.php)
2017-02-12 23:33:20	admin	http://localhost:8888/Schrabergschule/aktuelles/	Fehler: 	Uncaught Error: Call to a member function login() on null in /Users/lars/Dropbox (medo.check)/Privat/Mamp/websites/Schrabergschule/site/templates/basic-page.php:6 Stack trace: #0 /Users/lars/Dropbox (medo.check)/Privat/Mamp/websites/Schrabergschule/wire/core/TemplateFile.php(268): require() #1 [internal function]: ProcessWire\TemplateFile->___render() #2 /Users/lars/Dropbox (medo.check)/Privat/Mamp/websites/Schrabergschule/wire/core/Wire.php(374): call_user_func_array(Array, Array) #3 /Users/lars/Dropbox (medo.check)/Privat/Mamp/websites/Schrabergschule/wire/core/WireHooks.php(549): ProcessWire\Wire->_callMethod('___render', Array) #4 /Users/lars/Dropbox (medo.check)/Privat/Mamp/websites/Schrabergschule/wire/core/Wire.php(399): ProcessWire\WireHooks->runHooks(Object(ProcessWire\TemplateFile), 'render', Array) #5 /Users/lars/Dropbox (medo.check)/Privat/Mamp/websites/Schrabergschule/wire/modules/PageRender.module(514): ProcessWire\Wire->__call('render', Array) #6 [internal function]: ProcessWire\PageRender->___ (Zeile 6 in /Users/lars/Dropbox (medo.check)/Privat/Mamp/websites/Schrabergschule/site/templates/basic-page.php)
2017-02-12 23:33:39	admin	http://localhost:8888/Schrabergschule/kontakt/	Fehler: 	Uncaught Error: Call to a member function login() on null in /Users/lars/Dropbox (medo.check)/Privat/Mamp/websites/Schrabergschule/site/templates/basic-page.php:6 Stack trace: #0 /Users/lars/Dropbox (medo.check)/Privat/Mamp/websites/Schrabergschule/wire/core/TemplateFile.php(268): require() #1 [internal function]: ProcessWire\TemplateFile->___render() #2 /Users/lars/Dropbox (medo.check)/Privat/Mamp/websites/Schrabergschule/wire/core/Wire.php(374): call_user_func_array(Array, Array) #3 /Users/lars/Dropbox (medo.check)/Privat/Mamp/websites/Schrabergschule/wire/core/WireHooks.php(549): ProcessWire\Wire->_callMethod('___render', Array) #4 /Users/lars/Dropbox (medo.check)/Privat/Mamp/websites/Schrabergschule/wire/core/Wire.php(399): ProcessWire\WireHooks->runHooks(Object(ProcessWire\TemplateFile), 'render', Array) #5 /Users/lars/Dropbox (medo.check)/Privat/Mamp/websites/Schrabergschule/wire/modules/PageRender.module(514): ProcessWire\Wire->__call('render', Array) #6 [internal function]: ProcessWire\PageRender->___ (Zeile 6 in /Users/lars/Dropbox (medo.check)/Privat/Mamp/websites/Schrabergschule/site/templates/basic-page.php)
